     1     1   3.7388E+17   1.4523E-02   7.8414E-02   1.3901E-02   0.0000E+00   0.0000E+00
     2     1   2.8450E+17   1.0631E-02   7.3171E-02   1.0476E-02   0.0000E+00   0.0000E+00
     3     1   1.7483E+17   1.0101E-02   6.5297E-02   9.9637E-03   0.0000E+00   0.0000E+00
     4     1   1.1789E+17   1.0398E-02   5.9044E-02   1.0252E-02   0.0000E+00   0.0000E+00
     5     1   8.3677E+16   1.0806E-02   5.2298E-02   1.0602E-02   0.0000E+00   0.0000E+00
     6     1   6.2106E+16   1.1511E-02   4.6084E-02   1.1257E-02   0.0000E+00   0.0000E+00
     7     1   4.5383E+16   1.2331E-02   3.9065E-02   1.2116E-02   0.0000E+00   0.0000E+00
     8     1   3.4000E+16   1.3394E-02   3.3205E-02   1.3269E-02   0.0000E+00   0.0000E+00
     9     1   2.5958E+16   1.4429E-02   2.7765E-02   1.4342E-02   0.0000E+00   0.0000E+00
    10     1   1.9355E+16   1.6120E-02   2.2403E-02   1.5901E-02   0.0000E+00   0.0000E+00
    11     1   1.3516E+16   1.8030E-02   1.6474E-02   1.7520E-02   0.0000E+00   0.0000E+00
    12     1   1.0008E+16   2.8411E-02   1.2652E-02   3.1621E-02   0.0000E+00   0.0000E+00
     1     2   3.8166E+17   1.3140E-02   7.9040E-02   1.2629E-02   0.0000E+00   0.0000E+00
     2     2   2.8614E+17   9.5274E-03   7.3274E-02   9.4389E-03   0.0000E+00   0.0000E+00
     3     2   1.7507E+17   9.2198E-03   6.5610E-02   9.1511E-03   0.0000E+00   0.0000E+00
     4     2   1.1890E+17   9.4063E-03   5.9204E-02   9.3099E-03   0.0000E+00   0.0000E+00
     5     2   8.3833E+16   9.8087E-03   5.2193E-02   9.6743E-03   0.0000E+00   0.0000E+00
     6     2   6.2611E+16   1.0415E-02   4.6649E-02   1.0288E-02   0.0000E+00   0.0000E+00
     7     2   4.6003E+16   1.1066E-02   3.9331E-02   1.0827E-02   0.0000E+00   0.0000E+00
     8     2   3.4464E+16   1.1970E-02   3.3355E-02   1.1826E-02   0.0000E+00   0.0000E+00
     9     2   2.5840E+16   1.2831E-02   2.7891E-02   1.3038E-02   0.0000E+00   0.0000E+00
    10     2   1.9059E+16   1.4276E-02   2.2064E-02   1.4160E-02   0.0000E+00   0.0000E+00
    11     2   1.3282E+16   1.5871E-02   1.6480E-02   1.5662E-02   0.0000E+00   0.0000E+00
    12     2   1.0164E+16   2.7311E-02   1.2690E-02   2.8870E-02   0.0000E+00   0.0000E+00
     1     3   3.7499E+17   1.2587E-02   7.7867E-02   1.2191E-02   0.0000E+00   0.0000E+00
     2     3   2.8375E+17   8.9747E-03   7.2830E-02   8.8701E-03   0.0000E+00   0.0000E+00
     3     3   1.7419E+17   8.8269E-03   6.5336E-02   8.7234E-03   0.0000E+00   0.0000E+00
     4     3   1.1695E+17   9.1055E-03   5.8252E-02   8.9938E-03   0.0000E+00   0.0000E+00
     5     3   8.2840E+16   9.4926E-03   5.1933E-02   9.3707E-03   0.0000E+00   0.0000E+00
     6     3   6.1487E+16   1.0029E-02   4.5846E-02   9.9448E-03   0.0000E+00   0.0000E+00
     7     3   4.5934E+16   1.0721E-02   3.9510E-02   1.0492E-02   0.0000E+00   0.0000E+00
     8     3   3.4476E+16   1.1536E-02   3.3600E-02   1.1427E-02   0.0000E+00   0.0000E+00
     9     3   2.5879E+16   1.2461E-02   2.7992E-02   1.2437E-02   0.0000E+00   0.0000E+00
    10     3   1.9469E+16   1.3777E-02   2.2367E-02   1.3696E-02   0.0000E+00   0.0000E+00
    11     3   1.3720E+16   1.5532E-02   1.6954E-02   1.5547E-02   0.0000E+00   0.0000E+00
    12     3   1.0058E+16   2.6453E-02   1.2494E-02   2.5908E-02   0.0000E+00   0.0000E+00
     1     4   3.7787E+17   1.2541E-02   7.7942E-02   1.1996E-02   0.0000E+00   0.0000E+00
     2     4   2.8274E+17   8.6601E-03   7.2507E-02   8.5308E-03   0.0000E+00   0.0000E+00
     3     4   1.7414E+17   8.5758E-03   6.4929E-02   8.4351E-03   0.0000E+00   0.0000E+00
     4     4   1.1781E+17   8.8405E-03   5.9045E-02   8.7251E-03   0.0000E+00   0.0000E+00
     5     4   8.3682E+16   9.2949E-03   5.2120E-02   9.1675E-03   0.0000E+00   0.0000E+00
     6     4   6.1850E+16   9.8831E-03   4.6020E-02   9.6399E-03   0.0000E+00   0.0000E+00
     7     4   4.5481E+16   1.0504E-02   3.9075E-02   1.0294E-02   0.0000E+00   0.0000E+00
     8     4   3.4126E+16   1.1260E-02   3.3117E-02   1.1145E-02   0.0000E+00   0.0000E+00
     9     4   2.5400E+16   1.2283E-02   2.7893E-02   1.2263E-02   0.0000E+00   0.0000E+00
    10     4   1.9142E+16   1.3479E-02   2.2321E-02   1.3137E-02   0.0000E+00   0.0000E+00
    11     4   1.3248E+16   1.5512E-02   1.6487E-02   1.5175E-02   0.0000E+00   0.0000E+00
    12     4   9.8328E+15   2.5590E-02   1.2354E-02   2.7837E-02   0.0000E+00   0.0000E+00
     1     5   3.7617E+17   1.2293E-02   7.8110E-02   1.1790E-02   0.0000E+00   0.0000E+00
     2     5   2.8177E+17   8.4834E-03   7.2105E-02   8.4056E-03   0.0000E+00   0.0000E+00
     3     5   1.7376E+17   8.3658E-03   6.5215E-02   8.2082E-03   0.0000E+00   0.0000E+00
     4     5   1.1586E+17   8.6819E-03   5.7890E-02   8.4849E-03   0.0000E+00   0.0000E+00
     5     5   8.4364E+16   9.0727E-03   5.2538E-02   8.9700E-03   0.0000E+00   0.0000E+00
     6     5   6.1504E+16   9.5960E-03   4.5715E-02   9.4224E-03   0.0000E+00   0.0000E+00
     7     5   4.5607E+16   1.0360E-02   3.9195E-02   1.0126E-02   0.0000E+00   0.0000E+00
     8     5   3.5128E+16   1.1198E-02   3.3939E-02   1.0882E-02   0.0000E+00   0.0000E+00
     9     5   2.6290E+16   1.2346E-02   2.8117E-02   1.1993E-02   0.0000E+00   0.0000E+00
    10     5   1.9517E+16   1.3544E-02   2.2420E-02   1.3073E-02   0.0000E+00   0.0000E+00
    11     5   1.3183E+16   1.4749E-02   1.6008E-02   1.4791E-02   0.0000E+00   0.0000E+00
    12     5   1.0035E+16   2.7044E-02   1.2707E-02   2.6967E-02   0.0000E+00   0.0000E+00
     1     6   3.7403E+17   1.2248E-02   7.7990E-02   1.1755E-02   0.0000E+00   0.0000E+00
     2     6   2.8219E+17   8.3733E-03   7.2340E-02   8.2400E-03   0.0000E+00   0.0000E+00
     3     6   1.7198E+17   8.2582E-03   6.4443E-02   8.1650E-03   0.0000E+00   0.0000E+00
     4     6   1.1491E+17   8.4697E-03   5.8099E-02   8.3473E-03   0.0000E+00   0.0000E+00
     5     6   8.3750E+16   8.9229E-03   5.2289E-02   8.7489E-03   0.0000E+00   0.0000E+00
     6     6   6.0864E+16   9.4491E-03   4.5513E-02   9.3017E-03   0.0000E+00   0.0000E+00
     7     6   4.5335E+16   1.0192E-02   3.9388E-02   1.0153E-02   0.0000E+00   0.0000E+00
     8     6   3.5135E+16   1.0950E-02   3.4244E-02   1.0742E-02   0.0000E+00   0.0000E+00
     9     6   2.6288E+16   1.2081E-02   2.8172E-02   1.1734E-02   0.0000E+00   0.0000E+00
    10     6   1.9299E+16   1.3530E-02   2.2461E-02   1.3512E-02   0.0000E+00   0.0000E+00
    11     6   1.3346E+16   1.4675E-02   1.6355E-02   1.4529E-02   0.0000E+00   0.0000E+00
    12     6   9.9739E+15   2.6881E-02   1.2361E-02   2.6345E-02   0.0000E+00   0.0000E+00
     1     7   3.7550E+17   1.2176E-02   7.7557E-02   1.1701E-02   0.0000E+00   0.0000E+00
     2     7   2.8154E+17   8.2460E-03   7.1996E-02   8.0903E-03   0.0000E+00   0.0000E+00
     3     7   1.7340E+17   8.1055E-03   6.4866E-02   7.9340E-03   0.0000E+00   0.0000E+00
     4     7   1.1613E+17   8.4364E-03   5.8425E-02   8.2923E-03   0.0000E+00   0.0000E+00
     5     7   8.3245E+16   8.9120E-03   5.2220E-02   8.7058E-03   0.0000E+00   0.0000E+00
     6     7   6.1106E+16   9.4622E-03   4.5702E-02   9.3096E-03   0.0000E+00   0.0000E+00
     7     7   4.5570E+16   1.0097E-02   3.9594E-02   9.9106E-03   0.0000E+00   0.0000E+00
     8     7   3.4320E+16   1.0916E-02   3.3590E-02   1.0781E-02   0.0000E+00   0.0000E+00
     9     7   2.6004E+16   1.1894E-02   2.7837E-02   1.1526E-02   0.0000E+00   0.0000E+00
    10     7   1.9349E+16   1.3039E-02   2.2584E-02   1.2818E-02   0.0000E+00   0.0000E+00
    11     7   1.3660E+16   1.4905E-02   1.6757E-02   1.4552E-02   0.0000E+00   0.0000E+00
    12     7   9.8478E+15   2.5787E-02   1.2499E-02   2.7838E-02   0.0000E+00   0.0000E+00
     1     8   3.6987E+17   1.2120E-02   7.7320E-02   1.1678E-02   0.0000E+00   0.0000E+00
     2     8   2.8087E+17   8.1261E-03   7.2081E-02   7.9933E-03   0.0000E+00   0.0000E+00
     3     8   1.7350E+17   7.9387E-03   6.4785E-02   7.8103E-03   0.0000E+00   0.0000E+00
     4     8   1.1711E+17   8.3527E-03   5.8754E-02   8.1553E-03   0.0000E+00   0.0000E+00
     5     8   8.2829E+16   8.8498E-03   5.2038E-02   8.6732E-03   0.0000E+00   0.0000E+00
     6     8   6.0395E+16   9.3903E-03   4.5306E-02   9.1954E-03   0.0000E+00   0.0000E+00
     7     8   4.5637E+16   9.9805E-03   3.9280E-02   9.7041E-03   0.0000E+00   0.0000E+00
     8     8   3.4749E+16   1.0973E-02   3.3496E-02   1.0548E-02   0.0000E+00   0.0000E+00
     9     8   2.6374E+16   1.1888E-02   2.8080E-02   1.1566E-02   0.0000E+00   0.0000E+00
    10     8   1.9297E+16   1.2834E-02   2.2688E-02   1.2631E-02   0.0000E+00   0.0000E+00
    11     8   1.3537E+16   1.4828E-02   1.6585E-02   1.4337E-02   0.0000E+00   0.0000E+00
    12     8   9.9893E+15   2.5673E-02   1.2190E-02   2.6328E-02   0.0000E+00   0.0000E+00
     1     9   3.7363E+17   1.2261E-02   7.7096E-02   1.1717E-02   0.0000E+00   0.0000E+00
     2     9   2.8073E+17   8.0559E-03   7.1921E-02   7.9315E-03   0.0000E+00   0.0000E+00
     3     9   1.7284E+17   7.9358E-03   6.4745E-02   7.7659E-03   0.0000E+00   0.0000E+00
     4     9   1.1602E+17   8.2554E-03   5.8773E-02   8.1110E-03   0.0000E+00   0.0000E+00
     5     9   8.2691E+16   8.7313E-03   5.2034E-02   8.5536E-03   0.0000E+00   0.0000E+00
     6     9   6.0153E+16   9.3558E-03   4.5128E-02   9.1602E-03   0.0000E+00   0.0000E+00
     7     9   4.5719E+16   1.0024E-02   3.9395E-02   9.9121E-03   0.0000E+00   0.0000E+00
     8     9   3.4614E+16   1.0925E-02   3.3309E-02   1.0659E-02   0.0000E+00   0.0000E+00
     9     9   2.6199E+16   1.1957E-02   2.8162E-02   1.1833E-02   0.0000E+00   0.0000E+00
    10     9   1.9487E+16   1.3079E-02   2.2977E-02   1.3079E-02   0.0000E+00   0.0000E+00
    11     9   1.3713E+16   1.4737E-02   1.6846E-02   1.4760E-02   0.0000E+00   0.0000E+00
    12     9   1.0015E+16   2.4689E-02   1.2385E-02   2.6487E-02   0.0000E+00   0.0000E+00
     1    10   3.7644E+17   1.2105E-02   7.7656E-02   1.1641E-02   0.0000E+00   0.0000E+00
     2    10   2.8040E+17   8.0328E-03   7.1904E-02   7.8504E-03   0.0000E+00   0.0000E+00
     3    10   1.7474E+17   7.8913E-03   6.5280E-02   7.7399E-03   0.0000E+00   0.0000E+00
     4    10   1.1589E+17   8.2001E-03   5.8810E-02   8.0041E-03   0.0000E+00   0.0000E+00
     5    10   8.3206E+16   8.7520E-03   5.2160E-02   8.5533E-03   0.0000E+00   0.0000E+00
     6    10   6.0549E+16   9.2887E-03   4.5195E-02   9.0427E-03   0.0000E+00   0.0000E+00
     7    10   4.5604E+16   1.0048E-02   3.8904E-02   9.6922E-03   0.0000E+00   0.0000E+00
     8    10   3.4636E+16   1.0867E-02   3.3494E-02   1.0682E-02   0.0000E+00   0.0000E+00
     9    10   2.6300E+16   1.2000E-02   2.8200E-02   1.1783E-02   0.0000E+00   0.0000E+00
    10    10   1.9060E+16   1.2977E-02   2.2279E-02   1.2563E-02   0.0000E+00   0.0000E+00
    11    10   1.3356E+16   1.4634E-02   1.6539E-02   1.4329E-02   0.0000E+00   0.0000E+00
    12    10   1.0141E+16   2.5153E-02   1.2899E-02   2.5922E-02   0.0000E+00   0.0000E+00
     1    11   3.7278E+17   1.2147E-02   7.7389E-02   1.1546E-02   0.0000E+00   0.0000E+00
     2    11   2.8206E+17   7.9099E-03   7.2031E-02   7.8052E-03   0.0000E+00   0.0000E+00
     3    11   1.7433E+17   7.8055E-03   6.5170E-02   7.6832E-03   0.0000E+00   0.0000E+00
     4    11   1.1665E+17   8.1542E-03   5.8902E-02   7.9777E-03   0.0000E+00   0.0000E+00
     5    11   8.2764E+16   8.6078E-03   5.1996E-02   8.4721E-03   0.0000E+00   0.0000E+00
     6    11   6.0706E+16   9.2117E-03   4.5784E-02   8.9722E-03   0.0000E+00   0.0000E+00
     7    11   4.5644E+16   9.9049E-03   3.9578E-02   9.8467E-03   0.0000E+00   0.0000E+00
     8    11   3.4433E+16   1.0832E-02   3.3177E-02   1.0648E-02   0.0000E+00   0.0000E+00
     9    11   2.6286E+16   1.1736E-02   2.8110E-02   1.1654E-02   0.0000E+00   0.0000E+00
    10    11   1.9124E+16   1.2999E-02   2.2244E-02   1.2812E-02   0.0000E+00   0.0000E+00
    11    11   1.3561E+16   1.4833E-02   1.6597E-02   1.4389E-02   0.0000E+00   0.0000E+00
    12    11   1.0376E+16   2.4507E-02   1.3428E-02   2.5735E-02   0.0000E+00   0.0000E+00
     1    12   3.7681E+17   1.1978E-02   7.7840E-02   1.1506E-02   0.0000E+00   0.0000E+00
     2    12   2.8516E+17   7.9146E-03   7.2772E-02   7.7535E-03   0.0000E+00   0.0000E+00
     3    12   1.7358E+17   7.8111E-03   6.5236E-02   7.6619E-03   0.0000E+00   0.0000E+00
     4    12   1.1696E+17   8.1249E-03   5.8701E-02   7.9615E-03   0.0000E+00   0.0000E+00
     5    12   8.3412E+16   8.6474E-03   5.2800E-02   8.5003E-03   0.0000E+00   0.0000E+00
     6    12   6.1143E+16   9.1772E-03   4.5802E-02   9.0114E-03   0.0000E+00   0.0000E+00
     7    12   4.6102E+16   1.0022E-02   3.9458E-02   9.7560E-03   0.0000E+00   0.0000E+00
     8    12   3.4468E+16   1.0956E-02   3.3245E-02   1.0594E-02   0.0000E+00   0.0000E+00
     9    12   2.6255E+16   1.1704E-02   2.8065E-02   1.1786E-02   0.0000E+00   0.0000E+00
    10    12   1.9490E+16   1.2948E-02   2.2594E-02   1.2856E-02   0.0000E+00   0.0000E+00
    11    12   1.3619E+16   1.4701E-02   1.6554E-02   1.4379E-02   0.0000E+00   0.0000E+00
    12    12   9.9196E+15   2.5593E-02   1.2719E-02   2.6926E-02   0.0000E+00   0.0000E+00
     1    13   3.8279E+17   1.2030E-02   7.9466E-02   1.1501E-02   0.0000E+00   0.0000E+00
     2    13   2.8630E+17   7.9714E-03   7.3461E-02   7.8167E-03   0.0000E+00   0.0000E+00
     3    13   1.7695E+17   7.8496E-03   6.6133E-02   7.7176E-03   0.0000E+00   0.0000E+00
     4    13   1.1754E+17   8.1624E-03   5.8990E-02   8.0104E-03   0.0000E+00   0.0000E+00
     5    13   8.3931E+16   8.5554E-03   5.2673E-02   8.3913E-03   0.0000E+00   0.0000E+00
     6    13   6.1182E+16   9.2735E-03   4.5601E-02   9.0382E-03   0.0000E+00   0.0000E+00
     7    13   4.5938E+16   1.0121E-02   3.9598E-02   9.9078E-03   0.0000E+00   0.0000E+00
     8    13   3.4968E+16   1.0824E-02   3.3767E-02   1.0454E-02   0.0000E+00   0.0000E+00
     9    13   2.6486E+16   1.1781E-02   2.8284E-02   1.1544E-02   0.0000E+00   0.0000E+00
    10    13   1.9516E+16   1.3057E-02   2.2575E-02   1.2782E-02   0.0000E+00   0.0000E+00
    11    13   1.3451E+16   1.4542E-02   1.6717E-02   1.4496E-02   0.0000E+00   0.0000E+00
    12    13   1.0182E+16   2.6223E-02   1.2688E-02   2.6890E-02   0.0000E+00   0.0000E+00
     1    14   3.8146E+17   1.1925E-02   7.9586E-02   1.1323E-02   0.0000E+00   0.0000E+00
     2    14   2.8515E+17   7.8969E-03   7.3290E-02   7.7418E-03   0.0000E+00   0.0000E+00
     3    14   1.7624E+17   7.7905E-03   6.5936E-02   7.6607E-03   0.0000E+00   0.0000E+00
     4    14   1.1730E+17   8.0838E-03   5.8865E-02   7.9153E-03   0.0000E+00   0.0000E+00
     5    14   8.5018E+16   8.6974E-03   5.2998E-02   8.4740E-03   0.0000E+00   0.0000E+00
     6    14   6.1750E+16   9.2478E-03   4.6139E-02   9.0717E-03   0.0000E+00   0.0000E+00
     7    14   4.6245E+16   9.9880E-03   3.9617E-02   9.6823E-03   0.0000E+00   0.0000E+00
     8    14   3.4922E+16   1.0851E-02   3.3579E-02   1.0514E-02   0.0000E+00   0.0000E+00
     9    14   2.6211E+16   1.2022E-02   2.7956E-02   1.1644E-02   0.0000E+00   0.0000E+00
    10    14   1.9031E+16   1.3327E-02   2.2084E-02   1.2917E-02   0.0000E+00   0.0000E+00
    11    14   1.3304E+16   1.4818E-02   1.6302E-02   1.4479E-02   0.0000E+00   0.0000E+00
    12    14   9.9371E+15   2.4903E-02   1.2788E-02   2.8521E-02   0.0000E+00   0.0000E+00
     1    15   3.8539E+17   1.1898E-02   8.0407E-02   1.1343E-02   0.0000E+00   0.0000E+00
     2    15   2.9002E+17   7.8804E-03   7.4245E-02   7.7400E-03   0.0000E+00   0.0000E+00
     3    15   1.7674E+17   7.8408E-03   6.5555E-02   7.6713E-03   0.0000E+00   0.0000E+00
     4    15   1.1665E+17   8.1123E-03   5.8531E-02   7.9870E-03   0.0000E+00   0.0000E+00
     5    15   8.3066E+16   8.6954E-03   5.2157E-02   8.4959E-03   0.0000E+00   0.0000E+00
     6    15   6.1504E+16   9.3077E-03   4.6321E-02   9.1051E-03   0.0000E+00   0.0000E+00
     7    15   4.6537E+16   9.9735E-03   3.9884E-02   9.8222E-03   0.0000E+00   0.0000E+00
     8    15   3.5301E+16   1.0721E-02   3.4311E-02   1.0407E-02   0.0000E+00   0.0000E+00
     9    15   2.6203E+16   1.1884E-02   2.8147E-02   1.1768E-02   0.0000E+00   0.0000E+00
    10    15   1.9204E+16   1.3191E-02   2.2313E-02   1.3042E-02   0.0000E+00   0.0000E+00
    11    15   1.3295E+16   1.4908E-02   1.6443E-02   1.4376E-02   0.0000E+00   0.0000E+00
    12    15   9.9782E+15   2.5495E-02   1.2612E-02   2.8283E-02   0.0000E+00   0.0000E+00
     1    16   3.8424E+17   1.1949E-02   7.9377E-02   1.1396E-02   0.0000E+00   0.0000E+00
     2    16   2.8772E+17   7.9687E-03   7.3997E-02   7.8305E-03   0.0000E+00   0.0000E+00
     3    16   1.7611E+17   7.9213E-03   6.5897E-02   7.7703E-03   0.0000E+00   0.0000E+00
     4    16   1.1680E+17   8.1947E-03   5.8722E-02   8.0395E-03   0.0000E+00   0.0000E+00
     5    16   8.2819E+16   8.7661E-03   5.1916E-02   8.5857E-03   0.0000E+00   0.0000E+00
     6    16   6.1572E+16   9.3188E-03   4.5962E-02   9.0795E-03   0.0000E+00   0.0000E+00
     7    16   4.6587E+16   1.0091E-02   3.9507E-02   9.8005E-03   0.0000E+00   0.0000E+00
     8    16   3.5279E+16   1.0732E-02   3.4020E-02   1.0522E-02   0.0000E+00   0.0000E+00
     9    16   2.6142E+16   1.1946E-02   2.7915E-02   1.1619E-02   0.0000E+00   0.0000E+00
    10    16   1.9242E+16   1.3129E-02   2.2212E-02   1.2710E-02   0.0000E+00   0.0000E+00
    11    16   1.3191E+16   1.4770E-02   1.6364E-02   1.4416E-02   0.0000E+00   0.0000E+00
    12    16   1.0565E+16   4.1094E-02   1.3177E-02   2.8003E-02   0.0000E+00   0.0000E+00
     1    17   3.7719E+17   1.2070E-02   7.8630E-02   1.1602E-02   0.0000E+00   0.0000E+00
     2    17   2.8584E+17   8.0482E-03   7.3593E-02   7.9096E-03   0.0000E+00   0.0000E+00
     3    17   1.7564E+17   7.9393E-03   6.5676E-02   7.8326E-03   0.0000E+00   0.0000E+00
     4    17   1.1602E+17   8.2371E-03   5.8578E-02   8.1448E-03   0.0000E+00   0.0000E+00
     5    17   8.3050E+16   8.7920E-03   5.2063E-02   8.6331E-03   0.0000E+00   0.0000E+00
     6    17   6.1253E+16   9.4381E-03   4.5930E-02   9.2514E-03   0.0000E+00   0.0000E+00
     7    17   4.6587E+16   1.0047E-02   3.9802E-02   9.8328E-03   0.0000E+00   0.0000E+00
     8    17   3.4965E+16   1.0936E-02   3.3783E-02   1.0778E-02   0.0000E+00   0.0000E+00
     9    17   2.6378E+16   1.1908E-02   2.8036E-02   1.1631E-02   0.0000E+00   0.0000E+00
    10    17   1.9781E+16   1.3293E-02   2.2545E-02   1.2578E-02   0.0000E+00   0.0000E+00
    11    17   1.3335E+16   1.4413E-02   1.6622E-02   1.4351E-02   0.0000E+00   0.0000E+00
    12    17   1.0408E+16   4.1035E-02   1.2705E-02   2.6202E-02   0.0000E+00   0.0000E+00
     1    18   3.8677E+17   1.2211E-02   8.0169E-02   1.1712E-02   0.0000E+00   0.0000E+00
     2    18   2.8734E+17   8.1894E-03   7.3655E-02   8.0725E-03   0.0000E+00   0.0000E+00
     3    18   1.7540E+17   8.0403E-03   6.5685E-02   7.9063E-03   0.0000E+00   0.0000E+00
     4    18   1.1636E+17   8.3829E-03   5.8467E-02   8.2526E-03   0.0000E+00   0.0000E+00
     5    18   8.3623E+16   8.9006E-03   5.1903E-02   8.7031E-03   0.0000E+00   0.0000E+00
     6    18   6.0900E+16   9.3281E-03   4.5574E-02   9.1830E-03   0.0000E+00   0.0000E+00
     7    18   4.6212E+16   1.0149E-02   3.9267E-02   9.9225E-03   0.0000E+00   0.0000E+00
     8    18   3.5087E+16   1.0936E-02   3.3749E-02   1.0546E-02   0.0000E+00   0.0000E+00
     9    18   2.5980E+16   1.1832E-02   2.7800E-02   1.1642E-02   0.0000E+00   0.0000E+00
    10    18   1.9915E+16   1.3395E-02   2.2927E-02   1.3219E-02   0.0000E+00   0.0000E+00
    11    18   1.3451E+16   1.4897E-02   1.6468E-02   1.4381E-02   0.0000E+00   0.0000E+00
    12    18   1.0455E+16   2.7292E-02   1.2723E-02   2.5681E-02   0.0000E+00   0.0000E+00
     1    19   3.8596E+17   1.2087E-02   7.9239E-02   1.1622E-02   0.0000E+00   0.0000E+00
     2    19   2.8800E+17   8.2194E-03   7.4027E-02   8.1042E-03   0.0000E+00   0.0000E+00
     3    19   1.7594E+17   8.1796E-03   6.6034E-02   8.0419E-03   0.0000E+00   0.0000E+00
     4    19   1.1708E+17   8.4663E-03   5.8573E-02   8.3007E-03   0.0000E+00   0.0000E+00
     5    19   8.3197E+16   9.0439E-03   5.1916E-02   8.8906E-03   0.0000E+00   0.0000E+00
     6    19   6.0262E+16   9.6013E-03   4.5196E-02   9.3993E-03   0.0000E+00   0.0000E+00
     7    19   4.6039E+16   1.0128E-02   3.9672E-02   9.9256E-03   0.0000E+00   0.0000E+00
     8    19   3.5021E+16   1.1119E-02   3.3581E-02   1.0803E-02   0.0000E+00   0.0000E+00
     9    19   2.5868E+16   1.1931E-02   2.7634E-02   1.1615E-02   0.0000E+00   0.0000E+00
    10    19   1.9154E+16   1.3180E-02   2.1973E-02   1.3013E-02   0.0000E+00   0.0000E+00
    11    19   1.3373E+16   1.5064E-02   1.6456E-02   1.5157E-02   0.0000E+00   0.0000E+00
    12    19   9.8246E+15   2.5158E-02   1.2615E-02   2.6538E-02   0.0000E+00   0.0000E+00
     1    20   3.8841E+17   1.2174E-02   8.1464E-02   1.1710E-02   0.0000E+00   0.0000E+00
     2    20   2.8864E+17   8.3850E-03   7.4135E-02   8.2656E-03   0.0000E+00   0.0000E+00
     3    20   1.7810E+17   8.2959E-03   6.6517E-02   8.1880E-03   0.0000E+00   0.0000E+00
     4    20   1.1699E+17   8.6281E-03   5.8710E-02   8.4768E-03   0.0000E+00   0.0000E+00
     5    20   8.2887E+16   9.1351E-03   5.1596E-02   8.9543E-03   0.0000E+00   0.0000E+00
     6    20   6.0655E+16   9.6469E-03   4.5224E-02   9.4619E-03   0.0000E+00   0.0000E+00
     7    20   4.5857E+16   1.0299E-02   3.9300E-02   1.0160E-02   0.0000E+00   0.0000E+00
     8    20   3.5371E+16   1.1022E-02   3.3892E-02   1.0725E-02   0.0000E+00   0.0000E+00
     9    20   2.6105E+16   1.2154E-02   2.8016E-02   1.1789E-02   0.0000E+00   0.0000E+00
    10    20   1.9153E+16   1.3326E-02   2.2293E-02   1.3089E-02   0.0000E+00   0.0000E+00
    11    20   1.3447E+16   1.5080E-02   1.6426E-02   1.4544E-02   0.0000E+00   0.0000E+00
    12    20   1.0341E+16   2.5560E-02   1.3286E-02   2.9444E-02   0.0000E+00   0.0000E+00
     1    21   3.8402E+17   1.2397E-02   8.0192E-02   1.1972E-02   0.0000E+00   0.0000E+00
     2    21   2.8823E+17   8.6188E-03   7.3946E-02   8.4802E-03   0.0000E+00   0.0000E+00
     3    21   1.7569E+17   8.5039E-03   6.5857E-02   8.3948E-03   0.0000E+00   0.0000E+00
     4    21   1.1772E+17   8.8158E-03   5.8892E-02   8.6925E-03   0.0000E+00   0.0000E+00
     5    21   8.4075E+16   9.2661E-03   5.2263E-02   9.0321E-03   0.0000E+00   0.0000E+00
     6    21   6.1232E+16   9.8903E-03   4.5659E-02   9.7228E-03   0.0000E+00   0.0000E+00
     7    21   4.5459E+16   1.0316E-02   3.8937E-02   1.0276E-02   0.0000E+00   0.0000E+00
     8    21   3.4922E+16   1.1155E-02   3.3749E-02   1.1003E-02   0.0000E+00   0.0000E+00
     9    21   2.6431E+16   1.2583E-02   2.8141E-02   1.2364E-02   0.0000E+00   0.0000E+00
    10    21   1.9423E+16   1.3662E-02   2.2453E-02   1.3209E-02   0.0000E+00   0.0000E+00
    11    21   1.3211E+16   1.5157E-02   1.6351E-02   1.5110E-02   0.0000E+00   0.0000E+00
    12    21   9.6077E+15   2.6133E-02   1.2395E-02   2.6937E-02   0.0000E+00   0.0000E+00
     1    22   3.7040E+17   1.2603E-02   7.6919E-02   1.2162E-02   0.0000E+00   0.0000E+00
     2    22   2.8555E+17   8.9993E-03   7.3041E-02   8.8478E-03   0.0000E+00   0.0000E+00
     3    22   1.7442E+17   8.7966E-03   6.5420E-02   8.6820E-03   0.0000E+00   0.0000E+00
     4    22   1.1727E+17   9.0215E-03   5.9109E-02   8.9231E-03   0.0000E+00   0.0000E+00
     5    22   8.4101E+16   9.4089E-03   5.2915E-02   9.2350E-03   0.0000E+00   0.0000E+00
     6    22   6.0756E+16   1.0041E-02   4.5092E-02   9.8422E-03   0.0000E+00   0.0000E+00
     7    22   4.5540E+16   1.0688E-02   3.8861E-02   1.0518E-02   0.0000E+00   0.0000E+00
     8    22   3.5024E+16   1.1417E-02   3.3974E-02   1.1641E-02   0.0000E+00   0.0000E+00
     9    22   2.6755E+16   1.2585E-02   2.8354E-02   1.2328E-02   0.0000E+00   0.0000E+00
    10    22   1.8978E+16   1.3699E-02   2.2301E-02   1.3670E-02   0.0000E+00   0.0000E+00
    11    22   1.3425E+16   1.4973E-02   1.6572E-02   1.4912E-02   0.0000E+00   0.0000E+00
    12    22   1.0047E+16   2.5387E-02   1.2692E-02   2.6781E-02   0.0000E+00   0.0000E+00
     1    23   3.7527E+17   1.3241E-02   7.8171E-02   1.2828E-02   0.0000E+00   0.0000E+00
     2    23   2.8569E+17   9.5649E-03   7.3474E-02   9.4262E-03   0.0000E+00   0.0000E+00
     3    23   1.7469E+17   9.2578E-03   6.5333E-02   9.1151E-03   0.0000E+00   0.0000E+00
     4    23   1.1749E+17   9.3786E-03   5.9292E-02   9.3112E-03   0.0000E+00   0.0000E+00
     5    23   8.3964E+16   9.7476E-03   5.2929E-02   9.6357E-03   0.0000E+00   0.0000E+00
     6    23   6.2291E+16   1.0411E-02   4.5997E-02   1.0238E-02   0.0000E+00   0.0000E+00
     7    23   4.5847E+16   1.1114E-02   3.9353E-02   1.1115E-02   0.0000E+00   0.0000E+00
     8    23   3.4659E+16   1.1920E-02   3.3690E-02   1.1889E-02   0.0000E+00   0.0000E+00
     9    23   2.6362E+16   1.2932E-02   2.7952E-02   1.2710E-02   0.0000E+00   0.0000E+00
    10    23   1.9518E+16   1.4377E-02   2.2895E-02   1.4306E-02   0.0000E+00   0.0000E+00
    11    23   1.3320E+16   1.5846E-02   1.6515E-02   1.5601E-02   0.0000E+00   0.0000E+00
    12    23   9.8322E+15   2.5900E-02   1.2695E-02   2.7423E-02   0.0000E+00   0.0000E+00
     1    24   3.8060E+17   1.4543E-02   7.8903E-02   1.3982E-02   0.0000E+00   0.0000E+00
     2    24   2.8620E+17   1.0520E-02   7.3710E-02   1.0322E-02   0.0000E+00   0.0000E+00
     3    24   1.7391E+17   1.0118E-02   6.5431E-02   9.9372E-03   0.0000E+00   0.0000E+00
     4    24   1.1811E+17   1.0302E-02   5.9754E-02   1.0120E-02   0.0000E+00   0.0000E+00
     5    24   8.4577E+16   1.0771E-02   5.3544E-02   1.0648E-02   0.0000E+00   0.0000E+00
     6    24   6.2445E+16   1.1564E-02   4.6759E-02   1.1417E-02   0.0000E+00   0.0000E+00
     7    24   4.6181E+16   1.2460E-02   3.9791E-02   1.2099E-02   0.0000E+00   0.0000E+00
     8    24   3.4610E+16   1.3361E-02   3.3443E-02   1.3124E-02   0.0000E+00   0.0000E+00
     9    24   2.6677E+16   1.4238E-02   2.8321E-02   1.4108E-02   0.0000E+00   0.0000E+00
    10    24   1.9553E+16   1.5940E-02   2.2888E-02   1.5693E-02   0.0000E+00   0.0000E+00
    11    24   1.3549E+16   1.7576E-02   1.6779E-02   1.7530E-02   0.0000E+00   0.0000E+00
    12    24   9.9290E+15   2.7510E-02   1.2494E-02   2.8239E-02   0.0000E+00   0.0000E+00
