     1     1   3.6623E+17   4.5847E-02   7.6653E-02   4.4470E-02   0.0000E+00   0.0000E+00
     2     1   2.9253E+17   3.4397E-02   7.5367E-02   3.3933E-02   0.0000E+00   0.0000E+00
     3     1   1.7481E+17   3.1742E-02   6.7095E-02   3.1154E-02   0.0000E+00   0.0000E+00
     4     1   1.2232E+17   3.1288E-02   6.2470E-02   3.1181E-02   0.0000E+00   0.0000E+00
     5     1   8.6702E+16   3.3929E-02   5.3428E-02   3.2653E-02   0.0000E+00   0.0000E+00
     6     1   6.2441E+16   3.7217E-02   4.5806E-02   3.5523E-02   0.0000E+00   0.0000E+00
     7     1   4.3418E+16   4.1055E-02   3.7190E-02   3.8574E-02   0.0000E+00   0.0000E+00
     8     1   3.4637E+16   4.1083E-02   3.3587E-02   4.1453E-02   0.0000E+00   0.0000E+00
     9     1   2.6234E+16   4.6231E-02   2.7858E-02   4.5293E-02   0.0000E+00   0.0000E+00
    10     1   1.8205E+16   5.0938E-02   2.1681E-02   5.0511E-02   0.0000E+00   0.0000E+00
    11     1   1.3450E+16   5.9300E-02   1.6473E-02   5.5269E-02   0.0000E+00   0.0000E+00
    12     1   9.5689E+15   9.9284E-02   1.2863E-02   1.1344E-01   0.0000E+00   0.0000E+00
     1     2   4.0801E+17   4.0910E-02   8.3171E-02   3.9392E-02   0.0000E+00   0.0000E+00
     2     2   2.9269E+17   3.0605E-02   7.4831E-02   3.0130E-02   0.0000E+00   0.0000E+00
     3     2   1.7756E+17   2.9534E-02   6.6862E-02   2.9042E-02   0.0000E+00   0.0000E+00
     4     2   1.2060E+17   2.9039E-02   6.0446E-02   2.8790E-02   0.0000E+00   0.0000E+00
     5     2   8.4645E+16   3.0753E-02   5.2867E-02   3.0888E-02   0.0000E+00   0.0000E+00
     6     2   6.2922E+16   3.5070E-02   4.6252E-02   3.3880E-02   0.0000E+00   0.0000E+00
     7     2   4.4707E+16   3.6220E-02   3.8762E-02   3.4042E-02   0.0000E+00   0.0000E+00
     8     2   3.5609E+16   3.7693E-02   3.4280E-02   3.6825E-02   0.0000E+00   0.0000E+00
     9     2   2.5863E+16   4.0936E-02   2.8056E-02   4.2966E-02   0.0000E+00   0.0000E+00
    10     2   1.7475E+16   4.3580E-02   2.0784E-02   4.3710E-02   0.0000E+00   0.0000E+00
    11     2   1.2424E+16   4.9087E-02   1.6475E-02   4.8895E-02   0.0000E+00   0.0000E+00
    12     2   9.2158E+15   8.6071E-02   1.1981E-02   8.5464E-02   0.0000E+00   0.0000E+00
     1     3   3.8148E+17   4.0436E-02   7.9090E-02   3.7690E-02   0.0000E+00   0.0000E+00
     2     3   2.8934E+17   2.8063E-02   7.3741E-02   2.7688E-02   0.0000E+00   0.0000E+00
     3     3   1.7171E+17   2.8187E-02   6.5250E-02   2.7862E-02   0.0000E+00   0.0000E+00
     4     3   1.1909E+17   2.9220E-02   5.9891E-02   2.9241E-02   0.0000E+00   0.0000E+00
     5     3   8.2976E+16   3.0663E-02   5.1118E-02   2.9594E-02   0.0000E+00   0.0000E+00
     6     3   6.1851E+16   3.1526E-02   4.5696E-02   3.0863E-02   0.0000E+00   0.0000E+00
     7     3   4.5623E+16   3.4257E-02   3.9488E-02   3.3228E-02   0.0000E+00   0.0000E+00
     8     3   3.4998E+16   3.6028E-02   3.4751E-02   3.6057E-02   0.0000E+00   0.0000E+00
     9     3   2.4779E+16   4.0384E-02   2.6829E-02   4.2798E-02   0.0000E+00   0.0000E+00
    10     3   1.7241E+16   4.3536E-02   2.0346E-02   4.3395E-02   0.0000E+00   0.0000E+00
    11     3   1.2732E+16   4.8934E-02   1.6335E-02   4.8978E-02   0.0000E+00   0.0000E+00
    12     3   9.2303E+15   7.8915E-02   1.1609E-02   7.9146E-02   0.0000E+00   0.0000E+00
     1     4   3.8429E+17   3.8883E-02   7.9973E-02   3.7743E-02   0.0000E+00   0.0000E+00
     2     4   2.8483E+17   2.7090E-02   7.3575E-02   2.6589E-02   0.0000E+00   0.0000E+00
     3     4   1.7601E+17   2.7859E-02   6.5286E-02   2.7158E-02   0.0000E+00   0.0000E+00
     4     4   1.1753E+17   2.7831E-02   5.9077E-02   2.7533E-02   0.0000E+00   0.0000E+00
     5     4   8.4675E+16   2.9276E-02   5.2276E-02   2.9167E-02   0.0000E+00   0.0000E+00
     6     4   6.1062E+16   3.1519E-02   4.6750E-02   3.1619E-02   0.0000E+00   0.0000E+00
     7     4   4.6260E+16   3.2311E-02   3.9457E-02   3.1503E-02   0.0000E+00   0.0000E+00
     8     4   3.5015E+16   3.4725E-02   3.3442E-02   3.3541E-02   0.0000E+00   0.0000E+00
     9     4   2.5597E+16   3.7918E-02   2.8174E-02   3.7172E-02   0.0000E+00   0.0000E+00
    10     4   1.9004E+16   4.4407E-02   2.1807E-02   4.2877E-02   0.0000E+00   0.0000E+00
    11     4   1.3477E+16   4.8281E-02   1.6917E-02   4.9605E-02   0.0000E+00   0.0000E+00
    12     4   9.7394E+15   7.9984E-02   1.1723E-02   8.9792E-02   0.0000E+00   0.0000E+00
     1     5   3.6851E+17   3.9337E-02   7.7232E-02   3.8083E-02   0.0000E+00   0.0000E+00
     2     5   2.8483E+17   2.6450E-02   7.3148E-02   2.6110E-02   0.0000E+00   0.0000E+00
     3     5   1.7584E+17   2.5777E-02   6.7741E-02   2.5570E-02   0.0000E+00   0.0000E+00
     4     5   1.1742E+17   2.6948E-02   5.7541E-02   2.6255E-02   0.0000E+00   0.0000E+00
     5     5   8.5449E+16   2.8407E-02   5.3826E-02   2.8085E-02   0.0000E+00   0.0000E+00
     6     5   6.1956E+16   3.0434E-02   4.6460E-02   2.9856E-02   0.0000E+00   0.0000E+00
     7     5   4.7862E+16   3.3262E-02   4.0518E-02   3.1465E-02   0.0000E+00   0.0000E+00
     8     5   3.5149E+16   3.4185E-02   3.4493E-02   3.3227E-02   0.0000E+00   0.0000E+00
     9     5   2.7347E+16   3.9598E-02   2.9948E-02   3.9296E-02   0.0000E+00   0.0000E+00
    10     5   1.8575E+16   4.3181E-02   2.1583E-02   4.3131E-02   0.0000E+00   0.0000E+00
    11     5   1.2309E+16   4.6792E-02   1.6036E-02   5.2448E-02   0.0000E+00   0.0000E+00
    12     5   1.0628E+16   7.2912E-02   1.4320E-02   7.4080E-02   0.0000E+00   0.0000E+00
     1     6   3.7684E+17   3.8421E-02   7.7847E-02   3.6887E-02   0.0000E+00   0.0000E+00
     2     6   2.8376E+17   2.6593E-02   7.1403E-02   2.5810E-02   0.0000E+00   0.0000E+00
     3     6   1.7257E+17   2.5926E-02   6.4866E-02   2.5716E-02   0.0000E+00   0.0000E+00
     4     6   1.1614E+17   2.6944E-02   5.8917E-02   2.6164E-02   0.0000E+00   0.0000E+00
     5     6   8.4800E+16   2.7534E-02   5.4316E-02   2.7870E-02   0.0000E+00   0.0000E+00
     6     6   6.0287E+16   3.0299E-02   4.4555E-02   2.9306E-02   0.0000E+00   0.0000E+00
     7     6   4.5158E+16   3.2650E-02   3.9182E-02   3.2018E-02   0.0000E+00   0.0000E+00
     8     6   3.5452E+16   3.4636E-02   3.3929E-02   3.3734E-02   0.0000E+00   0.0000E+00
     9     6   2.5756E+16   3.8642E-02   2.7775E-02   3.6766E-02   0.0000E+00   0.0000E+00
    10     6   1.9409E+16   4.5884E-02   2.2959E-02   4.7247E-02   0.0000E+00   0.0000E+00
    11     6   1.3268E+16   4.6638E-02   1.6782E-02   4.6081E-02   0.0000E+00   0.0000E+00
    12     6   9.8417E+15   8.6255E-02   1.2261E-02   9.2551E-02   0.0000E+00   0.0000E+00
     1     7   3.7610E+17   3.8783E-02   7.7418E-02   3.6807E-02   0.0000E+00   0.0000E+00
     2     7   2.7666E+17   2.5569E-02   7.1011E-02   2.5136E-02   0.0000E+00   0.0000E+00
     3     7   1.7832E+17   2.5744E-02   6.5760E-02   2.4782E-02   0.0000E+00   0.0000E+00
     4     7   1.1689E+17   2.7107E-02   5.8112E-02   2.5720E-02   0.0000E+00   0.0000E+00
     5     7   8.3542E+16   2.8470E-02   5.3953E-02   2.7753E-02   0.0000E+00   0.0000E+00
     6     7   6.1270E+16   2.9259E-02   4.5825E-02   2.9372E-02   0.0000E+00   0.0000E+00
     7     7   4.6367E+16   3.2207E-02   3.9516E-02   3.1006E-02   0.0000E+00   0.0000E+00
     8     7   3.4732E+16   3.5248E-02   3.3299E-02   3.4208E-02   0.0000E+00   0.0000E+00
     9     7   2.6420E+16   3.8769E-02   2.7873E-02   3.6714E-02   0.0000E+00   0.0000E+00
    10     7   1.8273E+16   4.1542E-02   2.1811E-02   4.1107E-02   0.0000E+00   0.0000E+00
    11     7   1.3276E+16   4.6248E-02   1.6668E-02   4.6457E-02   0.0000E+00   0.0000E+00
    12     7   9.9090E+15   7.7777E-02   1.2474E-02   8.6300E-02   0.0000E+00   0.0000E+00
     1     8   3.5433E+17   3.8617E-02   7.2218E-02   3.6976E-02   0.0000E+00   0.0000E+00
     2     8   2.7514E+17   2.5556E-02   7.0511E-02   2.4731E-02   0.0000E+00   0.0000E+00
     3     8   1.7775E+17   2.5176E-02   6.5563E-02   2.4630E-02   0.0000E+00   0.0000E+00
     4     8   1.1226E+17   2.6534E-02   5.7465E-02   2.5650E-02   0.0000E+00   0.0000E+00
     5     8   8.2445E+16   2.7624E-02   5.2508E-02   2.7300E-02   0.0000E+00   0.0000E+00
     6     8   6.1181E+16   2.9588E-02   4.6385E-02   2.8815E-02   0.0000E+00   0.0000E+00
     7     8   4.6033E+16   3.0842E-02   3.8637E-02   2.9872E-02   0.0000E+00   0.0000E+00
     8     8   3.3382E+16   3.5386E-02   3.2714E-02   3.3279E-02   0.0000E+00   0.0000E+00
     9     8   2.5790E+16   3.6510E-02   2.8261E-02   3.5439E-02   0.0000E+00   0.0000E+00
    10     8   1.8311E+16   4.1529E-02   2.2413E-02   4.2149E-02   0.0000E+00   0.0000E+00
    11     8   1.3361E+16   4.3661E-02   1.6345E-02   4.2693E-02   0.0000E+00   0.0000E+00
    12     8   9.5990E+15   7.7957E-02   1.1875E-02   7.8793E-02   0.0000E+00   0.0000E+00
     1     9   3.6120E+17   3.9437E-02   7.4981E-02   3.8269E-02   0.0000E+00   0.0000E+00
     2     9   2.7139E+17   2.5930E-02   6.9310E-02   2.5729E-02   0.0000E+00   0.0000E+00
     3     9   1.7341E+17   2.4736E-02   6.5178E-02   2.4240E-02   0.0000E+00   0.0000E+00
     4     9   1.1213E+17   2.6337E-02   5.7164E-02   2.5815E-02   0.0000E+00   0.0000E+00
     5     9   8.3494E+16   2.7493E-02   5.2622E-02   2.7146E-02   0.0000E+00   0.0000E+00
     6     9   6.2527E+16   2.8887E-02   4.7007E-02   2.8391E-02   0.0000E+00   0.0000E+00
     7     9   4.7048E+16   3.2104E-02   3.9982E-02   3.2199E-02   0.0000E+00   0.0000E+00
     8     9   3.4108E+16   3.3017E-02   3.3340E-02   3.3268E-02   0.0000E+00   0.0000E+00
     9     9   2.6209E+16   3.6869E-02   2.8971E-02   3.5783E-02   0.0000E+00   0.0000E+00
    10     9   1.9343E+16   4.2159E-02   2.3191E-02   3.9846E-02   0.0000E+00   0.0000E+00
    11     9   1.3429E+16   5.0490E-02   1.5419E-02   4.4231E-02   0.0000E+00   0.0000E+00
    12     9   9.1162E+15   7.6110E-02   1.1600E-02   8.3816E-02   0.0000E+00   0.0000E+00
     1    10   3.7914E+17   3.9232E-02   7.5269E-02   3.7415E-02   0.0000E+00   0.0000E+00
     2    10   2.7282E+17   2.5730E-02   7.0150E-02   2.5423E-02   0.0000E+00   0.0000E+00
     3    10   1.7335E+17   2.5117E-02   6.4870E-02   2.4829E-02   0.0000E+00   0.0000E+00
     4    10   1.1990E+17   2.6502E-02   5.9902E-02   2.5577E-02   0.0000E+00   0.0000E+00
     5    10   8.4121E+16   2.7077E-02   5.2477E-02   2.6447E-02   0.0000E+00   0.0000E+00
     6    10   6.1246E+16   2.8953E-02   4.6068E-02   2.8473E-02   0.0000E+00   0.0000E+00
     7    10   4.7174E+16   3.0104E-02   4.0604E-02   2.9999E-02   0.0000E+00   0.0000E+00
     8    10   3.6277E+16   3.4483E-02   3.5112E-02   3.4022E-02   0.0000E+00   0.0000E+00
     9    10   2.7095E+16   3.9667E-02   2.9046E-02   3.7660E-02   0.0000E+00   0.0000E+00
    10    10   1.8839E+16   4.1199E-02   2.2687E-02   3.8325E-02   0.0000E+00   0.0000E+00
    11    10   1.3297E+16   4.9369E-02   1.6029E-02   4.4783E-02   0.0000E+00   0.0000E+00
    12    10   8.5467E+15   9.0991E-02   1.1341E-02   9.6372E-02   0.0000E+00   0.0000E+00
     1    11   3.7262E+17   3.8885E-02   7.6106E-02   3.6712E-02   0.0000E+00   0.0000E+00
     2    11   2.7119E+17   2.5101E-02   6.9938E-02   2.4631E-02   0.0000E+00   0.0000E+00
     3    11   1.6993E+17   2.4925E-02   6.3897E-02   2.4982E-02   0.0000E+00   0.0000E+00
     4    11   1.1442E+17   2.5755E-02   5.7263E-02   2.5822E-02   0.0000E+00   0.0000E+00
     5    11   8.3757E+16   2.7226E-02   5.3206E-02   2.7212E-02   0.0000E+00   0.0000E+00
     6    11   6.1091E+16   2.9127E-02   4.6236E-02   2.8210E-02   0.0000E+00   0.0000E+00
     7    11   4.5917E+16   3.0055E-02   4.0420E-02   2.9613E-02   0.0000E+00   0.0000E+00
     8    11   3.4575E+16   3.3316E-02   3.3493E-02   3.2481E-02   0.0000E+00   0.0000E+00
     9    11   2.6858E+16   3.7021E-02   2.8951E-02   3.6964E-02   0.0000E+00   0.0000E+00
    10    11   1.8854E+16   4.0509E-02   2.2371E-02   3.9950E-02   0.0000E+00   0.0000E+00
    11    11   1.1702E+16   4.6679E-02   1.4486E-02   4.5625E-02   0.0000E+00   0.0000E+00
    12    11   9.5046E+15   8.2313E-02   1.2816E-02   8.5361E-02   0.0000E+00   0.0000E+00
     1    12   3.7454E+17   3.9408E-02   7.6883E-02   3.6778E-02   0.0000E+00   0.0000E+00
     2    12   2.7946E+17   2.5248E-02   7.1757E-02   2.4922E-02   0.0000E+00   0.0000E+00
     3    12   1.6933E+17   2.4137E-02   6.4763E-02   2.4172E-02   0.0000E+00   0.0000E+00
     4    12   1.1763E+17   2.5805E-02   5.8973E-02   2.5179E-02   0.0000E+00   0.0000E+00
     5    12   8.6194E+16   2.7266E-02   5.3435E-02   2.6332E-02   0.0000E+00   0.0000E+00
     6    12   6.1904E+16   2.8148E-02   4.5901E-02   2.7510E-02   0.0000E+00   0.0000E+00
     7    12   4.7880E+16   3.4367E-02   4.0307E-02   3.1358E-02   0.0000E+00   0.0000E+00
     8    12   3.4843E+16   3.4214E-02   3.3783E-02   3.2573E-02   0.0000E+00   0.0000E+00
     9    12   2.4928E+16   3.6835E-02   2.7026E-02   3.6553E-02   0.0000E+00   0.0000E+00
    10    12   1.8382E+16   4.1302E-02   2.1703E-02   4.0060E-02   0.0000E+00   0.0000E+00
    11    12   1.3204E+16   4.7124E-02   1.5707E-02   4.3428E-02   0.0000E+00   0.0000E+00
    12    12   1.0121E+16   8.3436E-02   1.2287E-02   8.5228E-02   0.0000E+00   0.0000E+00
     1    13   3.7917E+17   3.8466E-02   7.8003E-02   3.6852E-02   0.0000E+00   0.0000E+00
     2    13   2.8222E+17   2.5560E-02   7.2716E-02   2.4982E-02   0.0000E+00   0.0000E+00
     3    13   1.7924E+17   2.4767E-02   6.6756E-02   2.4078E-02   0.0000E+00   0.0000E+00
     4    13   1.1997E+17   2.6340E-02   6.0045E-02   2.6082E-02   0.0000E+00   0.0000E+00
     5    13   8.5788E+16   2.6761E-02   5.3337E-02   2.6754E-02   0.0000E+00   0.0000E+00
     6    13   6.2089E+16   2.9277E-02   4.6373E-02   2.8807E-02   0.0000E+00   0.0000E+00
     7    13   4.6697E+16   3.0980E-02   4.0900E-02   3.0697E-02   0.0000E+00   0.0000E+00
     8    13   3.5146E+16   3.4645E-02   3.4219E-02   3.3520E-02   0.0000E+00   0.0000E+00
     9    13   2.7558E+16   3.6781E-02   2.9888E-02   3.7040E-02   0.0000E+00   0.0000E+00
    10    13   1.9233E+16   4.0111E-02   2.2873E-02   4.1518E-02   0.0000E+00   0.0000E+00
    11    13   1.2662E+16   4.7127E-02   1.6744E-02   4.9989E-02   0.0000E+00   0.0000E+00
    12    13   9.5006E+15   9.4263E-02   1.3116E-02   9.3656E-02   0.0000E+00   0.0000E+00
     1    14   3.8460E+17   3.6740E-02   7.8546E-02   3.5673E-02   0.0000E+00   0.0000E+00
     2    14   2.8379E+17   2.4749E-02   7.3800E-02   2.4400E-02   0.0000E+00   0.0000E+00
     3    14   1.7658E+17   2.4641E-02   6.5659E-02   2.4123E-02   0.0000E+00   0.0000E+00
     4    14   1.1576E+17   2.5938E-02   5.7617E-02   2.5163E-02   0.0000E+00   0.0000E+00
     5    14   8.9128E+16   2.7451E-02   5.4683E-02   2.6818E-02   0.0000E+00   0.0000E+00
     6    14   6.0861E+16   2.8967E-02   4.6417E-02   2.8430E-02   0.0000E+00   0.0000E+00
     7    14   4.4667E+16   3.1529E-02   3.9764E-02   3.1055E-02   0.0000E+00   0.0000E+00
     8    14   3.5093E+16   3.3295E-02   3.4392E-02   3.1993E-02   0.0000E+00   0.0000E+00
     9    14   2.7268E+16   4.0185E-02   2.8999E-02   3.6603E-02   0.0000E+00   0.0000E+00
    10    14   1.9488E+16   4.0694E-02   2.3041E-02   4.2251E-02   0.0000E+00   0.0000E+00
    11    14   1.3752E+16   4.7825E-02   1.7568E-02   4.7237E-02   0.0000E+00   0.0000E+00
    12    14   9.8385E+15   7.7104E-02   1.2212E-02   8.1481E-02   0.0000E+00   0.0000E+00
     1    15   3.8081E+17   3.7664E-02   8.1454E-02   3.5798E-02   0.0000E+00   0.0000E+00
     2    15   2.8790E+17   2.4982E-02   7.4618E-02   2.4688E-02   0.0000E+00   0.0000E+00
     3    15   1.7940E+17   2.4883E-02   6.6599E-02   2.4375E-02   0.0000E+00   0.0000E+00
     4    15   1.1895E+17   2.5694E-02   5.8794E-02   2.5084E-02   0.0000E+00   0.0000E+00
     5    15   8.4285E+16   2.7355E-02   5.2291E-02   2.6191E-02   0.0000E+00   0.0000E+00
     6    15   6.2745E+16   2.9213E-02   4.8141E-02   2.8854E-02   0.0000E+00   0.0000E+00
     7    15   4.7380E+16   3.1530E-02   4.0027E-02   3.0666E-02   0.0000E+00   0.0000E+00
     8    15   3.4218E+16   3.3536E-02   3.3507E-02   3.2906E-02   0.0000E+00   0.0000E+00
     9    15   2.7377E+16   3.7142E-02   2.9589E-02   3.7632E-02   0.0000E+00   0.0000E+00
    10    15   2.0027E+16   4.1493E-02   2.3213E-02   4.1684E-02   0.0000E+00   0.0000E+00
    11    15   1.4423E+16   4.4582E-02   1.8157E-02   4.4452E-02   0.0000E+00   0.0000E+00
    12    15   9.4260E+15   7.6620E-02   1.2982E-02   8.2098E-02   0.0000E+00   0.0000E+00
     1    16   3.9513E+17   3.7713E-02   8.2300E-02   3.6555E-02   0.0000E+00   0.0000E+00
     2    16   2.8710E+17   2.5099E-02   7.4951E-02   2.4649E-02   0.0000E+00   0.0000E+00
     3    16   1.7526E+17   2.5088E-02   6.5960E-02   2.4406E-02   0.0000E+00   0.0000E+00
     4    16   1.1933E+17   2.5654E-02   5.9675E-02   2.5463E-02   0.0000E+00   0.0000E+00
     5    16   8.6332E+16   2.8372E-02   5.3731E-02   2.7355E-02   0.0000E+00   0.0000E+00
     6    16   6.2507E+16   3.0093E-02   4.7800E-02   2.9307E-02   0.0000E+00   0.0000E+00
     7    16   4.7072E+16   3.1530E-02   3.8692E-02   3.1032E-02   0.0000E+00   0.0000E+00
     8    16   3.5443E+16   3.3605E-02   3.4079E-02   3.2791E-02   0.0000E+00   0.0000E+00
     9    16   2.6170E+16   3.8000E-02   2.7198E-02   3.8401E-02   0.0000E+00   0.0000E+00
    10    16   1.8796E+16   4.0293E-02   2.2578E-02   4.0482E-02   0.0000E+00   0.0000E+00
    11    16   1.3428E+16   4.7237E-02   1.6799E-02   4.2962E-02   0.0000E+00   0.0000E+00
    12    16   1.1276E+16   8.1680E-02   1.3584E-02   7.6582E-02   0.0000E+00   0.0000E+00
     1    17   3.8084E+17   3.7680E-02   7.8479E-02   3.5592E-02   0.0000E+00   0.0000E+00
     2    17   2.8341E+17   2.4907E-02   7.3589E-02   2.4557E-02   0.0000E+00   0.0000E+00
     3    17   1.7388E+17   2.4893E-02   6.5920E-02   2.4449E-02   0.0000E+00   0.0000E+00
     4    17   1.1576E+17   2.5156E-02   5.8071E-02   2.5283E-02   0.0000E+00   0.0000E+00
     5    17   8.4018E+16   2.7441E-02   5.2233E-02   2.7083E-02   0.0000E+00   0.0000E+00
     6    17   6.2461E+16   2.8829E-02   4.7550E-02   2.8570E-02   0.0000E+00   0.0000E+00
     7    17   4.6135E+16   3.2219E-02   3.9014E-02   3.1267E-02   0.0000E+00   0.0000E+00
     8    17   3.5996E+16   3.5068E-02   3.4133E-02   3.3614E-02   0.0000E+00   0.0000E+00
     9    17   2.5549E+16   3.8441E-02   2.6804E-02   3.6789E-02   0.0000E+00   0.0000E+00
    10    17   1.9774E+16   4.1549E-02   2.2584E-02   4.0703E-02   0.0000E+00   0.0000E+00
    11    17   1.3683E+16   4.4694E-02   1.7024E-02   4.2963E-02   0.0000E+00   0.0000E+00
    12    17   1.0681E+16   9.2289E-02   1.2835E-02   8.1901E-02   0.0000E+00   0.0000E+00
     1    18   3.8644E+17   3.7944E-02   8.0496E-02   3.6561E-02   0.0000E+00   0.0000E+00
     2    18   2.9016E+17   2.5155E-02   7.5104E-02   2.4997E-02   0.0000E+00   0.0000E+00
     3    18   1.7871E+17   2.4859E-02   6.5559E-02   2.4061E-02   0.0000E+00   0.0000E+00
     4    18   1.1911E+17   2.6013E-02   5.9547E-02   2.5826E-02   0.0000E+00   0.0000E+00
     5    18   8.3673E+16   2.8309E-02   5.3482E-02   2.7784E-02   0.0000E+00   0.0000E+00
     6    18   6.3570E+16   2.9031E-02   4.7818E-02   2.8683E-02   0.0000E+00   0.0000E+00
     7    18   4.7236E+16   3.1493E-02   3.9801E-02   2.9565E-02   0.0000E+00   0.0000E+00
     8    18   3.7035E+16   3.4075E-02   3.4300E-02   3.1831E-02   0.0000E+00   0.0000E+00
     9    18   2.5789E+16   3.8553E-02   2.6197E-02   3.6375E-02   0.0000E+00   0.0000E+00
    10    18   1.9354E+16   4.2988E-02   2.2180E-02   4.0352E-02   0.0000E+00   0.0000E+00
    11    18   1.2971E+16   4.9035E-02   1.6156E-02   4.4577E-02   0.0000E+00   0.0000E+00
    12    18   1.0127E+16   7.4942E-02   1.3389E-02   8.4530E-02   0.0000E+00   0.0000E+00
     1    19   3.9093E+17   3.8729E-02   8.0431E-02   3.6331E-02   0.0000E+00   0.0000E+00
     2    19   3.0003E+17   2.5393E-02   7.6387E-02   2.5002E-02   0.0000E+00   0.0000E+00
     3    19   1.7836E+17   2.5463E-02   6.7689E-02   2.4967E-02   0.0000E+00   0.0000E+00
     4    19   1.1759E+17   2.6952E-02   5.9166E-02   2.6212E-02   0.0000E+00   0.0000E+00
     5    19   8.6820E+16   2.9050E-02   5.5093E-02   2.8095E-02   0.0000E+00   0.0000E+00
     6    19   5.9954E+16   3.0171E-02   4.5295E-02   2.8774E-02   0.0000E+00   0.0000E+00
     7    19   4.4952E+16   3.1418E-02   3.8778E-02   3.0180E-02   0.0000E+00   0.0000E+00
     8    19   3.5212E+16   3.3828E-02   3.3874E-02   3.3142E-02   0.0000E+00   0.0000E+00
     9    19   2.4548E+16   3.7804E-02   2.6125E-02   3.7555E-02   0.0000E+00   0.0000E+00
    10    19   1.8837E+16   4.2582E-02   2.1801E-02   4.4632E-02   0.0000E+00   0.0000E+00
    11    19   1.2713E+16   4.6142E-02   1.6394E-02   5.3473E-02   0.0000E+00   0.0000E+00
    12    19   9.7355E+15   7.7425E-02   1.3946E-02   9.4265E-02   0.0000E+00   0.0000E+00
     1    20   4.0832E+17   3.7870E-02   8.5443E-02   3.6322E-02   0.0000E+00   0.0000E+00
     2    20   3.0382E+17   2.6359E-02   7.6762E-02   2.5840E-02   0.0000E+00   0.0000E+00
     3    20   1.8467E+17   2.5633E-02   6.9082E-02   2.5465E-02   0.0000E+00   0.0000E+00
     4    20   1.1949E+17   2.7672E-02   5.9245E-02   2.6418E-02   0.0000E+00   0.0000E+00
     5    20   8.7605E+16   2.8624E-02   5.4228E-02   2.7701E-02   0.0000E+00   0.0000E+00
     6    20   6.0171E+16   3.0826E-02   4.4836E-02   3.0028E-02   0.0000E+00   0.0000E+00
     7    20   4.3645E+16   3.2937E-02   3.7296E-02   3.1873E-02   0.0000E+00   0.0000E+00
     8    20   3.2329E+16   3.5536E-02   3.1537E-02   3.4833E-02   0.0000E+00   0.0000E+00
     9    20   2.3875E+16   3.8865E-02   2.5847E-02   3.8564E-02   0.0000E+00   0.0000E+00
    10    20   1.9177E+16   4.4115E-02   2.2756E-02   4.3503E-02   0.0000E+00   0.0000E+00
    11    20   1.3901E+16   4.6270E-02   1.7199E-02   4.4236E-02   0.0000E+00   0.0000E+00
    12    20   1.0357E+16   7.9539E-02   1.3758E-02   7.8616E-02   0.0000E+00   0.0000E+00
     1    21   4.0751E+17   3.8505E-02   8.6058E-02   3.7602E-02   0.0000E+00   0.0000E+00
     2    21   2.8787E+17   2.6898E-02   7.4049E-02   2.6462E-02   0.0000E+00   0.0000E+00
     3    21   1.7919E+17   2.6034E-02   6.7072E-02   2.6025E-02   0.0000E+00   0.0000E+00
     4    21   1.2088E+17   2.6874E-02   6.0616E-02   2.6742E-02   0.0000E+00   0.0000E+00
     5    21   8.6489E+16   2.8767E-02   5.3825E-02   2.7559E-02   0.0000E+00   0.0000E+00
     6    21   6.3351E+16   3.2127E-02   4.7095E-02   3.1669E-02   0.0000E+00   0.0000E+00
     7    21   4.4780E+16   3.2474E-02   3.7586E-02   3.2353E-02   0.0000E+00   0.0000E+00
     8    21   3.2864E+16   3.6966E-02   3.1307E-02   3.5959E-02   0.0000E+00   0.0000E+00
     9    21   2.5549E+16   3.9120E-02   2.7208E-02   3.9108E-02   0.0000E+00   0.0000E+00
    10    21   1.9062E+16   4.1123E-02   2.2859E-02   4.2188E-02   0.0000E+00   0.0000E+00
    11    21   1.3326E+16   4.7577E-02   1.6241E-02   4.5800E-02   0.0000E+00   0.0000E+00
    12    21   1.0659E+16   8.9780E-02   1.3152E-02   8.4396E-02   0.0000E+00   0.0000E+00
     1    22   3.8032E+17   3.8908E-02   8.1120E-02   3.7867E-02   0.0000E+00   0.0000E+00
     2    22   2.9411E+17   2.8142E-02   7.5428E-02   2.7895E-02   0.0000E+00   0.0000E+00
     3    22   1.7917E+17   2.7302E-02   6.7056E-02   2.6667E-02   0.0000E+00   0.0000E+00
     4    22   1.1915E+17   2.8104E-02   5.9731E-02   2.7838E-02   0.0000E+00   0.0000E+00
     5    22   8.5605E+16   2.9580E-02   5.3367E-02   2.8378E-02   0.0000E+00   0.0000E+00
     6    22   6.2903E+16   3.1430E-02   4.6929E-02   3.0671E-02   0.0000E+00   0.0000E+00
     7    22   4.6324E+16   3.4314E-02   3.8885E-02   3.3979E-02   0.0000E+00   0.0000E+00
     8    22   3.4066E+16   3.6203E-02   3.2652E-02   3.5916E-02   0.0000E+00   0.0000E+00
     9    22   2.5751E+16   3.9299E-02   2.8175E-02   4.0704E-02   0.0000E+00   0.0000E+00
    10    22   1.9760E+16   4.2214E-02   2.4377E-02   4.4366E-02   0.0000E+00   0.0000E+00
    11    22   1.3682E+16   4.5169E-02   1.6787E-02   4.4453E-02   0.0000E+00   0.0000E+00
    12    22   1.1352E+16   7.5530E-02   1.3926E-02   7.4479E-02   0.0000E+00   0.0000E+00
     1    23   4.0339E+17   4.0622E-02   8.3470E-02   3.9560E-02   0.0000E+00   0.0000E+00
     2    23   3.0274E+17   3.0363E-02   7.7362E-02   2.9867E-02   0.0000E+00   0.0000E+00
     3    23   1.8282E+17   2.9419E-02   6.8481E-02   2.8913E-02   0.0000E+00   0.0000E+00
     4    23   1.2042E+17   2.9010E-02   6.1480E-02   2.8296E-02   0.0000E+00   0.0000E+00
     5    23   8.6654E+16   3.0519E-02   5.4054E-02   3.0164E-02   0.0000E+00   0.0000E+00
     6    23   6.3159E+16   3.1633E-02   4.6005E-02   3.1306E-02   0.0000E+00   0.0000E+00
     7    23   4.6825E+16   3.4314E-02   3.9396E-02   3.3426E-02   0.0000E+00   0.0000E+00
     8    23   3.4725E+16   3.6850E-02   3.2998E-02   3.6893E-02   0.0000E+00   0.0000E+00
     9    23   2.5792E+16   4.0873E-02   2.8230E-02   4.1340E-02   0.0000E+00   0.0000E+00
    10    23   2.0586E+16   4.4294E-02   2.5517E-02   4.1514E-02   0.0000E+00   0.0000E+00
    11    23   1.4308E+16   4.8826E-02   1.7879E-02   4.5667E-02   0.0000E+00   0.0000E+00
    12    23   1.1181E+16   8.2525E-02   1.2824E-02   7.5248E-02   0.0000E+00   0.0000E+00
     1    24   3.9636E+17   4.4491E-02   8.2749E-02   4.2474E-02   0.0000E+00   0.0000E+00
     2    24   3.0122E+17   3.2739E-02   7.7421E-02   3.2012E-02   0.0000E+00   0.0000E+00
     3    24   1.8153E+17   3.2078E-02   6.8301E-02   3.0843E-02   0.0000E+00   0.0000E+00
     4    24   1.2220E+17   3.1425E-02   6.2807E-02   3.0795E-02   0.0000E+00   0.0000E+00
     5    24   8.6829E+16   3.3845E-02   5.5327E-02   3.3306E-02   0.0000E+00   0.0000E+00
     6    24   6.0705E+16   3.5874E-02   4.5239E-02   3.5137E-02   0.0000E+00   0.0000E+00
     7    24   4.6162E+16   3.7642E-02   3.9728E-02   3.7032E-02   0.0000E+00   0.0000E+00
     8    24   3.5255E+16   4.2976E-02   3.3617E-02   4.2541E-02   0.0000E+00   0.0000E+00
     9    24   2.7652E+16   4.3030E-02   2.9268E-02   4.2556E-02   0.0000E+00   0.0000E+00
    10    24   2.0634E+16   4.7873E-02   2.5190E-02   4.6708E-02   0.0000E+00   0.0000E+00
    11    24   1.3779E+16   5.3907E-02   1.7922E-02   5.3173E-02   0.0000E+00   0.0000E+00
    12    24   1.0148E+16   8.8893E-02   1.3176E-02   9.0731E-02   0.0000E+00   0.0000E+00
