-.240000E+21
  0.00000000E+00  0.00000000E+00  0.00000000E+00  0.00000000E+00  0.00000000E+00
  0.00000000E+00  0.00000000E+00  0.00000000E+00  0.00000000E+00  0.00000000E+00
  0.00000000E+00  0.00000000E+00
  0.00000000E+00  0.00000000E+00  0.00000000E+00  0.00000000E+00  0.00000000E+00
  0.00000000E+00  0.00000000E+00  0.00000000E+00  0.00000000E+00  0.00000000E+00
  0.00000000E+00  0.00000000E+00
  0.00000000E+00  0.00000000E+00  0.00000000E+00  0.00000000E+00  0.00000000E+00
  0.00000000E+00  0.00000000E+00  0.00000000E+00  0.00000000E+00  0.00000000E+00
  0.00000000E+00  0.00000000E+00
  0.00000000E+00  0.00000000E+00  0.00000000E+00  0.00000000E+00  0.00000000E+00
  0.00000000E+00  0.00000000E+00  0.00000000E+00  0.00000000E+00  0.00000000E+00
  0.00000000E+00  0.00000000E+00
  0.00000000E+00  0.00000000E+00  0.00000000E+00  0.00000000E+00  0.00000000E+00
  0.00000000E+00  0.00000000E+00  0.00000000E+00  0.00000000E+00  0.00000000E+00
  0.00000000E+00  0.00000000E+00
  0.00000000E+00  0.00000000E+00  0.00000000E+00  0.00000000E+00  0.00000000E+00
  0.00000000E+00  0.00000000E+00  0.00000000E+00  0.00000000E+00  0.00000000E+00
  0.00000000E+00  0.00000000E+00
  0.00000000E+00  0.00000000E+00  0.00000000E+00  0.00000000E+00  0.00000000E+00
  0.00000000E+00  0.00000000E+00  0.00000000E+00  0.00000000E+00  0.00000000E+00
  0.00000000E+00  0.00000000E+00
  0.00000000E+00  0.00000000E+00  0.00000000E+00  0.00000000E+00  0.00000000E+00
  0.00000000E+00  0.00000000E+00  0.00000000E+00  0.00000000E+00  0.00000000E+00
  0.00000000E+00  0.00000000E+00
  0.00000000E+00  0.00000000E+00  0.00000000E+00  0.00000000E+00  0.00000000E+00
  0.00000000E+00  0.00000000E+00  0.00000000E+00  0.00000000E+00  0.00000000E+00
  0.00000000E+00  0.00000000E+00
  0.00000000E+00  0.00000000E+00  0.00000000E+00  0.00000000E+00  0.00000000E+00
  0.00000000E+00  0.00000000E+00  0.00000000E+00  0.00000000E+00  0.00000000E+00
  0.00000000E+00  0.00000000E+00
  0.00000000E+00  0.00000000E+00  0.00000000E+00  0.00000000E+00  0.00000000E+00
  0.00000000E+00  0.00000000E+00  0.00000000E+00  0.00000000E+00  0.00000000E+00
  0.00000000E+00  0.00000000E+00
  0.00000000E+00  0.00000000E+00  0.00000000E+00  0.00000000E+00  0.00000000E+00
  0.00000000E+00  0.00000000E+00  0.00000000E+00  0.00000000E+00  0.00000000E+00
  0.00000000E+00  0.00000000E+00
  0.00000000E+00  0.00000000E+00  0.00000000E+00  0.00000000E+00  0.00000000E+00
  0.00000000E+00  0.00000000E+00  0.00000000E+00  0.00000000E+00  0.00000000E+00
  0.00000000E+00  0.00000000E+00
  0.00000000E+00  0.00000000E+00  0.00000000E+00  0.00000000E+00  0.00000000E+00
  0.00000000E+00  0.00000000E+00  0.00000000E+00  0.00000000E+00  0.00000000E+00
  0.00000000E+00  0.00000000E+00
  0.00000000E+00  0.00000000E+00  0.00000000E+00  0.00000000E+00  0.00000000E+00
  0.00000000E+00  0.00000000E+00  0.00000000E+00  0.00000000E+00  0.00000000E+00
  0.00000000E+00  0.00000000E+00
  0.00000000E+00  0.00000000E+00  0.00000000E+00  0.00000000E+00  0.00000000E+00
  0.00000000E+00  0.00000000E+00  0.00000000E+00  0.00000000E+00  0.00000000E+00
  0.00000000E+00  0.00000000E+00
  0.00000000E+00  0.00000000E+00  0.00000000E+00  0.00000000E+00  0.00000000E+00
  0.00000000E+00  0.00000000E+00  0.00000000E+00  0.00000000E+00  0.00000000E+00
  0.00000000E+00  0.00000000E+00
  0.00000000E+00  0.00000000E+00  0.00000000E+00  0.00000000E+00  0.00000000E+00
  0.00000000E+00  0.00000000E+00  0.00000000E+00  0.00000000E+00  0.00000000E+00
  0.00000000E+00  0.00000000E+00
  0.00000000E+00  0.00000000E+00  0.00000000E+00  0.00000000E+00  0.00000000E+00
  0.00000000E+00  0.00000000E+00  0.00000000E+00  0.00000000E+00  0.00000000E+00
  0.00000000E+00  0.00000000E+00
  0.00000000E+00  0.00000000E+00  0.00000000E+00  0.00000000E+00  0.00000000E+00
  0.00000000E+00  0.00000000E+00  0.00000000E+00  0.00000000E+00  0.00000000E+00
  0.00000000E+00  0.00000000E+00
  0.00000000E+00  0.00000000E+00  0.00000000E+00  0.00000000E+00  0.00000000E+00
  0.00000000E+00  0.00000000E+00  0.00000000E+00  0.00000000E+00  0.00000000E+00
  0.00000000E+00  0.00000000E+00
  0.00000000E+00  0.00000000E+00  0.00000000E+00  0.00000000E+00  0.00000000E+00
  0.00000000E+00  0.00000000E+00  0.00000000E+00  0.00000000E+00  0.00000000E+00
  0.00000000E+00  0.00000000E+00
  0.00000000E+00  0.00000000E+00  0.00000000E+00  0.00000000E+00  0.00000000E+00
  0.00000000E+00  0.00000000E+00  0.00000000E+00  0.00000000E+00  0.00000000E+00
  0.00000000E+00  0.00000000E+00
  0.00000000E+00  0.00000000E+00  0.00000000E+00  0.00000000E+00  0.00000000E+00
  0.00000000E+00  0.00000000E+00  0.00000000E+00  0.00000000E+00  0.00000000E+00
  0.00000000E+00  0.00000000E+00
  0.99720108E-04  0.50052542E-03  0.30229320E-03  0.28021332E-03  0.27908545E-03
  0.28356402E-03  0.25178385E-03  0.23949149E-03  0.22430465E-03  0.19145310E-03
  0.20656057E-03  0.20635079E-04
  0.99548973E-04  0.44860478E-03  0.30296487E-03  0.27683024E-03  0.24001947E-03
  0.30046032E-03  0.24940155E-03  0.23158041E-03  0.19379082E-03  0.22158661E-03
  0.20798186E-03  0.24305538E-04
  0.59395020E-04  0.45288501E-03  0.31979543E-03  0.27436567E-03  0.28724938E-03
  0.27295349E-03  0.24095716E-03  0.19848844E-03  0.24663796E-03  0.20879999E-03
  0.19615414E-03  0.15920491E-04
  0.88231356E-04  0.46961829E-03  0.33802958E-03  0.26480566E-03  0.27432996E-03
  0.30740463E-03  0.25073358E-03  0.20149322E-03  0.23298578E-03  0.21338218E-03
  0.17172303E-03  0.14705464E-04
  0.43323102E-04  0.49400593E-03  0.27097478E-03  0.25900315E-03  0.24731492E-03
  0.29396157E-03  0.27967849E-03  0.24426447E-03  0.20469972E-03  0.21432538E-03
  0.19608974E-03  0.13596640E-04
  0.79482442E-04  0.42539665E-03  0.35966106E-03  0.25890523E-03  0.31184019E-03
  0.25465425E-03  0.25463228E-03  0.21374971E-03  0.22955781E-03  0.20380258E-03
  0.20789931E-03  0.21668272E-04
  0.80336118E-04  0.41811207E-03  0.32389779E-03  0.28981998E-03  0.29043815E-03
  0.27765592E-03  0.24568723E-03  0.23763246E-03  0.21046302E-03  0.21145653E-03
  0.20049408E-03  0.21173831E-04
  0.53549628E-04  0.46594926E-03  0.36497735E-03  0.27300254E-03  0.24242487E-03
  0.25325163E-03  0.24580903E-03  0.20183181E-03  0.21894034E-03  0.20299568E-03
  0.18244186E-03  0.18640840E-04
  0.32284804E-04  0.40596182E-03  0.31624685E-03  0.33490429E-03  0.26143813E-03
  0.25948560E-03  0.26482284E-03  0.19234358E-03  0.20633487E-03  0.21160490E-03
  0.20120979E-03  0.23563921E-04
  0.73954559E-04  0.44472485E-03  0.35642706E-03  0.29541810E-03  0.26712035E-03
  0.27510190E-03  0.27863847E-03  0.23855404E-03  0.20016728E-03  0.19791175E-03
  0.21640492E-03  0.15077756E-04
  0.61613561E-04  0.44268968E-03  0.34383249E-03  0.31333147E-03  0.31534697E-03
  0.25214617E-03  0.25866585E-03  0.23366446E-03  0.19799393E-03  0.19435266E-03
  0.21613328E-03  0.15065741E-04
  0.77034258E-04  0.45195091E-03  0.26656091E-03  0.28739626E-03  0.27823432E-03
  0.25689259E-03  0.25447069E-03  0.23018817E-03  0.20488521E-03  0.20997919E-03
  0.16641123E-03  0.20501995E-04
  0.81430584E-04  0.45053436E-03  0.28034185E-03  0.31842791E-03  0.27216192E-03
  0.26359725E-03  0.20130742E-03  0.21830765E-03  0.21864214E-03  0.23551051E-03
  0.18812993E-03  0.20319895E-04
  0.54220376E-04  0.46807567E-03  0.27553002E-03  0.28363187E-03  0.31238943E-03
  0.24770872E-03  0.21517076E-03  0.22303675E-03  0.20461101E-03  0.21223649E-03
  0.19406669E-03  0.19475484E-04
  0.73738247E-04  0.43757702E-03  0.35195222E-03  0.27264534E-03  0.29590829E-03
  0.22219454E-03  0.20706263E-03  0.24254611E-03  0.20505647E-03  0.20496549E-03
  0.19770442E-03  0.18039581E-04
  0.59449437E-04  0.44041767E-03  0.33508680E-03  0.34997935E-03  0.28680838E-03
  0.29862772E-03  0.20896127E-03  0.23127177E-03  0.20346475E-03  0.22651572E-03
  0.19552100E-03  0.25258827E-04
  0.83564245E-04  0.46091268E-03  0.35803094E-03  0.26610970E-03  0.28868522E-03
  0.27233201E-03  0.28817739E-03  0.25223811E-03  0.22968585E-03  0.18943339E-03
  0.18317575E-03  0.11974871E-04
  0.68914026E-04  0.46423562E-03  0.30373424E-03  0.31587067E-03  0.28196231E-03
  0.27934684E-03  0.26437946E-03  0.22419561E-03  0.25362637E-03  0.20860617E-03
  0.19234915E-03  0.23455704E-04
  0.72494637E-04  0.53449975E-03  0.34100681E-03  0.32456479E-03  0.29305063E-03
  0.28062489E-03  0.24098918E-03  0.21022421E-03  0.24762779E-03  0.20077565E-03
  0.20801394E-03  0.22097465E-04
  0.67454338E-04  0.40626271E-03  0.26873689E-03  0.29610125E-03  0.28446467E-03
  0.28068008E-03  0.24398026E-03  0.22497877E-03  0.21919162E-03  0.19650711E-03
  0.18083749E-03  0.18978357E-04
  0.65675793E-04  0.48095898E-03  0.30673277E-03  0.31876420E-03  0.24886775E-03
  0.24545706E-03  0.23512892E-03  0.22837980E-03  0.22031715E-03  0.20201677E-03
  0.19404415E-03  0.15395396E-04
  0.56679155E-04  0.50838489E-03  0.31754763E-03  0.27674152E-03  0.27152674E-03
  0.24410390E-03  0.24983529E-03  0.23442377E-03  0.21816213E-03  0.21529710E-03
  0.18711226E-03  0.17614087E-04
  0.63295359E-04  0.52675300E-03  0.32975362E-03  0.25057145E-03  0.31603164E-03
  0.26024730E-03  0.24097827E-03  0.20214833E-03  0.20921143E-03  0.21115252E-03
  0.17480682E-03  0.21145987E-04
  0.72448234E-04  0.52896790E-03  0.30404883E-03  0.35327416E-03  0.28313621E-03
  0.26385100E-03  0.24551513E-03  0.25184574E-03  0.23726424E-03  0.19438977E-03
  0.19404768E-03  0.20342828E-04
 -0.27628366E-04  0.32824736E-04 -0.68137907E-05  0.34529857E-04  0.12366857E-04
  0.44322337E-05 -0.69555281E-05  0.25121391E-06  0.33079682E-06  0.50942293E-05
  0.12513133E-04 -0.38117331E-05
 -0.16196958E-04  0.19660091E-04  0.72460909E-05  0.71696711E-05 -0.95412952E-05
 -0.17254902E-04  0.43349317E-04 -0.54921130E-04  0.54842836E-05 -0.44778330E-05
  0.29173546E-05  0.18569604E-05
 -0.14030712E-04  0.61460680E-04  0.41250009E-07  0.21395533E-04 -0.95465373E-05
 -0.18618595E-04  0.20818306E-04  0.27203814E-04  0.77794765E-05  0.17453926E-04
  0.11652241E-04 -0.30568771E-05
  0.12195388E-04  0.15065119E-04 -0.14647788E-04 -0.32847518E-04 -0.17346181E-05
 -0.17700221E-04 -0.13799918E-04 -0.21204654E-04  0.14073177E-04 -0.19728523E-04
  0.17000376E-04  0.20629392E-05
  0.43667823E-05 -0.22739823E-04  0.30555726E-04 -0.16732733E-04 -0.24310134E-04
 -0.31160181E-04 -0.15637339E-04  0.16033601E-04 -0.21110149E-04  0.14640293E-04
 -0.16320905E-05  0.55727227E-06
  0.24771061E-04 -0.22020129E-04 -0.33688762E-04 -0.43165202E-04  0.67403760E-06
  0.30017782E-04 -0.82754002E-05  0.14421204E-05  0.12022858E-04  0.19641806E-05
  0.83727258E-05 -0.47350698E-07
  0.40161942E-05 -0.24776375E-04  0.38224539E-04  0.80519678E-05 -0.27082575E-04
  0.11181252E-04  0.80087650E-05  0.78553339E-05 -0.75384939E-05 -0.14568707E-04
 -0.26864051E-05  0.41047884E-05
 -0.10530587E-04 -0.39341060E-04  0.24544013E-04 -0.13521636E-04  0.41210756E-04
  0.82958877E-05  0.10148101E-04  0.86327370E-05  0.31581890E-06 -0.65817110E-05
 -0.21411619E-04  0.22499226E-05
 -0.19044667E-04  0.29911547E-04 -0.26165194E-04  0.26011639E-04 -0.30329666E-04
 -0.29392324E-04  0.15396262E-04 -0.41551511E-05 -0.19573863E-05 -0.18653543E-04
  0.15088732E-04 -0.33337968E-05
  0.24082044E-04 -0.41637311E-04  0.30157031E-04  0.36787194E-04  0.31468331E-04
 -0.43507953E-05 -0.28005382E-04  0.35289253E-05 -0.20892253E-05  0.20639347E-04
  0.86077909E-05  0.99767091E-06
  0.24660980E-04 -0.41217891E-04 -0.41936862E-04  0.28877028E-04  0.19384863E-04
  0.49375881E-05  0.21047266E-04 -0.37809953E-05  0.51342656E-05  0.20733854E-07
  0.17208986E-04  0.37191331E-05
 -0.10464786E-04  0.61067128E-04  0.74233175E-04 -0.29010734E-04 -0.33599906E-04
  0.30502731E-04 -0.17374495E-04 -0.20078056E-05 -0.31176154E-04 -0.51295512E-05
 -0.63850735E-05 -0.25256596E-05
 -0.33857236E-04 -0.44188551E-05 -0.42531375E-04 -0.23559539E-05 -0.16312958E-04
  0.13293932E-04 -0.13484286E-04  0.43262758E-05  0.16586952E-04 -0.18272660E-04
 -0.46314206E-05  0.52296504E-06
  0.10799310E-04 -0.13067292E-04  0.10279120E-04  0.61118080E-05 -0.17283555E-04
 -0.14151413E-04  0.36307188E-05  0.19852015E-05 -0.22211432E-04 -0.19454612E-04
  0.97816170E-05 -0.10909894E-05
  0.51549805E-05 -0.10745061E-04  0.22138681E-04  0.11647563E-04  0.20427372E-05
  0.84337810E-06  0.21125633E-04 -0.16275679E-04  0.41718161E-04  0.47620619E-05
  0.11658712E-04 -0.41444516E-06
  0.60997755E-05  0.36478413E-04  0.97245983E-07  0.11912096E-04  0.10707219E-04
 -0.37182168E-04 -0.14257007E-04  0.16349181E-04 -0.15495389E-05 -0.62213749E-06
 -0.14953478E-04  0.89837308E-06
 -0.10363497E-04 -0.47157155E-04  0.15035919E-04 -0.17818407E-04  0.19235776E-05
  0.94018427E-05 -0.12363709E-04 -0.19765242E-04 -0.17653513E-04 -0.10648754E-05
  0.38525341E-05 -0.15599216E-05
 -0.36778738E-05 -0.49181004E-06 -0.27637149E-04  0.53405653E-05  0.57981482E-04
  0.15977227E-04  0.10817611E-04 -0.12882711E-04  0.11502443E-05  0.52879995E-05
 -0.65460829E-05 -0.32345679E-06
  0.31245913E-05  0.39787685E-04 -0.15123874E-04 -0.25373947E-04 -0.10370965E-04
  0.19203584E-07 -0.19647867E-04  0.12390717E-05 -0.38898810E-05  0.65706674E-05
 -0.79388535E-05  0.12756655E-05
  0.10122920E-04 -0.20591032E-04 -0.11881494E-04  0.97135976E-05 -0.28929734E-06
 -0.66227180E-05  0.68316575E-05 -0.99594687E-05 -0.89408658E-05 -0.81001266E-05
 -0.40773422E-05 -0.33869495E-05
 -0.72634170E-05 -0.47421309E-05  0.29083959E-05 -0.33028260E-05  0.20570674E-04
 -0.64696380E-05  0.14971635E-04 -0.64788231E-06 -0.10619216E-04 -0.15173038E-05
  0.21367675E-04 -0.10209666E-05
 -0.19114722E-05 -0.66772103E-04  0.13470554E-04 -0.31777670E-04  0.60333656E-05
 -0.53343652E-05 -0.18760794E-04  0.22908618E-04  0.87427518E-05 -0.67797229E-05
  0.24555629E-05  0.29859385E-05
  0.86641727E-05 -0.12384776E-04 -0.99646296E-05 -0.12990165E-05 -0.11838309E-04
  0.13540136E-05 -0.13151861E-05 -0.24946251E-04 -0.26886924E-05 -0.63488469E-05
 -0.26013138E-05  0.58430350E-05
  0.18045433E-04 -0.38207858E-04  0.79582874E-04  0.40274951E-04  0.71141616E-05
 -0.14459400E-04  0.21016651E-04 -0.45825316E-05  0.19551430E-04 -0.68327482E-05
  0.31265997E-05  0.62583409E-05
  0.16941112E-04 -0.91104421E-05  0.53205801E-04  0.63456687E-04  0.40415676E-04
 -0.18281927E-04 -0.26802081E-04  0.16964653E-04 -0.10051399E-05  0.14542169E-04
  0.15521984E-06  0.17258191E-07
  0.13788876E-04 -0.15653938E-04 -0.96923785E-05  0.85718412E-05 -0.61336994E-04
  0.36596899E-04  0.27781497E-04  0.21112121E-04  0.85017421E-05 -0.19643002E-04
  0.66301223E-05  0.14572872E-05
  0.74519465E-05 -0.47555527E-04  0.34078423E-04 -0.40446859E-05  0.29488031E-04
 -0.22457062E-04  0.13989605E-04 -0.13787642E-04  0.15540617E-04 -0.76160123E-06
 -0.88316000E-05  0.52461323E-05
  0.33769905E-05 -0.24781269E-04 -0.23936878E-04 -0.66400299E-05  0.48465974E-04
  0.27719239E-04 -0.37930980E-04  0.20929666E-05 -0.16840807E-04  0.57124016E-05
  0.23134534E-04  0.20616701E-06
 -0.13571329E-04 -0.15695732E-04  0.27388496E-04 -0.25379177E-04 -0.32111702E-04
  0.20224208E-04 -0.44085511E-05 -0.57050545E-06 -0.16955470E-04 -0.14762582E-04
 -0.16038598E-04 -0.32509954E-06
  0.86567902E-05  0.22921743E-04 -0.22427397E-04  0.11460263E-04  0.26292136E-05
  0.99581152E-05  0.19976593E-04  0.14216623E-05 -0.18683806E-04 -0.10137914E-04
 -0.86487348E-06  0.28540708E-05
  0.12216289E-04 -0.58079932E-05 -0.21534544E-04  0.20698738E-04 -0.12560531E-04
 -0.13527000E-04 -0.26722891E-04  0.25021206E-04  0.41711248E-05  0.25314303E-04
 -0.10969672E-05 -0.11126167E-05
 -0.75085610E-05  0.34680463E-05 -0.55022650E-05 -0.11698361E-05 -0.10435786E-04
 -0.30476918E-04 -0.19111132E-04 -0.13412566E-04  0.10217262E-05 -0.12215381E-04
  0.21699710E-04 -0.22539716E-05
 -0.12268134E-04 -0.31589441E-04  0.23642370E-04 -0.19958837E-04 -0.22164623E-04
  0.33384926E-05  0.17128610E-04 -0.19001535E-04 -0.26489449E-05 -0.16662213E-04
 -0.25364012E-05 -0.24362209E-06
 -0.13928177E-04  0.12842599E-04  0.39697599E-05 -0.24567271E-04  0.77781618E-06
 -0.40575890E-04 -0.32300015E-04  0.37769946E-04  0.18257055E-04 -0.10013819E-04
 -0.21250049E-05  0.20391192E-07
 -0.31502254E-05  0.43264347E-04 -0.69289135E-04  0.45788173E-04  0.18055358E-05
  0.39483139E-04  0.83980592E-05 -0.59323599E-05 -0.92628467E-05  0.29284683E-04
  0.18247395E-04 -0.27202789E-06
 -0.14306523E-05 -0.11143272E-04  0.16322104E-04 -0.32090981E-04  0.20762101E-04
 -0.13716122E-05  0.14478985E-04 -0.23060794E-04  0.15284816E-04  0.36477442E-04
 -0.13554319E-04 -0.43781808E-06
 -0.15385500E-04  0.86011713E-04  0.15287933E-04 -0.60635493E-04 -0.27304023E-05
  0.36079530E-05 -0.30675861E-04 -0.10566369E-04 -0.74053493E-05  0.93090471E-05
  0.57550618E-05 -0.57460470E-06
 -0.14985399E-04  0.69419030E-04 -0.47514594E-04 -0.30036487E-04  0.10785443E-04
 -0.60670431E-05 -0.40959329E-05 -0.13232222E-04  0.14976732E-04 -0.11825936E-04
 -0.12236248E-05 -0.75467636E-07
 -0.25419780E-04 -0.20244300E-04 -0.18090637E-04  0.15928439E-04  0.32535859E-04
  0.39071808E-04 -0.89163013E-06  0.22950049E-04  0.45270487E-05 -0.27726406E-04
 -0.10500941E-05  0.19188562E-05
 -0.14388948E-04  0.41973191E-05 -0.34214176E-04 -0.31460894E-04  0.34162960E-04
  0.19594817E-04  0.52759388E-05  0.74221204E-05 -0.81370360E-05  0.22260332E-04
 -0.37918508E-05  0.56628311E-05
 -0.85574095E-06 -0.41316293E-04  0.31734072E-04  0.36523797E-04 -0.11699574E-05
  0.16598964E-04  0.62254855E-05 -0.11398604E-04  0.40053430E-04  0.96993127E-05
 -0.23522542E-05 -0.21090533E-05
 -0.23785070E-04  0.33241104E-04 -0.14666645E-04  0.34332891E-04  0.30674754E-04
  0.10019853E-04 -0.18365876E-04 -0.39841390E-05  0.66797744E-05  0.11932280E-05
 -0.12830154E-04 -0.25001158E-05
  0.67396470E-05  0.66763144E-04  0.33752610E-05 -0.31565412E-04  0.11742171E-04
 -0.14925777E-04  0.59571032E-05 -0.17022184E-04 -0.12356733E-04  0.60361881E-07
 -0.17098231E-04  0.32368665E-06
 -0.11239732E-04  0.21252144E-04  0.18182401E-04  0.22087228E-05  0.35949429E-05
 -0.16450369E-04 -0.21761309E-04  0.10365282E-04 -0.24257178E-04 -0.11742893E-04
 -0.95790816E-05  0.19282181E-05
 -0.44107483E-05 -0.15280025E-05 -0.37855506E-04 -0.54271942E-06  0.68493897E-05
 -0.13831411E-04 -0.30163208E-04 -0.98206163E-05 -0.41053677E-05 -0.52957449E-05
 -0.11418605E-04 -0.41698794E-05
  0.27220184E-05  0.30234257E-05  0.69961293E-04  0.53651923E-05 -0.16294765E-04
 -0.26969574E-04  0.36730177E-04  0.12472447E-04  0.90363028E-05  0.11640344E-07
 -0.11651763E-05 -0.17947405E-05
 -0.29388653E-05 -0.58429464E-04 -0.34678223E-05 -0.28359819E-04 -0.42319676E-04
  0.23651530E-04 -0.25280825E-04  0.12573862E-04 -0.28120985E-05  0.12130534E-04
  0.16820066E-04 -0.80219165E-06
  0.50260095E-05  0.55282305E-04 -0.13375361E-04 -0.80250453E-05  0.34385536E-04
  0.74851631E-05 -0.10101743E-04  0.98791602E-06  0.18026207E-06 -0.34754673E-05
  0.13146753E-04  0.38937292E-05
  0.00000000E+00  0.00000000E+00  0.00000000E+00  0.00000000E+00  0.00000000E+00
  0.00000000E+00  0.00000000E+00  0.00000000E+00  0.00000000E+00  0.00000000E+00
  0.00000000E+00  0.00000000E+00
  0.00000000E+00  0.00000000E+00  0.00000000E+00  0.00000000E+00  0.00000000E+00
  0.00000000E+00  0.00000000E+00  0.00000000E+00  0.00000000E+00  0.00000000E+00
  0.00000000E+00  0.00000000E+00
  0.00000000E+00  0.00000000E+00  0.00000000E+00  0.00000000E+00  0.00000000E+00
  0.00000000E+00  0.00000000E+00  0.00000000E+00  0.00000000E+00  0.00000000E+00
  0.00000000E+00  0.00000000E+00
  0.00000000E+00  0.00000000E+00  0.00000000E+00  0.00000000E+00  0.00000000E+00
  0.00000000E+00  0.00000000E+00  0.00000000E+00  0.00000000E+00  0.00000000E+00
  0.00000000E+00  0.00000000E+00
  0.00000000E+00  0.00000000E+00  0.00000000E+00  0.00000000E+00  0.00000000E+00
  0.00000000E+00  0.00000000E+00  0.00000000E+00  0.00000000E+00  0.00000000E+00
  0.00000000E+00  0.00000000E+00
  0.00000000E+00  0.00000000E+00  0.00000000E+00  0.00000000E+00  0.00000000E+00
  0.00000000E+00  0.00000000E+00  0.00000000E+00  0.00000000E+00  0.00000000E+00
  0.00000000E+00  0.00000000E+00
  0.00000000E+00  0.00000000E+00  0.00000000E+00  0.00000000E+00  0.00000000E+00
  0.00000000E+00  0.00000000E+00  0.00000000E+00  0.00000000E+00  0.00000000E+00
  0.00000000E+00  0.00000000E+00
  0.00000000E+00  0.00000000E+00  0.00000000E+00  0.00000000E+00  0.00000000E+00
  0.00000000E+00  0.00000000E+00  0.00000000E+00  0.00000000E+00  0.00000000E+00
  0.00000000E+00  0.00000000E+00
  0.00000000E+00  0.00000000E+00  0.00000000E+00  0.00000000E+00  0.00000000E+00
  0.00000000E+00  0.00000000E+00  0.00000000E+00  0.00000000E+00  0.00000000E+00
  0.00000000E+00  0.00000000E+00
  0.00000000E+00  0.00000000E+00  0.00000000E+00  0.00000000E+00  0.00000000E+00
  0.00000000E+00  0.00000000E+00  0.00000000E+00  0.00000000E+00  0.00000000E+00
  0.00000000E+00  0.00000000E+00
  0.00000000E+00  0.00000000E+00  0.00000000E+00  0.00000000E+00  0.00000000E+00
  0.00000000E+00  0.00000000E+00  0.00000000E+00  0.00000000E+00  0.00000000E+00
  0.00000000E+00  0.00000000E+00
  0.00000000E+00  0.00000000E+00  0.00000000E+00  0.00000000E+00  0.00000000E+00
  0.00000000E+00  0.00000000E+00  0.00000000E+00  0.00000000E+00  0.00000000E+00
  0.00000000E+00  0.00000000E+00
  0.00000000E+00  0.00000000E+00  0.00000000E+00  0.00000000E+00  0.00000000E+00
  0.00000000E+00  0.00000000E+00  0.00000000E+00  0.00000000E+00  0.00000000E+00
  0.00000000E+00  0.00000000E+00
  0.00000000E+00  0.00000000E+00  0.00000000E+00  0.00000000E+00  0.00000000E+00
  0.00000000E+00  0.00000000E+00  0.00000000E+00  0.00000000E+00  0.00000000E+00
  0.00000000E+00  0.00000000E+00
  0.00000000E+00  0.00000000E+00  0.00000000E+00  0.00000000E+00  0.00000000E+00
  0.00000000E+00  0.00000000E+00  0.00000000E+00  0.00000000E+00  0.00000000E+00
  0.00000000E+00  0.00000000E+00
  0.00000000E+00  0.00000000E+00  0.00000000E+00  0.00000000E+00  0.00000000E+00
  0.00000000E+00  0.00000000E+00  0.00000000E+00  0.00000000E+00  0.00000000E+00
  0.00000000E+00  0.00000000E+00
  0.00000000E+00  0.00000000E+00  0.00000000E+00  0.00000000E+00  0.00000000E+00
  0.00000000E+00  0.00000000E+00  0.00000000E+00  0.00000000E+00  0.00000000E+00
  0.00000000E+00  0.00000000E+00
  0.00000000E+00  0.00000000E+00  0.00000000E+00  0.00000000E+00  0.00000000E+00
  0.00000000E+00  0.00000000E+00  0.00000000E+00  0.00000000E+00  0.00000000E+00
  0.00000000E+00  0.00000000E+00
  0.00000000E+00  0.00000000E+00  0.00000000E+00  0.00000000E+00  0.00000000E+00
  0.00000000E+00  0.00000000E+00  0.00000000E+00  0.00000000E+00  0.00000000E+00
  0.00000000E+00  0.00000000E+00
  0.00000000E+00  0.00000000E+00  0.00000000E+00  0.00000000E+00  0.00000000E+00
  0.00000000E+00  0.00000000E+00  0.00000000E+00  0.00000000E+00  0.00000000E+00
  0.00000000E+00  0.00000000E+00
  0.00000000E+00  0.00000000E+00  0.00000000E+00  0.00000000E+00  0.00000000E+00
  0.00000000E+00  0.00000000E+00  0.00000000E+00  0.00000000E+00  0.00000000E+00
  0.00000000E+00  0.00000000E+00
  0.00000000E+00  0.00000000E+00  0.00000000E+00  0.00000000E+00  0.00000000E+00
  0.00000000E+00  0.00000000E+00  0.00000000E+00  0.00000000E+00  0.00000000E+00
  0.00000000E+00  0.00000000E+00
  0.00000000E+00  0.00000000E+00  0.00000000E+00  0.00000000E+00  0.00000000E+00
  0.00000000E+00  0.00000000E+00  0.00000000E+00  0.00000000E+00  0.00000000E+00
  0.00000000E+00  0.00000000E+00
  0.00000000E+00  0.00000000E+00  0.00000000E+00  0.00000000E+00  0.00000000E+00
  0.00000000E+00  0.00000000E+00  0.00000000E+00  0.00000000E+00  0.00000000E+00
  0.00000000E+00  0.00000000E+00
  0.49754472E+01  0.76264757E+01 -0.26691916E+01 -0.42370142E+01 -0.32643411E+01
 -0.43811309E+01 -0.38354064E+01 -0.46205398E+01 -0.39504340E+01 -0.39641178E+01
 -0.25996161E+01 -0.23887247E+00
  0.48915384E+01  0.90173957E+01 -0.44805295E+01 -0.36272995E+01 -0.37330503E+01
 -0.46541047E+01 -0.31577382E+01 -0.30055652E+01 -0.33238050E+01 -0.30005293E+01
 -0.32309408E+01 -0.28246340E+00
  0.48371608E+01  0.72664724E+01 -0.24190607E+01 -0.29345075E+01 -0.37723574E+01
 -0.48892095E+01 -0.43077378E+01 -0.33773020E+01 -0.46684217E+01 -0.34014851E+01
 -0.28799172E+01 -0.15061271E+00
  0.47902976E+01  0.90827152E+01 -0.29279678E+01 -0.33712086E+01 -0.38780769E+01
 -0.47662120E+01 -0.47815135E+01 -0.31425421E+01 -0.34075086E+01 -0.36454088E+01
 -0.27516413E+01 -0.11417109E+00
  0.47544243E+01  0.79897950E+01 -0.33479744E+01 -0.47268989E+01 -0.35165495E+01
 -0.52199208E+01 -0.44684080E+01 -0.48058171E+01 -0.34929046E+01 -0.36795978E+01
 -0.34803065E+01 -0.35307553E+00
  0.49198548E+01  0.87696067E+01 -0.25564955E+01 -0.25769161E+01 -0.33702108E+01
 -0.39896792E+01 -0.52951155E+01 -0.40776215E+01 -0.37262854E+01 -0.23998926E+01
 -0.28530215E+01 -0.69348203E-01
  0.50729184E+01  0.85160309E+01 -0.33963506E+01 -0.42047692E+01 -0.42196003E+01
 -0.46928705E+01 -0.40924467E+01 -0.32833983E+01 -0.51644037E+01 -0.40116003E+01
 -0.24742804E+01 -0.35622169E+00
  0.48537522E+01  0.77266090E+01 -0.38881104E+01 -0.45714579E+01 -0.34563202E+01
 -0.37318069E+01 -0.40144690E+01 -0.45459739E+01 -0.35268746E+01 -0.39259671E+01
 -0.41202974E+01 -0.39291245E+00
  0.50684161E+01  0.77502246E+01 -0.16671876E+01 -0.33982487E+01 -0.30003152E+01
 -0.42612810E+01 -0.38496669E+01 -0.42519228E+01 -0.41936871E+01 -0.40575355E+01
 -0.31285668E+01 -0.21901043E+00
  0.52270759E+01  0.88363682E+01 -0.35211224E+01 -0.31604711E+01 -0.44609760E+01
 -0.48118230E+01 -0.35251286E+01 -0.48680679E+01 -0.43550833E+01 -0.37495432E+01
 -0.35298087E+01 -0.14098233E+00
  0.52336290E+01  0.85004656E+01 -0.33083159E+01 -0.46048250E+01 -0.51557390E+01
 -0.44211928E+01 -0.49320473E+01 -0.59166032E+01 -0.40164314E+01 -0.37465383E+01
 -0.34022190E+01 -0.41012461E+00
  0.48835499E+01  0.76789179E+01 -0.17822720E+01 -0.34543984E+01 -0.48912450E+01
 -0.51858430E+01 -0.38702300E+01 -0.33256285E+01 -0.37125735E+01 -0.35217537E+01
 -0.26686686E+01 -0.48751179E+00
  0.47809702E+01  0.84096216E+01 -0.16150645E+01 -0.37155641E+01 -0.38899080E+01
 -0.50127489E+01 -0.41327821E+01 -0.32033461E+01 -0.34453107E+01 -0.42200079E+01
 -0.29247419E+01 -0.33389253E+00
  0.46614226E+01  0.88500018E+01 -0.22121105E+01 -0.41624893E+01 -0.35419117E+01
 -0.33946122E+01 -0.43973187E+01 -0.39724374E+01 -0.34184979E+01 -0.36378497E+01
 -0.25760555E+01 -0.11369817E+00
  0.50220919E+01  0.77777088E+01 -0.31178176E+01 -0.35819121E+01 -0.38627554E+01
 -0.32049491E+01 -0.38231197E+01 -0.29577845E+01 -0.38598585E+01 -0.36257400E+01
 -0.28445537E+01 -0.63904139E-01
  0.50950072E+01  0.88764892E+01 -0.25891770E+01 -0.44786460E+01 -0.46876360E+01
 -0.45843199E+01 -0.35299666E+01 -0.37301721E+01 -0.32898716E+01 -0.33177560E+01
 -0.28614868E+01 -0.21000218E+00
  0.48273891E+01  0.86487176E+01 -0.37212102E+01 -0.32454277E+01 -0.52564170E+01
 -0.42070097E+01 -0.45486308E+01 -0.38838860E+01 -0.40154119E+01 -0.35819221E+01
 -0.25885091E+01 -0.34533936E+00
  0.49261661E+01  0.88955673E+01 -0.33291875E+01 -0.32032856E+01 -0.40673977E+01
 -0.52655827E+01 -0.38340465E+01 -0.38722174E+01 -0.37892337E+01 -0.43492207E+01
 -0.31971975E+01 -0.16187241E+00
  0.48256932E+01  0.85685223E+01 -0.20485181E+01 -0.52983595E+01 -0.40652691E+01
 -0.37575326E+01 -0.45342464E+01 -0.34535437E+01 -0.44927266E+01 -0.30467899E+01
 -0.21483645E+01 -0.54568517E+00
  0.51609288E+01  0.83564238E+01 -0.27251631E+01 -0.31630296E+01 -0.35550162E+01
 -0.39642462E+01 -0.49585438E+01 -0.45662377E+01 -0.44514517E+01 -0.28166644E+01
 -0.25824511E+01 -0.26720590E+00
  0.54052031E+01  0.71247313E+01 -0.25028943E+01 -0.36985380E+01 -0.48365779E+01
 -0.35136740E+01 -0.54106097E+01 -0.40898436E+01 -0.45166015E+01 -0.32823634E+01
 -0.27993273E+01 -0.60739144E+00
  0.49656246E+01  0.80707408E+01 -0.27482511E+01 -0.39060584E+01 -0.38815794E+01
 -0.38069954E+01 -0.47177942E+01 -0.35990640E+01 -0.38096633E+01 -0.40690972E+01
 -0.31551834E+01 -0.19833087E+00
  0.49015469E+01  0.74803152E+01 -0.28991468E+01 -0.37931648E+01 -0.53677195E+01
 -0.42629280E+01 -0.54379352E+01 -0.46130117E+01 -0.44598679E+01 -0.39081379E+01
 -0.28136767E+01 -0.23165687E+00
  0.53122091E+01  0.85976035E+01 -0.20944073E+01 -0.35169840E+01 -0.42885121E+01
 -0.41518545E+01 -0.39471418E+01 -0.45676317E+01 -0.34947623E+01 -0.35909616E+01
 -0.30559349E+01 -0.34304257E+00
