-.240000E+21
  0.00000000E+00  0.00000000E+00  0.00000000E+00  0.00000000E+00  0.00000000E+00
  0.00000000E+00  0.00000000E+00  0.00000000E+00  0.00000000E+00  0.00000000E+00
  0.00000000E+00  0.00000000E+00
  0.00000000E+00  0.00000000E+00  0.00000000E+00  0.00000000E+00  0.00000000E+00
  0.00000000E+00  0.00000000E+00  0.00000000E+00  0.00000000E+00  0.00000000E+00
  0.00000000E+00  0.00000000E+00
  0.00000000E+00  0.00000000E+00  0.00000000E+00  0.00000000E+00  0.00000000E+00
  0.00000000E+00  0.00000000E+00  0.00000000E+00  0.00000000E+00  0.00000000E+00
  0.00000000E+00  0.00000000E+00
  0.00000000E+00  0.00000000E+00  0.00000000E+00  0.00000000E+00  0.00000000E+00
  0.00000000E+00  0.00000000E+00  0.00000000E+00  0.00000000E+00  0.00000000E+00
  0.00000000E+00  0.00000000E+00
  0.00000000E+00  0.00000000E+00  0.00000000E+00  0.00000000E+00  0.00000000E+00
  0.00000000E+00  0.00000000E+00  0.00000000E+00  0.00000000E+00  0.00000000E+00
  0.00000000E+00  0.00000000E+00
  0.00000000E+00  0.00000000E+00  0.00000000E+00  0.00000000E+00  0.00000000E+00
  0.00000000E+00  0.00000000E+00  0.00000000E+00  0.00000000E+00  0.00000000E+00
  0.00000000E+00  0.00000000E+00
  0.00000000E+00  0.00000000E+00  0.00000000E+00  0.00000000E+00  0.00000000E+00
  0.00000000E+00  0.00000000E+00  0.00000000E+00  0.00000000E+00  0.00000000E+00
  0.00000000E+00  0.00000000E+00
  0.00000000E+00  0.00000000E+00  0.00000000E+00  0.00000000E+00  0.00000000E+00
  0.00000000E+00  0.00000000E+00  0.00000000E+00  0.00000000E+00  0.00000000E+00
  0.00000000E+00  0.00000000E+00
  0.00000000E+00  0.00000000E+00  0.00000000E+00  0.00000000E+00  0.00000000E+00
  0.00000000E+00  0.00000000E+00  0.00000000E+00  0.00000000E+00  0.00000000E+00
  0.00000000E+00  0.00000000E+00
  0.00000000E+00  0.00000000E+00  0.00000000E+00  0.00000000E+00  0.00000000E+00
  0.00000000E+00  0.00000000E+00  0.00000000E+00  0.00000000E+00  0.00000000E+00
  0.00000000E+00  0.00000000E+00
  0.00000000E+00  0.00000000E+00  0.00000000E+00  0.00000000E+00  0.00000000E+00
  0.00000000E+00  0.00000000E+00  0.00000000E+00  0.00000000E+00  0.00000000E+00
  0.00000000E+00  0.00000000E+00
  0.00000000E+00  0.00000000E+00  0.00000000E+00  0.00000000E+00  0.00000000E+00
  0.00000000E+00  0.00000000E+00  0.00000000E+00  0.00000000E+00  0.00000000E+00
  0.00000000E+00  0.00000000E+00
  0.00000000E+00  0.00000000E+00  0.00000000E+00  0.00000000E+00  0.00000000E+00
  0.00000000E+00  0.00000000E+00  0.00000000E+00  0.00000000E+00  0.00000000E+00
  0.00000000E+00  0.00000000E+00
  0.00000000E+00  0.00000000E+00  0.00000000E+00  0.00000000E+00  0.00000000E+00
  0.00000000E+00  0.00000000E+00  0.00000000E+00  0.00000000E+00  0.00000000E+00
  0.00000000E+00  0.00000000E+00
  0.00000000E+00  0.00000000E+00  0.00000000E+00  0.00000000E+00  0.00000000E+00
  0.00000000E+00  0.00000000E+00  0.00000000E+00  0.00000000E+00  0.00000000E+00
  0.00000000E+00  0.00000000E+00
  0.00000000E+00  0.00000000E+00  0.00000000E+00  0.00000000E+00  0.00000000E+00
  0.00000000E+00  0.00000000E+00  0.00000000E+00  0.00000000E+00  0.00000000E+00
  0.00000000E+00  0.00000000E+00
  0.00000000E+00  0.00000000E+00  0.00000000E+00  0.00000000E+00  0.00000000E+00
  0.00000000E+00  0.00000000E+00  0.00000000E+00  0.00000000E+00  0.00000000E+00
  0.00000000E+00  0.00000000E+00
  0.00000000E+00  0.00000000E+00  0.00000000E+00  0.00000000E+00  0.00000000E+00
  0.00000000E+00  0.00000000E+00  0.00000000E+00  0.00000000E+00  0.00000000E+00
  0.00000000E+00  0.00000000E+00
  0.00000000E+00  0.00000000E+00  0.00000000E+00  0.00000000E+00  0.00000000E+00
  0.00000000E+00  0.00000000E+00  0.00000000E+00  0.00000000E+00  0.00000000E+00
  0.00000000E+00  0.00000000E+00
  0.00000000E+00  0.00000000E+00  0.00000000E+00  0.00000000E+00  0.00000000E+00
  0.00000000E+00  0.00000000E+00  0.00000000E+00  0.00000000E+00  0.00000000E+00
  0.00000000E+00  0.00000000E+00
  0.00000000E+00  0.00000000E+00  0.00000000E+00  0.00000000E+00  0.00000000E+00
  0.00000000E+00  0.00000000E+00  0.00000000E+00  0.00000000E+00  0.00000000E+00
  0.00000000E+00  0.00000000E+00
  0.00000000E+00  0.00000000E+00  0.00000000E+00  0.00000000E+00  0.00000000E+00
  0.00000000E+00  0.00000000E+00  0.00000000E+00  0.00000000E+00  0.00000000E+00
  0.00000000E+00  0.00000000E+00
  0.00000000E+00  0.00000000E+00  0.00000000E+00  0.00000000E+00  0.00000000E+00
  0.00000000E+00  0.00000000E+00  0.00000000E+00  0.00000000E+00  0.00000000E+00
  0.00000000E+00  0.00000000E+00
  0.00000000E+00  0.00000000E+00  0.00000000E+00  0.00000000E+00  0.00000000E+00
  0.00000000E+00  0.00000000E+00  0.00000000E+00  0.00000000E+00  0.00000000E+00
  0.00000000E+00  0.00000000E+00
 -0.33065016E-04  0.48080069E-03  0.44858269E-03  0.30266645E-03  0.30568527E-03
  0.28555614E-03  0.31414893E-03  0.29501118E-03  0.17630457E-03  0.24139642E-03
  0.19054941E-03  0.28566833E-04
  0.87026052E-04  0.39864854E-03  0.25341910E-03  0.44098978E-03  0.28251870E-03
  0.31349260E-03  0.24941095E-03  0.13754380E-03  0.20743591E-03  0.20015946E-03
  0.17274737E-03  0.12350000E-05
  0.16498529E-03  0.58207381E-03  0.35542174E-03  0.17728124E-03  0.28267016E-03
  0.33051960E-03  0.17043021E-03  0.21463624E-03  0.21129996E-03  0.17562857E-03
  0.14740993E-03  0.19650870E-04
  0.81451840E-04  0.23797023E-03  0.41926925E-03  0.43321657E-03  0.24819677E-03
  0.20215358E-03  0.20414947E-03  0.27418270E-03  0.16088063E-03  0.20242165E-03
  0.19665511E-03  0.14499581E-04
  0.24810806E-04  0.58409036E-03  0.33148781E-03  0.26285588E-03  0.22258635E-03
  0.35725350E-03  0.36566585E-03  0.27731040E-03  0.26876273E-03  0.28329900E-03
  0.21186255E-03  0.82722461E-05
  0.87792618E-04  0.38936653E-03  0.30340691E-03  0.25352084E-03  0.30247773E-03
  0.22809941E-03  0.15550252E-03  0.24145655E-03  0.93583916E-04  0.23977830E-03
  0.21417053E-03  0.32125988E-04
  0.16413565E-03  0.44551388E-03  0.30124266E-03  0.34922254E-03  0.29357859E-03
  0.29404886E-03  0.25153352E-03  0.19729856E-03  0.24094097E-03  0.19791056E-03
  0.18570061E-03  0.13267525E-04
  0.39573198E-04  0.29270281E-03  0.44403651E-03  0.20146470E-03  0.29081580E-03
  0.32712783E-03  0.27175591E-03  0.29526849E-03  0.25259785E-03  0.19997881E-03
  0.15756939E-03 -0.81748154E-06
  0.11620669E-03  0.37530174E-03  0.43266209E-03  0.26010432E-03  0.24826490E-03
  0.25307267E-03  0.22614119E-03  0.23237657E-03  0.13390915E-03  0.26420512E-03
  0.21407291E-03  0.15705639E-04
 -0.80545266E-05  0.37778366E-03  0.27261277E-03  0.26740049E-03  0.35319971E-03
  0.27101510E-03  0.12330040E-03  0.27872918E-03  0.15677547E-03  0.14345252E-03
  0.20115975E-03  0.94501725E-05
  0.24961001E-04  0.44339121E-03  0.35507894E-03  0.28146072E-03  0.11846696E-03
  0.16800251E-03  0.26700020E-03  0.32814233E-03  0.19306041E-03  0.23586950E-03
  0.19850163E-03  0.16411632E-04
  0.49674982E-05  0.32746266E-03  0.28667641E-03  0.31943623E-03  0.31815003E-03
  0.30305536E-03  0.19894221E-03  0.27237521E-03  0.14147466E-03  0.30136435E-03
  0.16150557E-03  0.36019563E-05
  0.10215866E-03  0.54560166E-03  0.33183059E-03  0.29231085E-03  0.33718753E-03
  0.23347078E-03  0.29771487E-03  0.28216600E-03  0.25613055E-03  0.17255492E-03
  0.11898808E-03  0.12773527E-04
  0.58089870E-04  0.47676224E-03  0.39549136E-03  0.26279285E-03  0.43748257E-03
  0.23659494E-03  0.18172831E-03  0.26799534E-03  0.23590889E-03  0.20242257E-03
  0.21702646E-03  0.33700530E-04
  0.12417353E-03  0.56406515E-03  0.33644000E-03  0.18059166E-03  0.29945119E-03
  0.23218576E-03  0.22953131E-03  0.30343598E-03  0.20867515E-03  0.29159677E-03
  0.16488538E-03  0.19616313E-04
  0.10412123E-03  0.52718978E-03  0.38065095E-03  0.28801863E-03  0.31922471E-03
  0.16446645E-03  0.33388604E-03  0.35207884E-03  0.15334275E-03  0.13101110E-03
  0.24484784E-03  0.42545946E-04
  0.19361519E-03  0.52556022E-03  0.34092104E-03  0.16946848E-03  0.14346019E-03
  0.31625570E-03  0.16372636E-03  0.38340999E-03  0.23400993E-03  0.23739322E-03
  0.16839620E-03  0.32343057E-04
 -0.17332865E-04  0.56090565E-03  0.35514839E-03  0.25828735E-03  0.26862968E-03
  0.20002230E-03  0.28653610E-03  0.16884867E-03  0.14935580E-03  0.17298759E-03
  0.18030612E-03  0.36277679E-04
  0.91526114E-04  0.51729094E-03  0.41956855E-03  0.23379252E-03  0.26324999E-03
  0.37146373E-03  0.21380819E-03  0.24345944E-03  0.22356183E-03  0.15808710E-03
  0.15984375E-03  0.17095798E-04
  0.50306673E-04  0.48457854E-03  0.32278632E-03  0.27130133E-03  0.22663092E-03
  0.24538851E-03  0.29676169E-03  0.12355026E-03  0.22533905E-03  0.23123936E-03
  0.20242119E-03  0.12941298E-04
  0.13637866E-03  0.44367898E-03  0.45758900E-03  0.36953383E-03  0.25748779E-03
  0.28994626E-03  0.32307837E-03  0.28091371E-03  0.14632314E-03  0.17666022E-03
  0.17332542E-03  0.13480922E-04
  0.69020767E-04  0.50208605E-03  0.26816994E-03  0.45024687E-03  0.36823735E-03
  0.27785947E-03  0.14303831E-03  0.24302120E-03  0.19122941E-03  0.15803701E-03
  0.25005658E-03  0.17452579E-04
  0.54835198E-04  0.27242826E-03  0.41235586E-03  0.20202432E-03  0.28958555E-03
  0.35515180E-03  0.15606084E-03  0.30042856E-03  0.16702805E-03  0.25364761E-03
  0.21235678E-03  0.42462570E-04
  0.43123298E-04  0.65246187E-03  0.55408816E-03  0.29476527E-03  0.38729777E-03
  0.25464553E-03  0.24557570E-03  0.14472822E-03  0.27589363E-03  0.26468330E-03
  0.21969922E-03  0.29045020E-04
  0.70358568E-04 -0.72034016E-04 -0.81171191E-05  0.35082960E-04 -0.76430204E-06
 -0.10571864E-04 -0.79379926E-04 -0.33354295E-04 -0.26804911E-05  0.23518265E-04
 -0.32627028E-04 -0.94024582E-05
  0.45652533E-04 -0.53872227E-04  0.57191312E-04  0.14840054E-03 -0.57954621E-04
  0.83709899E-04 -0.41380564E-04  0.75184403E-04 -0.12231549E-04 -0.25622564E-05
  0.63511756E-04 -0.65285281E-05
  0.75103735E-04 -0.11214332E-03  0.48918644E-04 -0.90649505E-04  0.48767080E-04
 -0.41238750E-04 -0.14394483E-03  0.10840547E-03  0.41283645E-04  0.18143271E-05
  0.33081523E-04  0.68777937E-05
  0.61631455E-06  0.99551142E-04 -0.10908253E-04  0.50471668E-04  0.56271411E-04
  0.85110067E-04 -0.14407480E-03 -0.77487005E-04  0.16283945E-04 -0.18563947E-04
 -0.58430666E-04  0.78577084E-05
  0.39593743E-04 -0.51576485E-04 -0.95035907E-04 -0.89770731E-04 -0.27802237E-03
  0.19688411E-04  0.48529848E-05 -0.11067426E-04 -0.50561329E-04  0.13058417E-04
 -0.38832218E-04  0.11186306E-04
 -0.25004721E-04 -0.59708499E-05 -0.73997416E-04 -0.22042701E-04  0.23278325E-03
  0.72101853E-04  0.44103027E-04  0.43996102E-04 -0.18770801E-04 -0.28900940E-04
  0.23699749E-04  0.30193547E-05
 -0.57947354E-05 -0.42130056E-04 -0.32493790E-04 -0.58187123E-04 -0.39571658E-04
  0.11564986E-04  0.39745941E-04  0.35393106E-04  0.12635004E-05  0.46749428E-04
 -0.53532741E-04 -0.51431149E-05
  0.15897108E-04  0.30229421E-04  0.38786637E-04  0.40805617E-04  0.11922668E-03
 -0.24109479E-04  0.11662876E-04 -0.59612362E-04 -0.25657101E-04  0.36952702E-05
 -0.59146207E-04  0.84212005E-05
  0.39219879E-04  0.94979201E-04 -0.14354330E-03  0.20795045E-03 -0.16337961E-03
 -0.65676989E-04  0.38588857E-04  0.72219878E-04  0.22756375E-05 -0.58133184E-04
 -0.24943138E-04 -0.13241634E-04
 -0.14374159E-04 -0.17702510E-03  0.79352369E-04 -0.39762252E-04 -0.69158557E-04
  0.26196692E-04 -0.89606531E-04  0.15214470E-03  0.68665275E-04  0.42918618E-04
  0.50275948E-05 -0.68234486E-05
  0.11393132E-04  0.23452880E-04  0.11242454E-03 -0.46073544E-04  0.14880692E-03
  0.28274954E-04  0.35286263E-05  0.85767140E-04 -0.11697750E-03 -0.49363225E-04
  0.11741785E-04 -0.28208404E-05
 -0.10013593E-03  0.46062670E-04 -0.27654440E-04  0.89665696E-04 -0.26099714E-04
 -0.11062810E-03  0.70888402E-04  0.87087541E-04 -0.40649570E-04  0.57314572E-05
  0.20160039E-04 -0.51276461E-05
  0.29937032E-04  0.24179501E-04  0.55473818E-04 -0.12922976E-04  0.44765858E-05
  0.73487960E-04 -0.72301434E-06  0.92755337E-04 -0.56801080E-04  0.99271777E-05
  0.59401579E-04 -0.90166556E-05
  0.24525152E-04 -0.11490838E-03  0.14696967E-03 -0.17057306E-03 -0.10394274E-05
  0.15689245E-04 -0.25454466E-04  0.33602413E-04 -0.97222390E-05 -0.27217882E-04
  0.73941615E-05  0.81375805E-05
  0.17738281E-04  0.17789870E-04  0.26603486E-04 -0.30845016E-04  0.63356666E-04
 -0.11282534E-04  0.23863040E-04 -0.15939756E-04 -0.31225584E-04 -0.10701917E-03
  0.63002582E-04 -0.38462599E-05
  0.35523607E-04 -0.97635972E-05 -0.40248079E-04 -0.98155801E-04  0.10078269E-03
 -0.43409632E-04  0.29176339E-04  0.15883387E-04 -0.35673108E-04 -0.16721525E-04
  0.13203248E-04  0.46075507E-05
  0.90805489E-04 -0.10105892E-03  0.53542716E-04 -0.17210596E-04 -0.28606446E-04
  0.16697715E-04  0.27351804E-05  0.38834330E-04  0.33085485E-04  0.74590446E-04
 -0.25916142E-04 -0.16909784E-04
  0.21492498E-04  0.33395686E-04  0.47345017E-04 -0.11101979E-03  0.33489175E-04
  0.83857348E-04  0.22437377E-04 -0.30248583E-05  0.90772077E-04 -0.22113517E-04
  0.38500298E-04  0.12987628E-04
 -0.17661320E-04 -0.11316617E-04 -0.64535155E-04 -0.41368509E-04  0.39490553E-04
 -0.61347278E-04  0.21060752E-04 -0.73080564E-04 -0.30509996E-04  0.48383737E-04
 -0.17785013E-04 -0.82531528E-05
 -0.92562699E-05 -0.52859629E-04 -0.56407967E-04 -0.13263110E-03 -0.57429668E-04
  0.36458971E-04 -0.25685858E-04  0.38033048E-04  0.27765733E-04 -0.30475358E-04
  0.33765350E-04  0.85063631E-05
  0.20548361E-04  0.22482730E-03 -0.11418700E-03  0.92969918E-04  0.60279140E-04
 -0.47723912E-05 -0.46400382E-04  0.72687389E-05 -0.25640313E-04  0.29542080E-05
 -0.48549941E-04 -0.10323009E-04
  0.53498005E-04 -0.10961689E-03  0.11118311E-03 -0.14685833E-03  0.53133155E-04
 -0.27073226E-04 -0.39610821E-04 -0.13778917E-03 -0.16020004E-04 -0.61544521E-04
 -0.71059086E-04  0.42822416E-05
  0.13607414E-04 -0.13032593E-04 -0.21891224E-05  0.12040420E-03 -0.83080929E-04
  0.39514700E-04 -0.26994570E-04 -0.15110335E-04  0.32509980E-04  0.97241923E-04
  0.25214821E-04 -0.67746082E-05
 -0.55017988E-04  0.12041978E-03 -0.14428250E-03  0.55883777E-06 -0.25947923E-04
  0.60982617E-04  0.61099473E-05  0.37286582E-04  0.56514167E-04 -0.13240904E-04
 -0.25376258E-04 -0.64799554E-05
 -0.30554069E-04 -0.79369311E-04  0.35960462E-04  0.13218365E-03 -0.11696071E-03
 -0.36073132E-05  0.15675991E-04  0.56950375E-04 -0.49911568E-04 -0.14461007E-04
 -0.39161933E-04  0.24601493E-04
 -0.11875609E-04  0.10985686E-03  0.87735555E-04  0.14042371E-03  0.13014275E-03
  0.24210339E-05 -0.10272764E-03 -0.25781280E-04 -0.95179889E-04 -0.55628818E-05
  0.21917257E-04  0.16320643E-06
  0.24018992E-04  0.41026806E-04  0.60184737E-04 -0.81872641E-04  0.65588272E-05
 -0.17928087E-04  0.26757672E-04 -0.48026689E-04 -0.67139424E-04 -0.40844596E-04
  0.23590016E-04  0.26173261E-05
  0.64319053E-04 -0.85501816E-06 -0.56869885E-04  0.19740567E-04 -0.91097509E-05
 -0.87923612E-04  0.90973567E-04  0.30635873E-04  0.69758459E-05  0.18072716E-04
  0.27895347E-04  0.41364458E-05
 -0.43795464E-04  0.25167261E-03  0.10910523E-03  0.38979294E-03  0.69254765E-04
  0.80797578E-04  0.86949228E-04 -0.40815167E-04  0.24699416E-04  0.15436914E-03
 -0.27528843E-04  0.62899211E-05
 -0.20046545E-04 -0.12697825E-03 -0.76831544E-04 -0.16087834E-03 -0.71946638E-04
  0.99337836E-04  0.75473201E-04 -0.37834027E-04  0.13248842E-04 -0.50583957E-04
 -0.56541943E-04 -0.19981301E-04
  0.90044336E-04  0.88280385E-04 -0.45547476E-04  0.26966116E-03 -0.97669308E-04
 -0.11981578E-03 -0.88765267E-05  0.81336322E-04  0.54409895E-04 -0.40652448E-04
  0.12701482E-04  0.20283495E-04
 -0.38974924E-04  0.27466966E-03  0.66837530E-04  0.33479607E-04  0.65813099E-04
 -0.56630464E-04 -0.11937975E-03  0.82483409E-04 -0.73038136E-04  0.12546727E-04
  0.34685122E-04  0.11428997E-04
  0.80947046E-05  0.60462746E-04 -0.15345694E-03 -0.21051383E-04 -0.35296999E-04
  0.19663010E-03  0.60136368E-04  0.17427195E-04 -0.63503638E-04  0.12446852E-04
 -0.22777245E-04  0.19954871E-04
 -0.11828749E-04 -0.86387088E-04 -0.56514482E-04  0.15179716E-03  0.41596749E-04
  0.94184206E-05 -0.78559322E-04 -0.38704594E-04  0.67941618E-04 -0.24218118E-04
  0.92359780E-05 -0.83272009E-05
 -0.13511348E-04 -0.12279758E-03  0.62236034E-05 -0.13623792E-03 -0.13545475E-03
  0.36402584E-04 -0.10386517E-03 -0.25516657E-05  0.33640109E-05 -0.38373275E-04
 -0.32424628E-04 -0.35449874E-05
  0.79445939E-05 -0.18276379E-03 -0.13130268E-04  0.14515759E-04  0.10201518E-03
 -0.34401474E-04 -0.30088199E-04 -0.11779032E-03  0.10311486E-03  0.34761259E-04
  0.20483310E-05  0.10112088E-04
 -0.33127585E-04 -0.42869099E-04 -0.68980323E-05  0.22809518E-04  0.27816433E-04
  0.55322368E-04  0.93258214E-04 -0.51892464E-04  0.55719569E-06 -0.10689777E-04
 -0.64509181E-05 -0.26162585E-05
 -0.51650869E-04 -0.18218791E-04  0.88435054E-04 -0.47736712E-04  0.51859041E-05
 -0.60207639E-04  0.96234103E-04  0.29727919E-04  0.45651695E-04  0.38148901E-05
 -0.32742158E-04  0.17577152E-05
 -0.11684610E-04  0.65267238E-04 -0.21594033E-03 -0.12237769E-03 -0.62054949E-04
 -0.48568800E-04  0.19397905E-04 -0.31930898E-04  0.15979409E-04 -0.59347059E-05
  0.15098238E-05  0.47291189E-05
 -0.61090408E-04  0.76991887E-04  0.48965233E-04 -0.37731042E-04  0.10677884E-03
  0.36100291E-04  0.15551312E-04  0.69451310E-04 -0.40977169E-04 -0.42733623E-04
 -0.17122567E-05  0.70425633E-05
  0.17234481E-04 -0.12792552E-03 -0.13673172E-04  0.64249371E-04 -0.10527363E-03
 -0.10091710E-04 -0.30467232E-04  0.83089776E-04 -0.25840010E-04 -0.27157472E-04
  0.74728055E-04  0.22489796E-05
  0.64801428E-04  0.11698047E-04  0.10922571E-03 -0.12124505E-03  0.31648798E-04
  0.28871903E-04 -0.83419125E-04 -0.28197906E-04 -0.26867527E-04 -0.26960908E-04
 -0.28658339E-04 -0.21959220E-05
 -0.55965351E-04 -0.34606958E-03 -0.86713951E-04 -0.59006239E-04  0.13907559E-03
  0.15530430E-04  0.76229557E-04  0.76416895E-04  0.63818602E-04  0.36922579E-04
  0.40181147E-04 -0.73486880E-05
 -0.54457985E-04  0.16161382E-03  0.99576446E-04 -0.73464072E-04 -0.11054393E-03
  0.71128780E-04 -0.54941404E-04 -0.35589689E-04  0.56729070E-04  0.14832710E-04
  0.40820352E-04 -0.13330267E-04
 -0.22333629E-04  0.30267484E-04 -0.87134740E-04  0.59318584E-04  0.10259219E-03
  0.68998134E-04 -0.44251952E-04  0.94376911E-05 -0.62129237E-04  0.14780176E-04
  0.25714228E-04  0.96497211E-05
 -0.43503201E-05 -0.29855193E-04 -0.39532701E-04 -0.33660077E-04 -0.42324250E-05
  0.10408186E-04 -0.33494439E-04 -0.15825131E-03 -0.12052374E-03 -0.35746887E-05
 -0.34597446E-04 -0.83880109E-05
 -0.16139537E-04 -0.36290022E-04  0.35562946E-04 -0.60821450E-04 -0.49143131E-04
  0.21440996E-04 -0.13130288E-04 -0.10571505E-03 -0.73039824E-04 -0.47265499E-04
  0.48383194E-04  0.99806662E-05
  0.30704771E-04 -0.97893882E-04 -0.10056910E-03 -0.85254796E-04 -0.36335040E-04
 -0.87694832E-05 -0.16342248E-04  0.49424875E-04  0.48658800E-04 -0.36111711E-04
  0.26085728E-04 -0.13221253E-04
  0.00000000E+00  0.00000000E+00  0.00000000E+00  0.00000000E+00  0.00000000E+00
  0.00000000E+00  0.00000000E+00  0.00000000E+00  0.00000000E+00  0.00000000E+00
  0.00000000E+00  0.00000000E+00
  0.00000000E+00  0.00000000E+00  0.00000000E+00  0.00000000E+00  0.00000000E+00
  0.00000000E+00  0.00000000E+00  0.00000000E+00  0.00000000E+00  0.00000000E+00
  0.00000000E+00  0.00000000E+00
  0.00000000E+00  0.00000000E+00  0.00000000E+00  0.00000000E+00  0.00000000E+00
  0.00000000E+00  0.00000000E+00  0.00000000E+00  0.00000000E+00  0.00000000E+00
  0.00000000E+00  0.00000000E+00
  0.00000000E+00  0.00000000E+00  0.00000000E+00  0.00000000E+00  0.00000000E+00
  0.00000000E+00  0.00000000E+00  0.00000000E+00  0.00000000E+00  0.00000000E+00
  0.00000000E+00  0.00000000E+00
  0.00000000E+00  0.00000000E+00  0.00000000E+00  0.00000000E+00  0.00000000E+00
  0.00000000E+00  0.00000000E+00  0.00000000E+00  0.00000000E+00  0.00000000E+00
  0.00000000E+00  0.00000000E+00
  0.00000000E+00  0.00000000E+00  0.00000000E+00  0.00000000E+00  0.00000000E+00
  0.00000000E+00  0.00000000E+00  0.00000000E+00  0.00000000E+00  0.00000000E+00
  0.00000000E+00  0.00000000E+00
  0.00000000E+00  0.00000000E+00  0.00000000E+00  0.00000000E+00  0.00000000E+00
  0.00000000E+00  0.00000000E+00  0.00000000E+00  0.00000000E+00  0.00000000E+00
  0.00000000E+00  0.00000000E+00
  0.00000000E+00  0.00000000E+00  0.00000000E+00  0.00000000E+00  0.00000000E+00
  0.00000000E+00  0.00000000E+00  0.00000000E+00  0.00000000E+00  0.00000000E+00
  0.00000000E+00  0.00000000E+00
  0.00000000E+00  0.00000000E+00  0.00000000E+00  0.00000000E+00  0.00000000E+00
  0.00000000E+00  0.00000000E+00  0.00000000E+00  0.00000000E+00  0.00000000E+00
  0.00000000E+00  0.00000000E+00
  0.00000000E+00  0.00000000E+00  0.00000000E+00  0.00000000E+00  0.00000000E+00
  0.00000000E+00  0.00000000E+00  0.00000000E+00  0.00000000E+00  0.00000000E+00
  0.00000000E+00  0.00000000E+00
  0.00000000E+00  0.00000000E+00  0.00000000E+00  0.00000000E+00  0.00000000E+00
  0.00000000E+00  0.00000000E+00  0.00000000E+00  0.00000000E+00  0.00000000E+00
  0.00000000E+00  0.00000000E+00
  0.00000000E+00  0.00000000E+00  0.00000000E+00  0.00000000E+00  0.00000000E+00
  0.00000000E+00  0.00000000E+00  0.00000000E+00  0.00000000E+00  0.00000000E+00
  0.00000000E+00  0.00000000E+00
  0.00000000E+00  0.00000000E+00  0.00000000E+00  0.00000000E+00  0.00000000E+00
  0.00000000E+00  0.00000000E+00  0.00000000E+00  0.00000000E+00  0.00000000E+00
  0.00000000E+00  0.00000000E+00
  0.00000000E+00  0.00000000E+00  0.00000000E+00  0.00000000E+00  0.00000000E+00
  0.00000000E+00  0.00000000E+00  0.00000000E+00  0.00000000E+00  0.00000000E+00
  0.00000000E+00  0.00000000E+00
  0.00000000E+00  0.00000000E+00  0.00000000E+00  0.00000000E+00  0.00000000E+00
  0.00000000E+00  0.00000000E+00  0.00000000E+00  0.00000000E+00  0.00000000E+00
  0.00000000E+00  0.00000000E+00
  0.00000000E+00  0.00000000E+00  0.00000000E+00  0.00000000E+00  0.00000000E+00
  0.00000000E+00  0.00000000E+00  0.00000000E+00  0.00000000E+00  0.00000000E+00
  0.00000000E+00  0.00000000E+00
  0.00000000E+00  0.00000000E+00  0.00000000E+00  0.00000000E+00  0.00000000E+00
  0.00000000E+00  0.00000000E+00  0.00000000E+00  0.00000000E+00  0.00000000E+00
  0.00000000E+00  0.00000000E+00
  0.00000000E+00  0.00000000E+00  0.00000000E+00  0.00000000E+00  0.00000000E+00
  0.00000000E+00  0.00000000E+00  0.00000000E+00  0.00000000E+00  0.00000000E+00
  0.00000000E+00  0.00000000E+00
  0.00000000E+00  0.00000000E+00  0.00000000E+00  0.00000000E+00  0.00000000E+00
  0.00000000E+00  0.00000000E+00  0.00000000E+00  0.00000000E+00  0.00000000E+00
  0.00000000E+00  0.00000000E+00
  0.00000000E+00  0.00000000E+00  0.00000000E+00  0.00000000E+00  0.00000000E+00
  0.00000000E+00  0.00000000E+00  0.00000000E+00  0.00000000E+00  0.00000000E+00
  0.00000000E+00  0.00000000E+00
  0.00000000E+00  0.00000000E+00  0.00000000E+00  0.00000000E+00  0.00000000E+00
  0.00000000E+00  0.00000000E+00  0.00000000E+00  0.00000000E+00  0.00000000E+00
  0.00000000E+00  0.00000000E+00
  0.00000000E+00  0.00000000E+00  0.00000000E+00  0.00000000E+00  0.00000000E+00
  0.00000000E+00  0.00000000E+00  0.00000000E+00  0.00000000E+00  0.00000000E+00
  0.00000000E+00  0.00000000E+00
  0.00000000E+00  0.00000000E+00  0.00000000E+00  0.00000000E+00  0.00000000E+00
  0.00000000E+00  0.00000000E+00  0.00000000E+00  0.00000000E+00  0.00000000E+00
  0.00000000E+00  0.00000000E+00
  0.00000000E+00  0.00000000E+00  0.00000000E+00  0.00000000E+00  0.00000000E+00
  0.00000000E+00  0.00000000E+00  0.00000000E+00  0.00000000E+00  0.00000000E+00
  0.00000000E+00  0.00000000E+00
  0.56156026E+01  0.76169703E+01 -0.49745225E+01 -0.60735255E+01 -0.48991279E+01
 -0.47235736E+01 -0.25956845E+01 -0.56798478E+01 -0.35772779E+01 -0.47772034E+01
 -0.42130665E+01 -0.92828756E+00
  0.52428251E+01  0.93470897E+01 -0.24623702E+01 -0.55237163E+01 -0.30948348E+01
 -0.13208431E+01 -0.47310465E+01 -0.34823504E+01 -0.32382550E+01 -0.26620001E+01
 -0.14755013E+01 -0.17289172E+00
  0.43029337E+01  0.83290070E+01 -0.84966388E+00 -0.33677762E+01 -0.47128832E+01
 -0.60832522E+01 -0.64870816E+01 -0.32947170E+01 -0.54103117E+01 -0.14496214E+01
 -0.35522837E+01 -0.67916559E+00
  0.42479110E+01  0.11123407E+02 -0.29484340E+01 -0.69188402E+01 -0.49523140E+01
 -0.22967809E+01 -0.21254287E+01 -0.18363432E+01 -0.52987364E+01 -0.99808569E+00
 -0.10067757E+01 -0.60998477E+00
  0.50237688E+01  0.80731276E+01 -0.11393288E+01 -0.40093292E+01 -0.29428807E+01
 -0.61290734E+01 -0.58329204E+01 -0.66802245E+01 -0.38057393E+01 -0.56895655E+01
 -0.22144431E+01 -0.40956741E+00
  0.47216506E+01  0.97837879E+01 -0.28772296E+01 -0.60557024E+01 -0.34543790E+01
 -0.78372131E+01 -0.32505561E+01 -0.32543907E+01 -0.59746716E+01 -0.24382140E+01
 -0.34554688E+01 -0.81131718E+00
  0.54703094E+01  0.63765443E+01 -0.27149613E+01 -0.12451465E+01 -0.85470877E+01
  0.87210459E+00 -0.52643083E+01 -0.51840237E+00 -0.49117092E+01 -0.27237796E+01
 -0.34586451E+01  0.41670612E+00
  0.45785065E+01  0.10091628E+02 -0.21432972E+01 -0.69517889E+01 -0.21637777E+01
 -0.47945813E-01 -0.39546505E+01 -0.60791788E+01 -0.22914906E+01 -0.60377188E+01
 -0.21487279E+01 -0.29375799E+00
  0.51751465E+01  0.73706336E+01 -0.44422964E+01 -0.24657730E+00 -0.48224363E+01
 -0.39810981E+01 -0.54970239E+01 -0.54862668E+01 -0.48003647E+01 -0.47553566E+01
 -0.24071613E+01 -0.18399283E+00
  0.54446253E+01  0.84545360E+01 -0.10145680E+01 -0.38234776E+01 -0.60462049E+01
 -0.46854803E+01 -0.24060680E+01 -0.45802538E+01 -0.35362709E+01 -0.57132370E+01
 -0.47621094E+00 -0.71487680E+00
  0.51697841E+01  0.75598645E+01 -0.23756852E+01 -0.56905573E+01 -0.70052936E+00
 -0.25238225E+01 -0.44372820E+01 -0.13786202E+00 -0.24915370E+01 -0.38122019E+01
 -0.10388814E+01 -0.59942369E+00
  0.48080610E+01  0.91580931E+01 -0.28102697E+01 -0.65679596E+01 -0.12433164E+01
 -0.66688375E+01 -0.74365532E+01 -0.12873040E+01 -0.46772891E+01 -0.40016095E+01
 -0.33991796E+01  0.25529132E+00
  0.40221393E+01  0.83280005E+01 -0.27813312E+01 -0.29171575E+01 -0.61671048E+01
 -0.45943578E+01 -0.71658666E+01 -0.36044547E+01 -0.49355247E+01 -0.38081000E+01
 -0.19851212E+01 -0.28960860E+00
  0.48313500E+01  0.12247677E+02 -0.22858856E+01 -0.24527721E+01 -0.49958456E+01
 -0.30382345E+01 -0.16513670E+01 -0.36516161E+01 -0.43244739E+01 -0.31605895E+01
 -0.52223523E+01 -0.23589045E+00
  0.55508841E+01  0.76224343E+01 -0.24232580E+01 -0.77403627E+01 -0.49693812E+01
 -0.74879001E+01 -0.67334653E+01 -0.46388638E+01 -0.43220216E+01 -0.54450417E+01
 -0.24555867E+01 -0.20506209E+00
  0.60855413E+01  0.53982845E+01 -0.31150917E+01 -0.16481810E+01 -0.63649048E+01
 -0.41081679E-02 -0.43360127E+01 -0.54736601E+01 -0.27645607E+01 -0.52944433E+01
 -0.42279055E+01 -0.70858722E+00
  0.52754350E+01  0.10659859E+02 -0.38846348E+01 -0.49510222E+01 -0.65362581E+01
 -0.57379147E+01 -0.31515936E+01 -0.33661128E+01 -0.40858548E+01 -0.56564775E+01
 -0.30788124E+01  0.91075851E-01
  0.55314090E+01  0.79796748E+01 -0.12396947E+01 -0.42362045E+01 -0.25799755E+01
 -0.38619266E+01 -0.28531602E+01 -0.45657106E+01 -0.37657524E+01 -0.37348125E+01
 -0.16962917E+01 -0.53653196E-01
  0.60012803E+01  0.82958384E+01 -0.44355145E+01 -0.27993267E+01 -0.57808438E+01
 -0.31404343E+01 -0.51032244E+01 -0.60034294E+01 -0.51539816E+01 -0.51967855E+01
 -0.15602235E+01  0.38022506E+00
  0.49555557E+01  0.97582962E+01 -0.27878794E+01 -0.47675090E+01 -0.21086160E+01
 -0.33485573E+01 -0.58303705E+01 -0.24931458E+01 -0.37720861E+01 -0.33915021E+01
 -0.35658218E+01 -0.36682818E+00
  0.50627869E+01  0.99513757E+01 -0.62050824E+01 -0.31253792E+01 -0.37807784E+01
 -0.74137140E+00 -0.18027439E+01 -0.12898784E+01 -0.46646517E+01 -0.33305885E+01
 -0.32255528E+01  0.24753526E+00
  0.51274004E+01  0.79320576E+01 -0.30865924E+01 -0.34260732E+01 -0.91788749E+01
 -0.63774967E+01 -0.24871438E+01 -0.45280541E+01 -0.54948758E+01 -0.22199756E+01
 -0.46522811E+01 -0.20966271E+00
  0.51459595E+01  0.10463279E+02 -0.44280106E+01 -0.39360055E+01 -0.50504828E+01
 -0.71780329E+01 -0.47706069E+01 -0.45933897E+01 -0.30001866E+01 -0.49955327E+01
 -0.48490200E+01 -0.31022924E+00
  0.47590323E+01  0.10124136E+02  0.58991220E+00 -0.50315978E+01 -0.61900135E+01
 -0.18089309E+01 -0.49277660E+01 -0.20570691E+01 -0.52557944E+01 -0.42071341E+01
 -0.23468125E+01 -0.21634160E+00
