 
 'total current into wall & target':
 
problem_sp        value      rel. std. dev.
          1      0.00000E+00   0.0000
          2      0.00000E+00   0.0000
          3      0.00000E+00   0.0000
          4      0.00000E+00   0.0000
          5      0.00000E+00   0.0000
          6      3.99696E+22   0.0033
          7      4.44594E+21   0.0091
          8      0.00000E+00   0.0000
 --------------------------------------------------------
 
 'total current out of wall & target':
 
problem_sp        value      rel. std. dev.
          1      0.00000E+00   0.0000
          2      0.00000E+00   0.0000
          3      0.00000E+00   0.0000
          4      0.00000E+00   0.0000
          5      0.00000E+00   0.0000
          6      3.71309E+22   0.0036
          7      5.18718E+21   0.0084
          8      0.00000E+00   0.0000
 --------------------------------------------------------
 
 'total ion source rate':
 
problem_sp        value      rel. std. dev.
          1      2.64383E+21   0.0023
          2      2.64383E+21   0.0023
          3      0.00000E+00   0.0000
          4      0.00000E+00   0.0000
          5      0.00000E+00   0.0000
          6      2.83866E+21   0.0034
          7     -7.41243E+20   0.0067
          8      7.71255E+03   0.0281
 --------------------------------------------------------
 
 'ion source rate by reaction':
 
            problem_sp ->
                  1              2              3              4              5              6              7              8
reaction
     1      0.00000E+00    0.00000E+00    0.00000E+00    0.00000E+00    0.00000E+00    0.00000E+00    0.00000E+00    0.00000E+00
     2      2.53765E+21    2.53765E+21    0.00000E+00    0.00000E+00    0.00000E+00   -2.53765E+21    0.00000E+00    0.00000E+00
     3      0.00000E+00    0.00000E+00    0.00000E+00    0.00000E+00    0.00000E+00    0.00000E+00    0.00000E+00    0.00000E+00
     4      0.00000E+00    0.00000E+00    0.00000E+00    0.00000E+00    0.00000E+00    1.22629E+21   -6.13147E+20    0.00000E+00
     5      1.26710E+20    0.00000E+00    0.00000E+00    0.00000E+00    0.00000E+00    0.00000E+00   -1.26710E+20    1.26710E+20
     6      1.38592E+18    1.38592E+18    0.00000E+00    0.00000E+00    0.00000E+00    1.38592E+18   -1.38592E+18    0.00000E+00
     7      2.47428E+15    4.94855E+15    0.00000E+00    0.00000E+00    0.00000E+00    0.00000E+00    0.00000E+00   -2.47428E+15
     8      0.00000E+00    1.04789E+20    0.00000E+00    0.00000E+00    0.00000E+00    1.04789E+20    0.00000E+00   -1.04789E+20
     9     -2.19185E+19    0.00000E+00    0.00000E+00    0.00000E+00    0.00000E+00    4.38369E+19    0.00000E+00   -2.19185E+19
    10      0.00000E+00    0.00000E+00    0.00000E+00    0.00000E+00    0.00000E+00    0.00000E+00    0.00000E+00    0.00000E+00
    11      0.00000E+00    0.00000E+00    0.00000E+00    0.00000E+00    0.00000E+00    0.00000E+00    0.00000E+00    0.00000E+00
    12      0.00000E+00    0.00000E+00    0.00000E+00    0.00000E+00    0.00000E+00    0.00000E+00    0.00000E+00    0.00000E+00
    13      0.00000E+00    0.00000E+00    0.00000E+00    0.00000E+00    0.00000E+00    0.00000E+00    0.00000E+00    0.00000E+00
    14      0.00000E+00    0.00000E+00    0.00000E+00    0.00000E+00    0.00000E+00    0.00000E+00    0.00000E+00    0.00000E+00
    15      0.00000E+00    0.00000E+00    0.00000E+00    0.00000E+00    0.00000E+00    4.00000E+21    0.00000E+00    0.00000E+00
    16      0.00000E+00    0.00000E+00    0.00000E+00    0.00000E+00    0.00000E+00    0.00000E+00    0.00000E+00    0.00000E+00
 --------------------------------------------------------
 
 'total mom. vector into wall & target':
   component #            1
 
problem_sp        value      rel. std. dev.
          1      0.00000E+00   0.0000
          2      0.00000E+00   0.0000
          3      0.00000E+00   0.0000
          4      0.00000E+00   0.0000
          5      0.00000E+00   0.0000
          6      3.84227E-01   0.0060
          7      5.02102E-03   0.0895
          8      0.00000E+00   0.0000
 --------------------------------------------------------
 
 'total mom. vector out of wall & target':
   component #            1
 
problem_sp        value      rel. std. dev.
          1      0.00000E+00   0.0000
          2      0.00000E+00   0.0000
          3      0.00000E+00   0.0000
          4      0.00000E+00   0.0000
          5      0.00000E+00   0.0000
          6      3.51453E-01   0.0057
          7     -1.28743E-02   0.0272
          8      0.00000E+00   0.0000
 --------------------------------------------------------
 
 'total momentum source vector':
   component #            1
 
problem_sp        value      rel. std. dev.
          1      0.00000E+00   0.0000
          2      1.74458E-01   0.0131
          3      0.00000E+00   0.0000
          4      0.00000E+00   0.0000
          5      0.00000E+00   0.0000
          6      3.27746E-02   0.0744
          7      1.78953E-02   0.0205
          8      1.10405E-19   0.0828
 --------------------------------------------------------
 
 'momentum source vector by reaction':
   component #            1
 
            problem_sp ->
                  1              2              3              4              5              6              7              8
reaction
     1      0.00000E+00    1.53607E-01    0.00000E+00    0.00000E+00    0.00000E+00   -1.53607E-01    0.00000E+00    0.00000E+00
     2      0.00000E+00    2.18521E-02    0.00000E+00    0.00000E+00    0.00000E+00   -2.18580E-02    0.00000E+00    0.00000E+00
     3      0.00000E+00    0.00000E+00    0.00000E+00    0.00000E+00    0.00000E+00    5.45919E-04    0.00000E+00    0.00000E+00
     4      0.00000E+00    0.00000E+00    0.00000E+00    0.00000E+00    0.00000E+00   -6.04672E-03    6.47495E-03    0.00000E+00
     5      0.00000E+00    0.00000E+00    0.00000E+00    0.00000E+00    0.00000E+00    0.00000E+00    1.30047E-03   -1.30029E-03
     6      0.00000E+00   -9.64138E-06    0.00000E+00    0.00000E+00    0.00000E+00   -4.38184E-06    1.40251E-05    0.00000E+00
     7      0.00000E+00   -4.25067E-08    0.00000E+00    0.00000E+00    0.00000E+00    0.00000E+00    0.00000E+00    4.25125E-08
     8      0.00000E+00   -5.78970E-04    0.00000E+00    0.00000E+00    0.00000E+00   -4.43092E-04    0.00000E+00    1.02206E-03
     9      0.00000E+00    0.00000E+00    0.00000E+00    0.00000E+00    0.00000E+00   -2.60628E-04    0.00000E+00    2.78187E-04
    10      0.00000E+00   -4.12204E-04    0.00000E+00    0.00000E+00    0.00000E+00    0.00000E+00    4.12204E-04    0.00000E+00
    11      0.00000E+00    0.00000E+00    0.00000E+00    0.00000E+00    0.00000E+00   -6.15071E-03    0.00000E+00    0.00000E+00
    12      0.00000E+00    0.00000E+00    0.00000E+00    0.00000E+00    0.00000E+00    0.00000E+00    9.65537E-03    0.00000E+00
    13      0.00000E+00    0.00000E+00    0.00000E+00    0.00000E+00    0.00000E+00    0.00000E+00    3.83161E-05    0.00000E+00
    14      0.00000E+00    0.00000E+00    0.00000E+00    0.00000E+00    0.00000E+00    0.00000E+00    0.00000E+00    0.00000E+00
    15      0.00000E+00    0.00000E+00    0.00000E+00    0.00000E+00    0.00000E+00    2.20599E-01    0.00000E+00    0.00000E+00
    16      0.00000E+00    0.00000E+00    0.00000E+00    0.00000E+00    0.00000E+00    0.00000E+00    0.00000E+00    0.00000E+00
 --------------------------------------------------------
 
 'total energy current into wall & target':
 
problem_sp        value      rel. std. dev.
          1      0.00000E+00   0.0000
          2      0.00000E+00   0.0000
          3      0.00000E+00   0.0000
          4      0.00000E+00   0.0000
          5      0.00000E+00   0.0000
          6      5.56956E+04   0.0043
          7      1.73294E+03   0.0133
          8      0.00000E+00   0.0000
 --------------------------------------------------------
 
 'total energy current out of wall & target':
 
problem_sp        value      rel. std. dev.
          1      0.00000E+00   0.0000
          2      0.00000E+00   0.0000
          3      0.00000E+00   0.0000
          4      0.00000E+00   0.0000
          5      0.00000E+00   0.0000
          6      5.02828E+04   0.0047
          7      1.43833E+03   0.0144
          8      0.00000E+00   0.0000
 --------------------------------------------------------
 
 'total ion energy source':
 
problem_sp        value      rel. std. dev.
          1     -1.13840E+04   0.0024
          2      5.55031E+01   0.4142
          3      0.00000E+00   0.0000
          4      0.00000E+00   0.0000
          5      0.00000E+00   0.0000
          6      5.41276E+03   0.0034
          7      2.94614E+02   0.0129
          8     -2.66966E-15   0.0414
 --------------------------------------------------------
 
 'energy source by reaction':
 
            problem_sp ->
                  1              2              3              4              5              6              7              8
reaction
     1      0.00000E+00   -2.65560E+03    0.00000E+00    0.00000E+00    0.00000E+00    2.65560E+03    0.00000E+00    0.00000E+00
     2     -9.84401E+03    2.67063E+03    0.00000E+00    0.00000E+00    0.00000E+00   -2.67136E+03    0.00000E+00    0.00000E+00
     3      0.00000E+00    0.00000E+00    0.00000E+00    0.00000E+00    0.00000E+00    6.26076E-01    0.00000E+00    0.00000E+00
     4     -1.03149E+03    0.00000E+00    0.00000E+00    0.00000E+00    0.00000E+00    7.56658E+02   -1.63068E+02    0.00000E+00
     5     -3.12638E+02    0.00000E+00    0.00000E+00    0.00000E+00    0.00000E+00    0.00000E+00   -3.36492E+01    3.36446E+01
     6     -4.10791E+00    2.98879E-01    0.00000E+00    0.00000E+00    0.00000E+00    2.22377E-01   -4.10288E-01    0.00000E+00
     7     -6.14456E-03    3.93471E-04    0.00000E+00    0.00000E+00    0.00000E+00    0.00000E+00    0.00000E+00   -7.63431E-05
     8     -1.76285E+02    8.68022E+01    0.00000E+00    0.00000E+00    0.00000E+00    8.57623E+01    0.00000E+00   -2.81785E+01
     9     -1.54929E+01    0.00000E+00    0.00000E+00    0.00000E+00    0.00000E+00    4.14673E+01    0.00000E+00   -5.46609E+00
    10      0.00000E+00   -4.66273E+01    0.00000E+00    0.00000E+00    0.00000E+00    0.00000E+00    4.66273E+01    0.00000E+00
    11      0.00000E+00    0.00000E+00    0.00000E+00    0.00000E+00    0.00000E+00   -2.68765E+02    0.00000E+00    0.00000E+00
    12      0.00000E+00    0.00000E+00    0.00000E+00    0.00000E+00    0.00000E+00    0.00000E+00    4.44565E+02    0.00000E+00
    13      0.00000E+00    0.00000E+00    0.00000E+00    0.00000E+00    0.00000E+00    0.00000E+00    5.49392E-01    0.00000E+00
    14      0.00000E+00    0.00000E+00    0.00000E+00    0.00000E+00    0.00000E+00    0.00000E+00    0.00000E+00    0.00000E+00
    15      0.00000E+00    0.00000E+00    0.00000E+00    0.00000E+00    0.00000E+00    4.81254E+03    0.00000E+00    0.00000E+00
    16      0.00000E+00    0.00000E+00    0.00000E+00    0.00000E+00    0.00000E+00    0.00000E+00    0.00000E+00    0.00000E+00
 --------------------------------------------------------
 
 Look at another tally? (y/n)
