 
 'total current into wall & target':
 
problem_sp        value      rel. std. dev.
          1      0.00000E+00   0.0000
          2      0.00000E+00   0.0000
          3      0.00000E+00   0.0000
          4      0.00000E+00   0.0000
          5      0.00000E+00   0.0000
          6      4.04619E+22   0.0201
          7      2.60433E+21   0.0656
          8      0.00000E+00   0.0000
 --------------------------------------------------------
 
 'total current out of wall & target':
 
problem_sp        value      rel. std. dev.
          1      0.00000E+00   0.0000
          2      0.00000E+00   0.0000
          3      0.00000E+00   0.0000
          4      0.00000E+00   0.0000
          5      0.00000E+00   0.0000
          6      3.75289E+22   0.0217
          7      3.41944E+21   0.0563
          8      0.00000E+00   0.0000
 --------------------------------------------------------
 
 'total ion source rate':
 
problem_sp        value      rel. std. dev.
          1      2.69712E+21   0.0140
          2      2.69712E+21   0.0140
          3      0.00000E+00   0.0000
          4      0.00000E+00   0.0000
          5      0.00000E+00   0.0000
          6      2.93304E+21   0.0227
          7     -8.15084E+20   0.0423
          8      7.95636E+03   0.1660
 --------------------------------------------------------
 
 'ion source rate by reaction':
 
            problem_sp ->
                  1              2              3              4              5              6              7              8
reaction
     1      0.00000E+00    0.00000E+00    0.00000E+00    0.00000E+00    0.00000E+00    0.00000E+00    0.00000E+00    0.00000E+00
     2      2.58575E+21    2.58575E+21    0.00000E+00    0.00000E+00    0.00000E+00   -2.58575E+21    0.00000E+00    0.00000E+00
     3      0.00000E+00    0.00000E+00    0.00000E+00    0.00000E+00    0.00000E+00    0.00000E+00    0.00000E+00    0.00000E+00
     4      0.00000E+00    0.00000E+00    0.00000E+00    0.00000E+00    0.00000E+00    1.35094E+21   -6.75470E+20    0.00000E+00
     5      1.39614E+20    0.00000E+00    0.00000E+00    0.00000E+00    0.00000E+00    0.00000E+00   -1.39614E+20    1.39614E+20
     6      0.00000E+00    0.00000E+00    0.00000E+00    0.00000E+00    0.00000E+00    0.00000E+00    0.00000E+00    0.00000E+00
     7      0.00000E+00    0.00000E+00    0.00000E+00    0.00000E+00    0.00000E+00    0.00000E+00    0.00000E+00    0.00000E+00
     8      0.00000E+00    1.11374E+20    0.00000E+00    0.00000E+00    0.00000E+00    1.11374E+20    0.00000E+00   -1.11374E+20
     9     -2.82393E+19    0.00000E+00    0.00000E+00    0.00000E+00    0.00000E+00    5.64786E+19    0.00000E+00   -2.82393E+19
    10      0.00000E+00    0.00000E+00    0.00000E+00    0.00000E+00    0.00000E+00    0.00000E+00    0.00000E+00    0.00000E+00
    11      0.00000E+00    0.00000E+00    0.00000E+00    0.00000E+00    0.00000E+00    0.00000E+00    0.00000E+00    0.00000E+00
    12      0.00000E+00    0.00000E+00    0.00000E+00    0.00000E+00    0.00000E+00    0.00000E+00    0.00000E+00    0.00000E+00
    13      0.00000E+00    0.00000E+00    0.00000E+00    0.00000E+00    0.00000E+00    0.00000E+00    0.00000E+00    0.00000E+00
    14      0.00000E+00    0.00000E+00    0.00000E+00    0.00000E+00    0.00000E+00    0.00000E+00    0.00000E+00    0.00000E+00
    15      0.00000E+00    0.00000E+00    0.00000E+00    0.00000E+00    0.00000E+00    4.00000E+21    0.00000E+00    0.00000E+00
    16      0.00000E+00    0.00000E+00    0.00000E+00    0.00000E+00    0.00000E+00    0.00000E+00    0.00000E+00    0.00000E+00
 --------------------------------------------------------
 
 'total mom. vector into wall & target':
   component #            1
 
problem_sp        value      rel. std. dev.
          1      0.00000E+00   0.0000
          2      0.00000E+00   0.0000
          3      0.00000E+00   0.0000
          4      0.00000E+00   0.0000
          5      0.00000E+00   0.0000
          6      3.92036E-01   0.0369
          7     -9.09077E-03   0.1307
          8      0.00000E+00   0.0000
 --------------------------------------------------------
 
 'total mom. vector out of wall & target':
   component #            1
 
problem_sp        value      rel. std. dev.
          1      0.00000E+00   0.0000
          2      0.00000E+00   0.0000
          3      0.00000E+00   0.0000
          4      0.00000E+00   0.0000
          5      0.00000E+00   0.0000
          6      3.46435E-01   0.0370
          7     -1.66645E-02   0.0795
          8      0.00000E+00   0.0000
 --------------------------------------------------------
 
 'total momentum source vector':
   component #            1
 
problem_sp        value      rel. std. dev.
          1      0.00000E+00   0.0000
          2      1.67903E-01   0.0882
          3      0.00000E+00   0.0000
          4      0.00000E+00   0.0000
          5      0.00000E+00   0.0000
          6      4.56012E-02   0.3359
          7      7.57350E-03   0.1148
          8      9.06732E-20   0.4491
 --------------------------------------------------------
 
 'momentum source vector by reaction':
   component #            1
 
            problem_sp ->
                  1              2              3              4              5              6              7              8
reaction
     1      0.00000E+00    1.47150E-01    0.00000E+00    0.00000E+00    0.00000E+00   -1.47150E-01    0.00000E+00    0.00000E+00
     2      0.00000E+00    2.11238E-02    0.00000E+00    0.00000E+00    0.00000E+00   -2.11295E-02    0.00000E+00    0.00000E+00
     3      0.00000E+00    0.00000E+00    0.00000E+00    0.00000E+00    0.00000E+00    0.00000E+00    0.00000E+00    0.00000E+00
     4      0.00000E+00    0.00000E+00    0.00000E+00    0.00000E+00    0.00000E+00   -9.65620E-03    6.71686E-03    0.00000E+00
     5      0.00000E+00    0.00000E+00    0.00000E+00    0.00000E+00    0.00000E+00    0.00000E+00    9.61233E-04   -9.61102E-04
     6      0.00000E+00    0.00000E+00    0.00000E+00    0.00000E+00    0.00000E+00    0.00000E+00    0.00000E+00    0.00000E+00
     7      0.00000E+00    0.00000E+00    0.00000E+00    0.00000E+00    0.00000E+00    0.00000E+00    0.00000E+00    0.00000E+00
     8      0.00000E+00   -4.75790E-04    0.00000E+00    0.00000E+00    0.00000E+00   -3.60440E-04    0.00000E+00    8.36230E-04
     9      0.00000E+00    0.00000E+00    0.00000E+00    0.00000E+00    0.00000E+00   -7.69968E-04    0.00000E+00    1.24872E-04
    10      0.00000E+00    1.04598E-04    0.00000E+00    0.00000E+00    0.00000E+00    0.00000E+00   -1.04598E-04    0.00000E+00
    11      0.00000E+00    0.00000E+00    0.00000E+00    0.00000E+00    0.00000E+00    0.00000E+00    0.00000E+00    0.00000E+00
    12      0.00000E+00    0.00000E+00    0.00000E+00    0.00000E+00    0.00000E+00    0.00000E+00    0.00000E+00    0.00000E+00
    13      0.00000E+00    0.00000E+00    0.00000E+00    0.00000E+00    0.00000E+00    0.00000E+00    0.00000E+00    0.00000E+00
    14      0.00000E+00    0.00000E+00    0.00000E+00    0.00000E+00    0.00000E+00    0.00000E+00    0.00000E+00    0.00000E+00
    15      0.00000E+00    0.00000E+00    0.00000E+00    0.00000E+00    0.00000E+00    2.24667E-01    0.00000E+00    0.00000E+00
    16      0.00000E+00    0.00000E+00    0.00000E+00    0.00000E+00    0.00000E+00    0.00000E+00    0.00000E+00    0.00000E+00
 --------------------------------------------------------
 
 'total energy current into wall & target':
 
problem_sp        value      rel. std. dev.
          1      0.00000E+00   0.0000
          2      0.00000E+00   0.0000
          3      0.00000E+00   0.0000
          4      0.00000E+00   0.0000
          5      0.00000E+00   0.0000
          6      5.61701E+04   0.0250
          7      2.25077E+02   0.1149
          8      0.00000E+00   0.0000
 --------------------------------------------------------
 
 'total energy current out of wall & target':
 
problem_sp        value      rel. std. dev.
          1      0.00000E+00   0.0000
          2      0.00000E+00   0.0000
          3      0.00000E+00   0.0000
          4      0.00000E+00   0.0000
          5      0.00000E+00   0.0000
          6      5.05064E+04   0.0270
          7      2.18109E+02   0.1034
          8      0.00000E+00   0.0000
 --------------------------------------------------------
 
 'total ion energy source':
 
problem_sp        value      rel. std. dev.
          1     -1.17187E+04   0.0147
          2      9.92188E+01   1.3705
          3      0.00000E+00   0.0000
          4      0.00000E+00   0.0000
          5      0.00000E+00   0.0000
          6      5.66376E+03   0.0195
          7      6.96766E+00   0.6615
          8     -1.04781E-15   0.2099
 --------------------------------------------------------
 
 'energy source by reaction':
 
            problem_sp ->
                  1              2              3              4              5              6              7              8
reaction
     1      0.00000E+00   -2.62525E+03    0.00000E+00    0.00000E+00    0.00000E+00    2.62525E+03    0.00000E+00    0.00000E+00
     2     -1.00306E+04    2.71796E+03    0.00000E+00    0.00000E+00    0.00000E+00   -2.71870E+03    0.00000E+00    0.00000E+00
     3      0.00000E+00    0.00000E+00    0.00000E+00    0.00000E+00    0.00000E+00    0.00000E+00    0.00000E+00    0.00000E+00
     4     -1.13633E+03    0.00000E+00    0.00000E+00    0.00000E+00    0.00000E+00    7.09360E+02   -5.29514E+01    0.00000E+00
     5     -3.44476E+02    0.00000E+00    0.00000E+00    0.00000E+00    0.00000E+00    0.00000E+00   -1.08616E+01    1.08601E+01
     6      0.00000E+00    0.00000E+00    0.00000E+00    0.00000E+00    0.00000E+00    0.00000E+00    0.00000E+00    0.00000E+00
     7      0.00000E+00    0.00000E+00    0.00000E+00    0.00000E+00    0.00000E+00    0.00000E+00    0.00000E+00    0.00000E+00
     8     -1.87364E+02    7.72846E+01    0.00000E+00    0.00000E+00    0.00000E+00    8.49176E+01    0.00000E+00   -8.74250E+00
     9     -1.99607E+01    0.00000E+00    0.00000E+00    0.00000E+00    0.00000E+00    4.95071E+01    0.00000E+00   -2.11764E+00
    10      0.00000E+00   -7.07807E+01    0.00000E+00    0.00000E+00    0.00000E+00    0.00000E+00    7.07807E+01    0.00000E+00
    11      0.00000E+00    0.00000E+00    0.00000E+00    0.00000E+00    0.00000E+00    0.00000E+00    0.00000E+00    0.00000E+00
    12      0.00000E+00    0.00000E+00    0.00000E+00    0.00000E+00    0.00000E+00    0.00000E+00    0.00000E+00    0.00000E+00
    13      0.00000E+00    0.00000E+00    0.00000E+00    0.00000E+00    0.00000E+00    0.00000E+00    0.00000E+00    0.00000E+00
    14      0.00000E+00    0.00000E+00    0.00000E+00    0.00000E+00    0.00000E+00    0.00000E+00    0.00000E+00    0.00000E+00
    15      0.00000E+00    0.00000E+00    0.00000E+00    0.00000E+00    0.00000E+00    4.91343E+03    0.00000E+00    0.00000E+00
    16      0.00000E+00    0.00000E+00    0.00000E+00    0.00000E+00    0.00000E+00    0.00000E+00    0.00000E+00    0.00000E+00
 --------------------------------------------------------
 
 Look at another tally? (y/n)
