
 'total current into wall & target':

problem_sp        value      rel. std. dev.
         1       0.00000E+00   0.0000
         2       0.00000E+00   0.0000
         3       0.00000E+00   0.0000
         4       0.00000E+00   0.0000
         5       0.00000E+00   0.0000
         6       3.48326E+22   0.0033
         7       4.11582E+21   0.0094
         8       0.00000E+00   0.0000
 --------------------------------------------------------

 'total current out of wall & target':

problem_sp        value      rel. std. dev.
         1       0.00000E+00   0.0000
         2       0.00000E+00   0.0000
         3       0.00000E+00   0.0000
         4       0.00000E+00   0.0000
         5       0.00000E+00   0.0000
         6       3.23371E+22   0.0036
         7       4.76467E+21   0.0087
         8       0.00000E+00   0.0000
 --------------------------------------------------------

 'total ion source rate':

problem_sp        value      rel. std. dev.
         1       2.80221E+21   0.0173
         2       2.80221E+21   0.0173
         3       0.00000E+00   0.0000
         4       0.00000E+00   0.0000
         5       0.00000E+00   0.0000
         6       2.49548E+21   0.0017
         7      -6.48842E+20   0.0070
         8       6.83000E+03   0.0301
 --------------------------------------------------------

 'ion source rate by reaction':

            problem_sp ->
                 1              2              3              4              5              6              7              8
reaction
    1      0.00000E+00    0.00000E+00    0.00000E+00    0.00000E+00    0.00000E+00    0.00000E+00    0.00000E+00    0.00000E+00
    2      2.70782E+21    2.70782E+21    0.00000E+00    0.00000E+00    0.00000E+00   -2.70782E+21    0.00000E+00    0.00000E+00
    3      0.00000E+00    0.00000E+00    0.00000E+00    0.00000E+00    0.00000E+00    0.00000E+00    0.00000E+00    0.00000E+00
    4      0.00000E+00    0.00000E+00    0.00000E+00    0.00000E+00    0.00000E+00    1.06936E+21   -5.34679E+20    0.00000E+00
    5      1.12567E+20    0.00000E+00    0.00000E+00    0.00000E+00    0.00000E+00    0.00000E+00   -1.12567E+20    1.12567E+20
    6      1.59513E+18    1.59513E+18    0.00000E+00    0.00000E+00    0.00000E+00    1.59513E+18   -1.59513E+18    0.00000E+00
    7      3.75642E+15    7.51284E+15    0.00000E+00    0.00000E+00    0.00000E+00    0.00000E+00    0.00000E+00   -3.75642E+15
    8      0.00000E+00    9.27823E+19    0.00000E+00    0.00000E+00    0.00000E+00    9.27823E+19    0.00000E+00   -9.27823E+19
    9     -1.97809E+19    0.00000E+00    0.00000E+00    0.00000E+00    0.00000E+00    3.95619E+19    0.00000E+00   -1.97809E+19
   10      0.00000E+00    0.00000E+00    0.00000E+00    0.00000E+00    0.00000E+00    0.00000E+00    0.00000E+00    0.00000E+00
   11      0.00000E+00    0.00000E+00    0.00000E+00    0.00000E+00    0.00000E+00    0.00000E+00    0.00000E+00    0.00000E+00
   12      0.00000E+00    0.00000E+00    0.00000E+00    0.00000E+00    0.00000E+00    0.00000E+00    0.00000E+00    0.00000E+00
   13      0.00000E+00    0.00000E+00    0.00000E+00    0.00000E+00    0.00000E+00    0.00000E+00    0.00000E+00    0.00000E+00
   14      0.00000E+00    0.00000E+00    0.00000E+00    0.00000E+00    0.00000E+00    0.00000E+00    0.00000E+00    0.00000E+00
   15      0.00000E+00    0.00000E+00    0.00000E+00    0.00000E+00    0.00000E+00    4.00000E+21    0.00000E+00    0.00000E+00
   16      0.00000E+00    0.00000E+00    0.00000E+00    0.00000E+00    0.00000E+00    0.00000E+00    0.00000E+00    0.00000E+00
 --------------------------------------------------------

 'total mom. vector into wall & target':
   dimension #            1

problem_sp        value      rel. std. dev.
         1       0.00000E+00   0.0000
         2       0.00000E+00   0.0000
         3       0.00000E+00   0.0000
         4       0.00000E+00   0.0000
         5       0.00000E+00   0.0000
         6       3.41213E-01   0.0063
         7       5.53798E-03   0.0787
         8       0.00000E+00   0.0000
 --------------------------------------------------------

 'total mom. vector out of wall & target':
   dimension #            1

problem_sp        value      rel. std. dev.
         1       0.00000E+00   0.0000
         2       0.00000E+00   0.0000
         3       0.00000E+00   0.0000
         4       0.00000E+00   0.0000
         5       0.00000E+00   0.0000
         6       3.07843E-01   0.0060
         7      -1.12997E-02   0.0296
         8       0.00000E+00   0.0000
 --------------------------------------------------------

 'total momentum source vector':
   dimension #            1

problem_sp        value      rel. std. dev.
         1       0.00000E+00   0.0000
         2       1.70371E-01   0.0124
         3       0.00000E+00   0.0000
         4       0.00000E+00   0.0000
         5       0.00000E+00   0.0000
         6       3.33700E-02   0.0680
         7       1.68377E-02   0.0212
         8       8.29587E-20   0.1055
 --------------------------------------------------------

 'momentum source vector by reaction':
   dimension #            1

            problem_sp ->
                 1              2              3              4              5              6              7              8
reaction
    1      0.00000E+00    1.45990E-01    0.00000E+00    0.00000E+00    0.00000E+00   -1.45990E-01    0.00000E+00    0.00000E+00
    2      0.00000E+00    2.52701E-02    0.00000E+00    0.00000E+00    0.00000E+00   -2.52770E-02    0.00000E+00    0.00000E+00
    3      0.00000E+00    0.00000E+00    0.00000E+00    0.00000E+00    0.00000E+00   -1.06635E-05    0.00000E+00    0.00000E+00
    4      0.00000E+00    0.00000E+00    0.00000E+00    0.00000E+00    0.00000E+00   -5.45032E-03    5.71775E-03    0.00000E+00
    5      0.00000E+00    0.00000E+00    0.00000E+00    0.00000E+00    0.00000E+00    0.00000E+00    1.17612E-03   -1.17596E-03
    6      0.00000E+00   -6.14823E-06    0.00000E+00    0.00000E+00    0.00000E+00   -7.57839E-06    1.37285E-05    0.00000E+00
    7      0.00000E+00    5.62460E-08    0.00000E+00    0.00000E+00    0.00000E+00    0.00000E+00    0.00000E+00   -5.62537E-08
    8      0.00000E+00   -5.57484E-04    0.00000E+00    0.00000E+00    0.00000E+00   -3.72756E-04    0.00000E+00    9.30240E-04
    9      0.00000E+00    0.00000E+00    0.00000E+00    0.00000E+00    0.00000E+00   -2.35662E-04    0.00000E+00    2.45778E-04
   10      0.00000E+00   -3.26269E-04    0.00000E+00    0.00000E+00    0.00000E+00    0.00000E+00    3.26269E-04    0.00000E+00
   11      0.00000E+00    0.00000E+00    0.00000E+00    0.00000E+00    0.00000E+00   -9.88463E-03    0.00000E+00    0.00000E+00
   12      0.00000E+00    0.00000E+00    0.00000E+00    0.00000E+00    0.00000E+00    0.00000E+00    9.59007E-03    0.00000E+00
   13      0.00000E+00    0.00000E+00    0.00000E+00    0.00000E+00    0.00000E+00    0.00000E+00    1.37428E-05    0.00000E+00
   14      0.00000E+00    0.00000E+00    0.00000E+00    0.00000E+00    0.00000E+00    0.00000E+00    0.00000E+00    0.00000E+00
   15      0.00000E+00    0.00000E+00    0.00000E+00    0.00000E+00    0.00000E+00    2.20599E-01    0.00000E+00    0.00000E+00
   16      0.00000E+00    0.00000E+00    0.00000E+00    0.00000E+00    0.00000E+00    0.00000E+00    0.00000E+00    0.00000E+00
 --------------------------------------------------------

 'total energy current into wall & target':

problem_sp        value      rel. std. dev.
         1       0.00000E+00   0.0000
         2       0.00000E+00   0.0000
         3       0.00000E+00   0.0000
         4       0.00000E+00   0.0000
         5       0.00000E+00   0.0000
         6       4.79744E+04   0.0044
         7       1.68041E+03   0.0131
         8       0.00000E+00   0.0000
 --------------------------------------------------------

 'total energy current out of wall & target':

problem_sp        value      rel. std. dev.
         1       0.00000E+00   0.0000
         2       0.00000E+00   0.0000
         3       0.00000E+00   0.0000
         4       0.00000E+00   0.0000
         5       0.00000E+00   0.0000
         6       4.32834E+04   0.0047
         7       1.39280E+03   0.0142
         8       0.00000E+00   0.0000
 --------------------------------------------------------

 'total ion energy source':

problem_sp        value      rel. std. dev.
         1      -1.11219E+04   0.0022
         2       4.95728E+02   0.0448
         3       0.00000E+00   0.0000
         4       0.00000E+00   0.0000
         5       0.00000E+00   0.0000
         6       4.69095E+03   0.0036
         7       2.87617E+02   0.0128
         8      -2.43727E-15   0.0439
 --------------------------------------------------------

 'energy source by reaction':

            problem_sp ->
                 1              2              3              4              5              6              7              8
reaction
    1      0.00000E+00   -2.38095E+03    0.00000E+00    0.00000E+00    0.00000E+00    2.38095E+03    0.00000E+00    0.00000E+00
    2     -9.76987E+03    2.83933E+03    0.00000E+00    0.00000E+00    0.00000E+00   -2.84010E+03    0.00000E+00    0.00000E+00
    3      0.00000E+00    0.00000E+00    0.00000E+00    0.00000E+00    0.00000E+00   -4.59774E+00    0.00000E+00    0.00000E+00
    4     -8.99484E+02    0.00000E+00    0.00000E+00    0.00000E+00    0.00000E+00    6.72474E+02   -1.54881E+02    0.00000E+00
    5     -2.77743E+02    0.00000E+00    0.00000E+00    0.00000E+00    0.00000E+00    0.00000E+00   -3.22716E+01    3.22673E+01
    6     -4.72800E+00    2.57245E-01    0.00000E+00    0.00000E+00    0.00000E+00    2.68628E-01   -3.98143E-01    0.00000E+00
    7     -9.32860E-03    1.70421E-03    0.00000E+00    0.00000E+00    0.00000E+00    0.00000E+00    0.00000E+00   -1.22290E-03
    8     -1.56086E+02    7.72581E+01    0.00000E+00    0.00000E+00    0.00000E+00    7.71947E+01    0.00000E+00   -2.66106E+01
    9     -1.39820E+01    0.00000E+00    0.00000E+00    0.00000E+00    0.00000E+00    3.89417E+01    0.00000E+00   -5.65542E+00
   10      0.00000E+00   -4.01671E+01    0.00000E+00    0.00000E+00    0.00000E+00    0.00000E+00    4.01671E+01    0.00000E+00
   11      0.00000E+00    0.00000E+00    0.00000E+00    0.00000E+00    0.00000E+00   -4.46727E+02    0.00000E+00    0.00000E+00
   12      0.00000E+00    0.00000E+00    0.00000E+00    0.00000E+00    0.00000E+00    0.00000E+00    4.35459E+02    0.00000E+00
   13      0.00000E+00    0.00000E+00    0.00000E+00    0.00000E+00    0.00000E+00    0.00000E+00   -4.58503E-01    0.00000E+00
   14      0.00000E+00    0.00000E+00    0.00000E+00    0.00000E+00    0.00000E+00    0.00000E+00    0.00000E+00    0.00000E+00
   15      0.00000E+00    0.00000E+00    0.00000E+00    0.00000E+00    0.00000E+00    4.81254E+03    0.00000E+00    0.00000E+00
   16      0.00000E+00    0.00000E+00    0.00000E+00    0.00000E+00    0.00000E+00    0.00000E+00    0.00000E+00    0.00000E+00
 --------------------------------------------------------

 