     0     0   1.3173E+19   4.6342E-03   8.8758E+00   5.2359E-03   0.0000E+00   0.0000E+00
     1     0   1.2070E+19   3.0837E-03   8.3656E+00   3.6609E-03   0.0000E+00   0.0000E+00
     2     0   1.0970E+19   2.8196E-03   7.7615E+00   3.3605E-03   0.0000E+00   0.0000E+00
     3     0   1.0294E+19   2.8033E-03   7.3289E+00   3.3595E-03   0.0000E+00   0.0000E+00
     4     0   9.9023E+18   2.9423E-03   6.9822E+00   3.4531E-03   0.0000E+00   0.0000E+00
     5     0   9.6273E+18   3.2262E-03   6.5889E+00   3.6026E-03   0.0000E+00   0.0000E+00
     6     0   9.5243E+18   4.7188E-03   6.3303E+00   4.6280E-03   0.0000E+00   0.0000E+00
     7     0   9.5062E+18   4.5817E-03   6.3158E+00   4.5118E-03   0.0000E+00   0.0000E+00
     8     0   9.5220E+18   4.8186E-03   6.3117E+00   4.5001E-03   0.0000E+00   0.0000E+00
     9     0   9.5859E+18   6.6052E-03   6.3371E+00   5.4563E-03   0.0000E+00   0.0000E+00
    10     0   9.5630E+18   5.6945E-03   6.3376E+00   5.8194E-03   0.0000E+00   0.0000E+00
    11     0   9.5702E+18   5.5775E-03   6.3399E+00   5.8373E-03   0.0000E+00   0.0000E+00
    12     0   9.5600E+18   5.8805E-03   6.3323E+00   5.8510E-03   0.0000E+00   0.0000E+00
    13     0   9.5588E+18   5.8135E-03   6.3325E+00   5.8808E-03   0.0000E+00   0.0000E+00
    14     0   9.5218E+18   4.8285E-03   6.3278E+00   5.9121E-03   0.0000E+00   0.0000E+00
    15     0   9.5300E+18   4.9047E-03   6.3263E+00   5.9680E-03   0.0000E+00   0.0000E+00
    16     0   9.5280E+18   4.7850E-03   6.3163E+00   5.3343E-03   0.0000E+00   0.0000E+00
    17     0   9.5334E+18   4.9710E-03   6.2967E+00   4.6562E-03   0.0000E+00   0.0000E+00
    18     0   9.5190E+18   4.7382E-03   6.2923E+00   4.6586E-03   0.0000E+00   0.0000E+00
    19     0   9.5157E+18   4.6655E-03   6.2890E+00   4.6597E-03   0.0000E+00   0.0000E+00
    20     0   9.6649E+18   1.3144E-02   6.3275E+00   6.9311E-03   0.0000E+00   0.0000E+00
    21     0   9.5408E+18   4.7147E-03   6.2991E+00   4.7222E-03   0.0000E+00   0.0000E+00
    22     0   9.6067E+18   6.5197E-03   6.3335E+00   6.4079E-03   0.0000E+00   0.0000E+00
    23     0   9.5713E+18   5.0546E-03   6.3132E+00   5.5348E-03   0.0000E+00   0.0000E+00
    24     0   9.5710E+18   4.9414E-03   6.2936E+00   4.7868E-03   0.0000E+00   0.0000E+00
    25     0   9.5657E+18   4.9258E-03   6.2790E+00   4.5187E-03   0.0000E+00   0.0000E+00
    26     0   9.6004E+18   5.3402E-03   6.2777E+00   4.6046E-03   0.0000E+00   0.0000E+00
    27     0   9.6585E+18   8.1461E-03   6.2966E+00   5.3086E-03   0.0000E+00   0.0000E+00
    28     0   9.5874E+18   5.2045E-03   6.2715E+00   4.4914E-03   0.0000E+00   0.0000E+00
    29     0   9.5809E+18   5.1955E-03   6.2657E+00   4.4729E-03   0.0000E+00   0.0000E+00
    30     0   9.5984E+18   5.2834E-03   6.2649E+00   4.5179E-03   0.0000E+00   0.0000E+00
    31     0   9.6114E+18   5.8468E-03   6.2581E+00   4.5121E-03   0.0000E+00   0.0000E+00
    32     0   9.5998E+18   5.4207E-03   6.2579E+00   4.5222E-03   0.0000E+00   0.0000E+00
    33     0   9.5639E+18   5.1636E-03   6.2497E+00   4.4716E-03   0.0000E+00   0.0000E+00
    34     0   9.5527E+18   5.1568E-03   6.2412E+00   4.4491E-03   0.0000E+00   0.0000E+00
    35     0   9.5562E+18   5.1828E-03   6.2385E+00   4.4449E-03   0.0000E+00   0.0000E+00
    36     0   9.5701E+18   5.2291E-03   6.2402E+00   4.4436E-03   0.0000E+00   0.0000E+00
    37     0   9.5824E+18   5.3307E-03   6.2404E+00   4.4568E-03   0.0000E+00   0.0000E+00
    38     0   9.5809E+18   5.3134E-03   6.2400E+00   4.4707E-03   0.0000E+00   0.0000E+00
    39     0   9.5663E+18   5.2811E-03   6.2348E+00   4.4864E-03   0.0000E+00   0.0000E+00
    40     0   9.5898E+18   5.5876E-03   6.2450E+00   4.7718E-03   0.0000E+00   0.0000E+00
    41     0   9.6330E+18   6.2458E-03   6.2509E+00   4.7534E-03   0.0000E+00   0.0000E+00
    42     0   9.6403E+18   6.4279E-03   6.2493E+00   4.8282E-03   0.0000E+00   0.0000E+00
    43     0   9.6505E+18   7.1071E-03   6.2531E+00   5.0730E-03   0.0000E+00   0.0000E+00
    44     0   9.5933E+18   5.3716E-03   6.2421E+00   4.7890E-03   0.0000E+00   0.0000E+00
    45     0   9.5778E+18   5.1997E-03   6.2341E+00   4.7170E-03   0.0000E+00   0.0000E+00
    46     0   9.5773E+18   5.1589E-03   6.2340E+00   4.7232E-03   0.0000E+00   0.0000E+00
    47     0   9.5773E+18   5.0907E-03   6.2305E+00   4.7020E-03   0.0000E+00   0.0000E+00
    48     0   9.5654E+18   5.0205E-03   6.2234E+00   4.6870E-03   0.0000E+00   0.0000E+00
    49     0   9.5486E+18   4.9711E-03   6.2152E+00   4.6638E-03   0.0000E+00   0.0000E+00
    50     0   9.5540E+18   5.0548E-03   6.2133E+00   4.7010E-03   0.0000E+00   0.0000E+00
    51     0   9.5439E+18   5.0705E-03   6.2033E+00   4.6608E-03   0.0000E+00   0.0000E+00
    52     0   9.5724E+18   5.3669E-03   6.2086E+00   4.7847E-03   0.0000E+00   0.0000E+00
    53     0   9.6508E+18   1.2745E-02   6.2371E+00   8.1268E-03   0.0000E+00   0.0000E+00
    54     0   9.5320E+18   5.3151E-03   6.1898E+00   4.6540E-03   0.0000E+00   0.0000E+00
    55     0   9.5208E+18   5.0874E-03   6.1888E+00   4.6342E-03   0.0000E+00   0.0000E+00
    56     0   9.5140E+18   4.9287E-03   6.1832E+00   4.6233E-03   0.0000E+00   0.0000E+00
    57     0   9.5138E+18   4.9625E-03   6.1783E+00   4.6311E-03   0.0000E+00   0.0000E+00
    58     0   9.5464E+18   5.2279E-03   6.1788E+00   4.6343E-03   0.0000E+00   0.0000E+00
    59     0   9.5472E+18   5.2735E-03   6.1801E+00   4.7134E-03   0.0000E+00   0.0000E+00
    60     0   9.5377E+18   5.1551E-03   6.1726E+00   4.6353E-03   0.0000E+00   0.0000E+00
    61     0   9.5726E+18   5.4739E-03   6.1784E+00   4.6765E-03   0.0000E+00   0.0000E+00
    62     0   9.6601E+18   9.4461E-03   6.1917E+00   5.0393E-03   0.0000E+00   0.0000E+00
    63     0   9.6387E+18   7.5710E-03   6.1795E+00   4.7739E-03   0.0000E+00   0.0000E+00
    64     0   9.5499E+18   5.0904E-03   6.1648E+00   4.6009E-03   0.0000E+00   0.0000E+00
    65     0   9.5557E+18   5.2729E-03   6.1663E+00   4.6767E-03   0.0000E+00   0.0000E+00
    66     0   9.5371E+18   5.1655E-03   6.1595E+00   4.6182E-03   0.0000E+00   0.0000E+00
    67     0   9.5380E+18   5.2149E-03   6.1542E+00   4.6215E-03   0.0000E+00   0.0000E+00
    68     0   9.5281E+18   4.9678E-03   6.1576E+00   4.6550E-03   0.0000E+00   0.0000E+00
    69     0   9.5124E+18   4.8674E-03   6.1506E+00   4.4505E-03   0.0000E+00   0.0000E+00
    70     0   9.5400E+18   5.3681E-03   6.1668E+00   5.5243E-03   0.0000E+00   0.0000E+00
    71     0   9.5490E+18   5.6480E-03   6.1548E+00   4.7337E-03   0.0000E+00   0.0000E+00
    72     0   9.5341E+18   5.6566E-03   6.1427E+00   4.5635E-03   0.0000E+00   0.0000E+00
    73     0   9.4882E+18   5.0637E-03   6.1336E+00   4.4819E-03   0.0000E+00   0.0000E+00
    74     0   9.4946E+18   5.0539E-03   6.1358E+00   4.5608E-03   0.0000E+00   0.0000E+00
    75     0   9.5088E+18   5.3126E-03   6.1414E+00   4.7024E-03   0.0000E+00   0.0000E+00
    76     0   9.5243E+18   5.5888E-03   6.1361E+00   4.6957E-03   0.0000E+00   0.0000E+00
    77     0   9.5437E+18   6.0952E-03   6.1385E+00   4.7409E-03   0.0000E+00   0.0000E+00
    78     0   9.5683E+18   6.5130E-03   6.1386E+00   4.8480E-03   0.0000E+00   0.0000E+00
    79     0   9.5780E+18   8.2293E-03   6.1323E+00   4.9059E-03   0.0000E+00   0.0000E+00
    80     0   9.5512E+18   8.0231E-03   6.1303E+00   4.9133E-03   0.0000E+00   0.0000E+00
    81     0   9.4898E+18   5.8676E-03   6.1139E+00   4.7492E-03   0.0000E+00   0.0000E+00
    82     0   9.4500E+18   5.7596E-03   6.0982E+00   4.7860E-03   0.0000E+00   0.0000E+00
    83     0   9.4493E+18   5.0987E-03   6.0929E+00   4.5618E-03   0.0000E+00   0.0000E+00
    84     0   9.4926E+18   5.8099E-03   6.1074E+00   5.2438E-03   0.0000E+00   0.0000E+00
    85     0   9.4555E+18   5.3077E-03   6.0865E+00   4.6591E-03   0.0000E+00   0.0000E+00
    86     0   9.4470E+18   5.2041E-03   6.0716E+00   4.4307E-03   0.0000E+00   0.0000E+00
    87     0   9.4763E+18   6.8489E-03   6.0846E+00   5.6258E-03   0.0000E+00   0.0000E+00
    88     0   9.4632E+18   7.1830E-03   6.0632E+00   4.6723E-03   0.0000E+00   0.0000E+00
    89     0   9.3825E+18   4.8981E-03   6.0389E+00   4.3090E-03   0.0000E+00   0.0000E+00
    90     0   9.3964E+18   5.4175E-03   6.0564E+00   5.8017E-03   0.0000E+00   0.0000E+00
    91     0   9.3928E+18   5.3348E-03   6.0577E+00   5.5778E-03   0.0000E+00   0.0000E+00
    92     0   9.3636E+18   4.8517E-03   6.0452E+00   4.6099E-03   0.0000E+00   0.0000E+00
    93     0   9.3827E+18   5.6039E-03   6.0623E+00   6.5115E-03   0.0000E+00   0.0000E+00
    94     0   9.4014E+18   5.6776E-03   6.0577E+00   6.1059E-03   0.0000E+00   0.0000E+00
    95     0   9.3583E+18   5.1999E-03   6.0212E+00   4.3913E-03   0.0000E+00   0.0000E+00
    96     0   9.3360E+18   5.0541E-03   6.0164E+00   4.5621E-03   0.0000E+00   0.0000E+00
    97     0   9.3289E+18   5.1739E-03   6.0075E+00   4.5270E-03   0.0000E+00   0.0000E+00
    98     0   9.2805E+18   4.7056E-03   5.9872E+00   4.2882E-03   0.0000E+00   0.0000E+00
    99     0   9.2750E+18   4.7023E-03   5.9859E+00   4.3163E-03   0.0000E+00   0.0000E+00
   100     0   9.3055E+18   5.2143E-03   5.9916E+00   4.3638E-03   0.0000E+00   0.0000E+00
   101     0   9.3077E+18   5.5710E-03   5.9907E+00   4.4664E-03   0.0000E+00   0.0000E+00
   102     0   9.2826E+18   5.2807E-03   5.9833E+00   4.4351E-03   0.0000E+00   0.0000E+00
   103     0   9.2622E+18   5.1654E-03   5.9831E+00   4.5017E-03   0.0000E+00   0.0000E+00
   104     0   9.2994E+18   6.3818E-03   5.9896E+00   4.6197E-03   0.0000E+00   0.0000E+00
   105     0   9.3150E+18   7.2009E-03   6.0277E+00   7.4280E-03   0.0000E+00   0.0000E+00
   106     0   9.2574E+18   5.5432E-03   5.9896E+00   4.7898E-03   0.0000E+00   0.0000E+00
   107     0   9.1663E+18   4.6126E-03   5.9572E+00   4.4049E-03   0.0000E+00   0.0000E+00
   108     0   9.1729E+18   5.1258E-03   5.9482E+00   4.4015E-03   0.0000E+00   0.0000E+00
   109     0   9.1462E+18   5.0313E-03   5.9403E+00   4.6067E-03   0.0000E+00   0.0000E+00
   110     0   9.1213E+18   4.7545E-03   5.9240E+00   4.3413E-03   0.0000E+00   0.0000E+00
   111     0   9.1030E+18   4.7532E-03   5.9189E+00   4.4188E-03   0.0000E+00   0.0000E+00
     0     0   1.0561E+18   1.7456E-02   2.5037E-01   2.0265E-02   0.0000E+00   0.0000E+00
     1     0   1.0627E+18   1.3599E-02   2.5056E-01   1.5931E-02   0.0000E+00   0.0000E+00
     2     0   1.1614E+18   1.2129E-02   2.6046E-01   1.4713E-02   0.0000E+00   0.0000E+00
     3     0   1.3847E+18   1.1089E-02   2.7952E-01   1.3763E-02   0.0000E+00   0.0000E+00
     4     0   1.7973E+18   1.0013E-02   3.1671E-01   1.2986E-02   0.0000E+00   0.0000E+00
     5     0   2.6344E+18   8.9280E-03   3.8158E-01   1.2929E-02   0.0000E+00   0.0000E+00
     6     0   3.3270E+18   1.1376E-02   4.3983E-01   1.5962E-02   0.0000E+00   0.0000E+00
     7     0   3.3399E+18   9.9174E-03   4.4135E-01   1.5614E-02   0.0000E+00   0.0000E+00
     8     0   3.3710E+18   1.0151E-02   4.4379E-01   1.5420E-02   0.0000E+00   0.0000E+00
     9     0   3.4053E+18   1.0370E-02   4.4620E-01   1.5074E-02   0.0000E+00   0.0000E+00
    10     0   3.4308E+18   9.5898E-03   4.4930E-01   1.4998E-02   0.0000E+00   0.0000E+00
    11     0   3.4637E+18   9.6739E-03   4.5318E-01   1.5184E-02   0.0000E+00   0.0000E+00
    12     0   3.4962E+18   9.7375E-03   4.5547E-01   1.5179E-02   0.0000E+00   0.0000E+00
    13     0   3.5455E+18   1.1003E-02   4.6087E-01   1.5698E-02   0.0000E+00   0.0000E+00
    14     0   3.5978E+18   1.2477E-02   4.6996E-01   1.8819E-02   0.0000E+00   0.0000E+00
    15     0   3.6176E+18   1.2360E-02   4.7792E-01   2.4702E-02   0.0000E+00   0.0000E+00
    16     0   3.6461E+18   1.0575E-02   4.8338E-01   2.5840E-02   0.0000E+00   0.0000E+00
    17     0   3.6953E+18   1.1071E-02   4.8963E-01   2.5784E-02   0.0000E+00   0.0000E+00
    18     0   3.7078E+18   1.0186E-02   4.8423E-01   2.0148E-02   0.0000E+00   0.0000E+00
    19     0   3.7236E+18   9.8116E-03   4.7606E-01   1.5398E-02   0.0000E+00   0.0000E+00
    20     0   3.7511E+18   9.9385E-03   4.7624E-01   1.5224E-02   0.0000E+00   0.0000E+00
    21     0   3.7859E+18   1.0134E-02   4.7858E-01   1.5354E-02   0.0000E+00   0.0000E+00
    22     0   3.8129E+18   1.0153E-02   4.8024E-01   1.5902E-02   0.0000E+00   0.0000E+00
    23     0   3.8488E+18   1.0050E-02   4.8395E-01   1.6328E-02   0.0000E+00   0.0000E+00
    24     0   3.8639E+18   9.8686E-03   4.8266E-01   1.5332E-02   0.0000E+00   0.0000E+00
    25     0   3.9053E+18   9.5854E-03   4.8720E-01   1.4858E-02   0.0000E+00   0.0000E+00
    26     0   3.9552E+18   9.6459E-03   4.9322E-01   1.5037E-02   0.0000E+00   0.0000E+00
    27     0   3.9990E+18   9.9545E-03   4.9589E-01   1.5628E-02   0.0000E+00   0.0000E+00
    28     0   4.0290E+18   9.8783E-03   4.9579E-01   1.5248E-02   0.0000E+00   0.0000E+00
    29     0   4.0813E+18   1.0460E-02   5.0102E-01   1.7329E-02   0.0000E+00   0.0000E+00
    30     0   4.1001E+18   1.0414E-02   5.0066E-01   1.6498E-02   0.0000E+00   0.0000E+00
    31     0   4.1227E+18   1.0113E-02   5.0032E-01   1.4855E-02   0.0000E+00   0.0000E+00
    32     0   4.1563E+18   9.8039E-03   5.0175E-01   1.4669E-02   0.0000E+00   0.0000E+00
    33     0   4.2079E+18   1.0335E-02   5.0824E-01   1.5914E-02   0.0000E+00   0.0000E+00
    34     0   4.2560E+18   1.0701E-02   5.2162E-01   2.7068E-02   0.0000E+00   0.0000E+00
    35     0   4.2921E+18   1.0185E-02   5.2527E-01   2.2397E-02   0.0000E+00   0.0000E+00
    36     0   4.3323E+18   1.0050E-02   5.2255E-01   1.7161E-02   0.0000E+00   0.0000E+00
    37     0   4.3861E+18   1.0737E-02   5.2639E-01   1.7254E-02   0.0000E+00   0.0000E+00
    38     0   4.4229E+18   1.0156E-02   5.2760E-01   1.7177E-02   0.0000E+00   0.0000E+00
    39     0   4.4555E+18   1.0235E-02   5.2897E-01   1.6990E-02   0.0000E+00   0.0000E+00
    40     0   4.5178E+18   1.1641E-02   5.3199E-01   1.8613E-02   0.0000E+00   0.0000E+00
    41     0   4.5133E+18   9.9987E-03   5.2559E-01   1.6327E-02   0.0000E+00   0.0000E+00
    42     0   4.5637E+18   1.0120E-02   5.3020E-01   1.6726E-02   0.0000E+00   0.0000E+00
    43     0   4.6480E+18   1.1387E-02   5.3656E-01   1.7185E-02   0.0000E+00   0.0000E+00
    44     0   4.6702E+18   1.0292E-02   5.3916E-01   1.8127E-02   0.0000E+00   0.0000E+00
    45     0   4.6925E+18   9.9258E-03   5.3300E-01   1.5485E-02   0.0000E+00   0.0000E+00
    46     0   4.7383E+18   9.9158E-03   5.3157E-01   1.5073E-02   0.0000E+00   0.0000E+00
    47     0   4.7680E+18   9.8038E-03   5.3148E-01   1.4985E-02   0.0000E+00   0.0000E+00
    48     0   4.8005E+18   9.6799E-03   5.3118E-01   1.4672E-02   0.0000E+00   0.0000E+00
    49     0   4.8552E+18   9.9002E-03   5.3538E-01   1.4957E-02   0.0000E+00   0.0000E+00
    50     0   4.9239E+18   1.0094E-02   5.4241E-01   1.5327E-02   0.0000E+00   0.0000E+00
    51     0   4.9600E+18   9.7397E-03   5.4462E-01   1.5511E-02   0.0000E+00   0.0000E+00
    52     0   5.0083E+18   9.7829E-03   5.4717E-01   1.5773E-02   0.0000E+00   0.0000E+00
    53     0   5.0382E+18   9.5747E-03   5.4331E-01   1.4813E-02   0.0000E+00   0.0000E+00
    54     0   5.0923E+18   9.3873E-03   5.4805E-01   1.5239E-02   0.0000E+00   0.0000E+00
    55     0   5.1447E+18   9.4824E-03   5.5301E-01   1.6348E-02   0.0000E+00   0.0000E+00
    56     0   5.2185E+18   9.6715E-03   5.5747E-01   1.6832E-02   0.0000E+00   0.0000E+00
    57     0   5.2685E+18   9.4353E-03   5.5397E-01   1.5764E-02   0.0000E+00   0.0000E+00
    58     0   5.3303E+18   9.8022E-03   5.6387E-01   2.3805E-02   0.0000E+00   0.0000E+00
    59     0   5.3755E+18   9.6228E-03   5.6878E-01   2.3218E-02   0.0000E+00   0.0000E+00
    60     0   5.4284E+18   9.5907E-03   5.6793E-01   2.5143E-02   0.0000E+00   0.0000E+00
    61     0   5.5103E+18   1.0182E-02   5.7018E-01   2.5653E-02   0.0000E+00   0.0000E+00
    62     0   5.6127E+18   1.3205E-02   5.7851E-01   2.7827E-02   0.0000E+00   0.0000E+00
    63     0   5.6182E+18   9.5690E-03   5.6344E-01   2.0666E-02   0.0000E+00   0.0000E+00
    64     0   5.7010E+18   9.8662E-03   5.6223E-01   2.0070E-02   0.0000E+00   0.0000E+00
    65     0   5.7821E+18   1.0709E-02   5.6590E-01   2.0032E-02   0.0000E+00   0.0000E+00
    66     0   5.8176E+18   9.8442E-03   5.6995E-01   2.0297E-02   0.0000E+00   0.0000E+00
    67     0   5.9663E+18   1.5182E-02   5.8673E-01   3.2602E-02   0.0000E+00   0.0000E+00
    68     0   5.9380E+18   9.5398E-03   5.6753E-01   1.5332E-02   0.0000E+00   0.0000E+00
    69     0   6.0016E+18   9.5437E-03   5.6896E-01   1.5580E-02   0.0000E+00   0.0000E+00
    70     0   6.0897E+18   9.7081E-03   5.7485E-01   1.6960E-02   0.0000E+00   0.0000E+00
    71     0   6.1588E+18   9.6097E-03   5.7285E-01   1.5057E-02   0.0000E+00   0.0000E+00
    72     0   6.2828E+18   1.0667E-02   5.7740E-01   1.5556E-02   0.0000E+00   0.0000E+00
    73     0   6.3497E+18   1.0059E-02   5.8352E-01   1.6515E-02   0.0000E+00   0.0000E+00
    74     0   6.4304E+18   9.9222E-03   5.8677E-01   1.6973E-02   0.0000E+00   0.0000E+00
    75     0   6.5316E+18   1.0818E-02   5.8900E-01   1.6843E-02   0.0000E+00   0.0000E+00
    76     0   6.5832E+18   9.8294E-03   5.9159E-01   1.6381E-02   0.0000E+00   0.0000E+00
    77     0   6.7216E+18   1.5143E-02   6.0565E-01   3.1560E-02   0.0000E+00   0.0000E+00
    78     0   6.6975E+18   9.3393E-03   5.8151E-01   1.4567E-02   0.0000E+00   0.0000E+00
    79     0   6.7959E+18   9.4723E-03   5.8640E-01   1.5520E-02   0.0000E+00   0.0000E+00
    80     0   6.8810E+18   9.4986E-03   5.9177E-01   1.5807E-02   0.0000E+00   0.0000E+00
    81     0   6.9448E+18   9.3096E-03   5.9047E-01   1.5458E-02   0.0000E+00   0.0000E+00
    82     0   7.0705E+18   9.4422E-03   5.9857E-01   1.5942E-02   0.0000E+00   0.0000E+00
    83     0   7.1876E+18   9.8281E-03   6.0546E-01   1.7240E-02   0.0000E+00   0.0000E+00
    84     0   7.3001E+18   9.7962E-03   6.0837E-01   1.7602E-02   0.0000E+00   0.0000E+00
    85     0   7.4648E+18   1.0366E-02   6.2517E-01   2.5212E-02   0.0000E+00   0.0000E+00
    86     0   7.5428E+18   1.0305E-02   6.2113E-01   1.9419E-02   0.0000E+00   0.0000E+00
    87     0   7.6158E+18   1.1042E-02   6.1545E-01   1.8543E-02   0.0000E+00   0.0000E+00
    88     0   7.6392E+18   9.3889E-03   6.0568E-01   1.6434E-02   0.0000E+00   0.0000E+00
    89     0   7.7414E+18   9.3932E-03   6.1011E-01   1.7690E-02   0.0000E+00   0.0000E+00
    90     0   7.8741E+18   9.6158E-03   6.0753E-01   1.6768E-02   0.0000E+00   0.0000E+00
    91     0   8.0088E+18   9.7193E-03   6.1393E-01   1.8466E-02   0.0000E+00   0.0000E+00
    92     0   8.1413E+18   9.8043E-03   6.1465E-01   1.8640E-02   0.0000E+00   0.0000E+00
    93     0   8.2687E+18   9.7550E-03   6.1312E-01   1.8235E-02   0.0000E+00   0.0000E+00
    94     0   8.3906E+18   9.5638E-03   6.0799E-01   1.6084E-02   0.0000E+00   0.0000E+00
    95     0   8.4912E+18   9.4337E-03   6.0947E-01   1.6593E-02   0.0000E+00   0.0000E+00
    96     0   8.6360E+18   1.0290E-02   6.0546E-01   1.7551E-02   0.0000E+00   0.0000E+00
    97     0   8.7906E+18   9.8885E-03   6.0622E-01   1.6060E-02   0.0000E+00   0.0000E+00
    98     0   8.9232E+18   9.6755E-03   6.1029E-01   1.9441E-02   0.0000E+00   0.0000E+00
    99     0   9.0874E+18   9.6142E-03   6.0608E-01   1.6891E-02   0.0000E+00   0.0000E+00
   100     0   9.2460E+18   9.6603E-03   6.0289E-01   1.6081E-02   0.0000E+00   0.0000E+00
   101     0   9.4159E+18   9.6173E-03   6.0148E-01   1.5261E-02   0.0000E+00   0.0000E+00
   102     0   9.6208E+18   1.0168E-02   6.1895E-01   2.9617E-02   0.0000E+00   0.0000E+00
   103     0   9.7642E+18   9.6378E-03   6.0084E-01   1.5451E-02   0.0000E+00   0.0000E+00
   104     0   9.9441E+18   9.4088E-03   6.0419E-01   1.6078E-02   0.0000E+00   0.0000E+00
   105     0   1.0190E+19   9.6676E-03   6.0778E-01   2.0344E-02   0.0000E+00   0.0000E+00
   106     0   1.0464E+19   9.6020E-03   6.0715E-01   1.7555E-02   0.0000E+00   0.0000E+00
   107     0   1.0722E+19   9.7118E-03   6.0516E-01   1.7011E-02   0.0000E+00   0.0000E+00
   108     0   1.1007E+19   9.7571E-03   6.0810E-01   1.8434E-02   0.0000E+00   0.0000E+00
   109     0   1.1311E+19   9.8176E-03   6.0016E-01   1.5901E-02   0.0000E+00   0.0000E+00
   110     0   1.1713E+19   1.0456E-02   5.9836E-01   1.6074E-02   0.0000E+00   0.0000E+00
   111     0   1.2053E+19   1.4062E-02   5.9249E-01   1.5307E-02   0.0000E+00   0.0000E+00
     0     0   8.6849E+15   1.7945E-01   2.2344E-03   2.4163E-01   0.0000E+00   0.0000E+00
     1     0   7.6678E+15   6.4679E-02   1.8311E-03   1.0002E-01   0.0000E+00   0.0000E+00
     2     0   8.1089E+15   6.0200E-02   1.8694E-03   8.3433E-02   0.0000E+00   0.0000E+00
     3     0   9.2102E+15   5.5254E-02   1.8540E-03   7.8078E-02   0.0000E+00   0.0000E+00
     4     0   1.1983E+16   4.8967E-02   1.9968E-03   7.7056E-02   0.0000E+00   0.0000E+00
     5     0   1.7415E+16   4.1322E-02   2.5156E-03   7.1259E-02   0.0000E+00   0.0000E+00
     6     0   0.0000E+00   0.0000E+00   0.0000E+00   0.0000E+00   0.0000E+00   0.0000E+00
     7     0   0.0000E+00   0.0000E+00   0.0000E+00   0.0000E+00   0.0000E+00   0.0000E+00
     8     0   0.0000E+00   0.0000E+00   0.0000E+00   0.0000E+00   0.0000E+00   0.0000E+00
     9     0   0.0000E+00   0.0000E+00   0.0000E+00   0.0000E+00   0.0000E+00   0.0000E+00
    10     0   0.0000E+00   0.0000E+00   0.0000E+00   0.0000E+00   0.0000E+00   0.0000E+00
    11     0   0.0000E+00   0.0000E+00   0.0000E+00   0.0000E+00   0.0000E+00   0.0000E+00
    12     0   0.0000E+00   0.0000E+00   0.0000E+00   0.0000E+00   0.0000E+00   0.0000E+00
    13     0   0.0000E+00   0.0000E+00   0.0000E+00   0.0000E+00   0.0000E+00   0.0000E+00
    14     0   0.0000E+00   0.0000E+00   0.0000E+00   0.0000E+00   0.0000E+00   0.0000E+00
    15     0   0.0000E+00   0.0000E+00   0.0000E+00   0.0000E+00   0.0000E+00   0.0000E+00
    16     0   0.0000E+00   0.0000E+00   0.0000E+00   0.0000E+00   0.0000E+00   0.0000E+00
    17     0   0.0000E+00   0.0000E+00   0.0000E+00   0.0000E+00   0.0000E+00   0.0000E+00
    18     0   0.0000E+00   0.0000E+00   0.0000E+00   0.0000E+00   0.0000E+00   0.0000E+00
    19     0   0.0000E+00   0.0000E+00   0.0000E+00   0.0000E+00   0.0000E+00   0.0000E+00
    20     0   0.0000E+00   0.0000E+00   0.0000E+00   0.0000E+00   0.0000E+00   0.0000E+00
    21     0   0.0000E+00   0.0000E+00   0.0000E+00   0.0000E+00   0.0000E+00   0.0000E+00
    22     0   0.0000E+00   0.0000E+00   0.0000E+00   0.0000E+00   0.0000E+00   0.0000E+00
    23     0   0.0000E+00   0.0000E+00   0.0000E+00   0.0000E+00   0.0000E+00   0.0000E+00
    24     0   0.0000E+00   0.0000E+00   0.0000E+00   0.0000E+00   0.0000E+00   0.0000E+00
    25     0   0.0000E+00   0.0000E+00   0.0000E+00   0.0000E+00   0.0000E+00   0.0000E+00
    26     0   0.0000E+00   0.0000E+00   0.0000E+00   0.0000E+00   0.0000E+00   0.0000E+00
    27     0   0.0000E+00   0.0000E+00   0.0000E+00   0.0000E+00   0.0000E+00   0.0000E+00
    28     0   0.0000E+00   0.0000E+00   0.0000E+00   0.0000E+00   0.0000E+00   0.0000E+00
    29     0   0.0000E+00   0.0000E+00   0.0000E+00   0.0000E+00   0.0000E+00   0.0000E+00
    30     0   0.0000E+00   0.0000E+00   0.0000E+00   0.0000E+00   0.0000E+00   0.0000E+00
    31     0   0.0000E+00   0.0000E+00   0.0000E+00   0.0000E+00   0.0000E+00   0.0000E+00
    32     0   0.0000E+00   0.0000E+00   0.0000E+00   0.0000E+00   0.0000E+00   0.0000E+00
    33     0   0.0000E+00   0.0000E+00   0.0000E+00   0.0000E+00   0.0000E+00   0.0000E+00
    34     0   0.0000E+00   0.0000E+00   0.0000E+00   0.0000E+00   0.0000E+00   0.0000E+00
    35     0   0.0000E+00   0.0000E+00   0.0000E+00   0.0000E+00   0.0000E+00   0.0000E+00
    36     0   0.0000E+00   0.0000E+00   0.0000E+00   0.0000E+00   0.0000E+00   0.0000E+00
    37     0   0.0000E+00   0.0000E+00   0.0000E+00   0.0000E+00   0.0000E+00   0.0000E+00
    38     0   0.0000E+00   0.0000E+00   0.0000E+00   0.0000E+00   0.0000E+00   0.0000E+00
    39     0   0.0000E+00   0.0000E+00   0.0000E+00   0.0000E+00   0.0000E+00   0.0000E+00
    40     0   0.0000E+00   0.0000E+00   0.0000E+00   0.0000E+00   0.0000E+00   0.0000E+00
    41     0   0.0000E+00   0.0000E+00   0.0000E+00   0.0000E+00   0.0000E+00   0.0000E+00
    42     0   0.0000E+00   0.0000E+00   0.0000E+00   0.0000E+00   0.0000E+00   0.0000E+00
    43     0   0.0000E+00   0.0000E+00   0.0000E+00   0.0000E+00   0.0000E+00   0.0000E+00
    44     0   0.0000E+00   0.0000E+00   0.0000E+00   0.0000E+00   0.0000E+00   0.0000E+00
    45     0   0.0000E+00   0.0000E+00   0.0000E+00   0.0000E+00   0.0000E+00   0.0000E+00
    46     0   0.0000E+00   0.0000E+00   0.0000E+00   0.0000E+00   0.0000E+00   0.0000E+00
    47     0   0.0000E+00   0.0000E+00   0.0000E+00   0.0000E+00   0.0000E+00   0.0000E+00
    48     0   0.0000E+00   0.0000E+00   0.0000E+00   0.0000E+00   0.0000E+00   0.0000E+00
    49     0   0.0000E+00   0.0000E+00   0.0000E+00   0.0000E+00   0.0000E+00   0.0000E+00
    50     0   0.0000E+00   0.0000E+00   0.0000E+00   0.0000E+00   0.0000E+00   0.0000E+00
    51     0   0.0000E+00   0.0000E+00   0.0000E+00   0.0000E+00   0.0000E+00   0.0000E+00
    52     0   0.0000E+00   0.0000E+00   0.0000E+00   0.0000E+00   0.0000E+00   0.0000E+00
    53     0   0.0000E+00   0.0000E+00   0.0000E+00   0.0000E+00   0.0000E+00   0.0000E+00
    54     0   0.0000E+00   0.0000E+00   0.0000E+00   0.0000E+00   0.0000E+00   0.0000E+00
    55     0   0.0000E+00   0.0000E+00   0.0000E+00   0.0000E+00   0.0000E+00   0.0000E+00
    56     0   0.0000E+00   0.0000E+00   0.0000E+00   0.0000E+00   0.0000E+00   0.0000E+00
    57     0   0.0000E+00   0.0000E+00   0.0000E+00   0.0000E+00   0.0000E+00   0.0000E+00
    58     0   0.0000E+00   0.0000E+00   0.0000E+00   0.0000E+00   0.0000E+00   0.0000E+00
    59     0   0.0000E+00   0.0000E+00   0.0000E+00   0.0000E+00   0.0000E+00   0.0000E+00
    60     0   0.0000E+00   0.0000E+00   0.0000E+00   0.0000E+00   0.0000E+00   0.0000E+00
    61     0   0.0000E+00   0.0000E+00   0.0000E+00   0.0000E+00   0.0000E+00   0.0000E+00
    62     0   0.0000E+00   0.0000E+00   0.0000E+00   0.0000E+00   0.0000E+00   0.0000E+00
    63     0   0.0000E+00   0.0000E+00   0.0000E+00   0.0000E+00   0.0000E+00   0.0000E+00
    64     0   0.0000E+00   0.0000E+00   0.0000E+00   0.0000E+00   0.0000E+00   0.0000E+00
    65     0   0.0000E+00   0.0000E+00   0.0000E+00   0.0000E+00   0.0000E+00   0.0000E+00
    66     0   0.0000E+00   0.0000E+00   0.0000E+00   0.0000E+00   0.0000E+00   0.0000E+00
    67     0   0.0000E+00   0.0000E+00   0.0000E+00   0.0000E+00   0.0000E+00   0.0000E+00
    68     0   0.0000E+00   0.0000E+00   0.0000E+00   0.0000E+00   0.0000E+00   0.0000E+00
    69     0   0.0000E+00   0.0000E+00   0.0000E+00   0.0000E+00   0.0000E+00   0.0000E+00
    70     0   0.0000E+00   0.0000E+00   0.0000E+00   0.0000E+00   0.0000E+00   0.0000E+00
    71     0   0.0000E+00   0.0000E+00   0.0000E+00   0.0000E+00   0.0000E+00   0.0000E+00
    72     0   0.0000E+00   0.0000E+00   0.0000E+00   0.0000E+00   0.0000E+00   0.0000E+00
    73     0   0.0000E+00   0.0000E+00   0.0000E+00   0.0000E+00   0.0000E+00   0.0000E+00
    74     0   0.0000E+00   0.0000E+00   0.0000E+00   0.0000E+00   0.0000E+00   0.0000E+00
    75     0   0.0000E+00   0.0000E+00   0.0000E+00   0.0000E+00   0.0000E+00   0.0000E+00
    76     0   0.0000E+00   0.0000E+00   0.0000E+00   0.0000E+00   0.0000E+00   0.0000E+00
    77     0   0.0000E+00   0.0000E+00   0.0000E+00   0.0000E+00   0.0000E+00   0.0000E+00
    78     0   0.0000E+00   0.0000E+00   0.0000E+00   0.0000E+00   0.0000E+00   0.0000E+00
    79     0   0.0000E+00   0.0000E+00   0.0000E+00   0.0000E+00   0.0000E+00   0.0000E+00
    80     0   0.0000E+00   0.0000E+00   0.0000E+00   0.0000E+00   0.0000E+00   0.0000E+00
    81     0   0.0000E+00   0.0000E+00   0.0000E+00   0.0000E+00   0.0000E+00   0.0000E+00
    82     0   0.0000E+00   0.0000E+00   0.0000E+00   0.0000E+00   0.0000E+00   0.0000E+00
    83     0   0.0000E+00   0.0000E+00   0.0000E+00   0.0000E+00   0.0000E+00   0.0000E+00
    84     0   0.0000E+00   0.0000E+00   0.0000E+00   0.0000E+00   0.0000E+00   0.0000E+00
    85     0   0.0000E+00   0.0000E+00   0.0000E+00   0.0000E+00   0.0000E+00   0.0000E+00
    86     0   0.0000E+00   0.0000E+00   0.0000E+00   0.0000E+00   0.0000E+00   0.0000E+00
    87     0   0.0000E+00   0.0000E+00   0.0000E+00   0.0000E+00   0.0000E+00   0.0000E+00
    88     0   0.0000E+00   0.0000E+00   0.0000E+00   0.0000E+00   0.0000E+00   0.0000E+00
    89     0   0.0000E+00   0.0000E+00   0.0000E+00   0.0000E+00   0.0000E+00   0.0000E+00
    90     0   0.0000E+00   0.0000E+00   0.0000E+00   0.0000E+00   0.0000E+00   0.0000E+00
    91     0   0.0000E+00   0.0000E+00   0.0000E+00   0.0000E+00   0.0000E+00   0.0000E+00
    92     0   0.0000E+00   0.0000E+00   0.0000E+00   0.0000E+00   0.0000E+00   0.0000E+00
    93     0   0.0000E+00   0.0000E+00   0.0000E+00   0.0000E+00   0.0000E+00   0.0000E+00
    94     0   0.0000E+00   0.0000E+00   0.0000E+00   0.0000E+00   0.0000E+00   0.0000E+00
    95     0   0.0000E+00   0.0000E+00   0.0000E+00   0.0000E+00   0.0000E+00   0.0000E+00
    96     0   0.0000E+00   0.0000E+00   0.0000E+00   0.0000E+00   0.0000E+00   0.0000E+00
    97     0   0.0000E+00   0.0000E+00   0.0000E+00   0.0000E+00   0.0000E+00   0.0000E+00
    98     0   0.0000E+00   0.0000E+00   0.0000E+00   0.0000E+00   0.0000E+00   0.0000E+00
    99     0   0.0000E+00   0.0000E+00   0.0000E+00   0.0000E+00   0.0000E+00   0.0000E+00
   100     0   0.0000E+00   0.0000E+00   0.0000E+00   0.0000E+00   0.0000E+00   0.0000E+00
   101     0   0.0000E+00   0.0000E+00   0.0000E+00   0.0000E+00   0.0000E+00   0.0000E+00
   102     0   0.0000E+00   0.0000E+00   0.0000E+00   0.0000E+00   0.0000E+00   0.0000E+00
   103     0   0.0000E+00   0.0000E+00   0.0000E+00   0.0000E+00   0.0000E+00   0.0000E+00
   104     0   0.0000E+00   0.0000E+00   0.0000E+00   0.0000E+00   0.0000E+00   0.0000E+00
   105     0   0.0000E+00   0.0000E+00   0.0000E+00   0.0000E+00   0.0000E+00   0.0000E+00
   106     0   0.0000E+00   0.0000E+00   0.0000E+00   0.0000E+00   0.0000E+00   0.0000E+00
   107     0   0.0000E+00   0.0000E+00   0.0000E+00   0.0000E+00   0.0000E+00   0.0000E+00
   108     0   0.0000E+00   0.0000E+00   0.0000E+00   0.0000E+00   0.0000E+00   0.0000E+00
   109     0   0.0000E+00   0.0000E+00   0.0000E+00   0.0000E+00   0.0000E+00   0.0000E+00
   110     0   0.0000E+00   0.0000E+00   0.0000E+00   0.0000E+00   0.0000E+00   0.0000E+00
   111     0   0.0000E+00   0.0000E+00   0.0000E+00   0.0000E+00   0.0000E+00   0.0000E+00
