     0     0   1.4978E+19   2.8139E-02   1.0113E+01   2.6921E-02   0.0000E+00   0.0000E+00
     1     0   1.3927E+19   1.9786E-02   9.8211E+00   2.2959E-02   0.0000E+00   0.0000E+00
     2     0   1.3002E+19   1.8122E-02   9.2802E+00   2.1014E-02   0.0000E+00   0.0000E+00
     3     0   1.2533E+19   1.8146E-02   8.8595E+00   2.0573E-02   0.0000E+00   0.0000E+00
     4     0   1.2210E+19   1.9647E-02   8.5798E+00   2.2324E-02   0.0000E+00   0.0000E+00
     5     0   1.1766E+19   1.9948E-02   7.9692E+00   2.1863E-02   0.0000E+00   0.0000E+00
     6     0   1.1132E+19   2.2206E-02   7.4537E+00   2.2389E-02   0.0000E+00   0.0000E+00
     7     0   1.1132E+19   2.2206E-02   7.4537E+00   2.2389E-02   0.0000E+00   0.0000E+00
     8     0   1.1132E+19   2.2206E-02   7.4537E+00   2.2389E-02   0.0000E+00   0.0000E+00
     9     0   1.1132E+19   2.2206E-02   7.4537E+00   2.2389E-02   0.0000E+00   0.0000E+00
    10     0   1.1132E+19   2.2206E-02   7.4537E+00   2.2389E-02   0.0000E+00   0.0000E+00
    11     0   1.1132E+19   2.2206E-02   7.4537E+00   2.2389E-02   0.0000E+00   0.0000E+00
    12     0   1.1132E+19   2.2206E-02   7.4537E+00   2.2389E-02   0.0000E+00   0.0000E+00
    13     0   1.1132E+19   2.2206E-02   7.4537E+00   2.2389E-02   0.0000E+00   0.0000E+00
    14     0   1.1132E+19   2.2206E-02   7.4537E+00   2.2389E-02   0.0000E+00   0.0000E+00
    15     0   1.1132E+19   2.2206E-02   7.4537E+00   2.2389E-02   0.0000E+00   0.0000E+00
    16     0   1.1132E+19   2.2206E-02   7.4537E+00   2.2389E-02   0.0000E+00   0.0000E+00
    17     0   1.1132E+19   2.2206E-02   7.4537E+00   2.2389E-02   0.0000E+00   0.0000E+00
    18     0   1.1132E+19   2.2206E-02   7.4537E+00   2.2389E-02   0.0000E+00   0.0000E+00
    19     0   1.1132E+19   2.2206E-02   7.4537E+00   2.2389E-02   0.0000E+00   0.0000E+00
    20     0   1.1132E+19   2.2206E-02   7.4537E+00   2.2389E-02   0.0000E+00   0.0000E+00
    21     0   1.1132E+19   2.2206E-02   7.4537E+00   2.2389E-02   0.0000E+00   0.0000E+00
    22     0   1.1132E+19   2.2206E-02   7.4537E+00   2.2389E-02   0.0000E+00   0.0000E+00
    23     0   1.1132E+19   2.2206E-02   7.4537E+00   2.2389E-02   0.0000E+00   0.0000E+00
    24     0   1.1132E+19   2.2206E-02   7.4537E+00   2.2389E-02   0.0000E+00   0.0000E+00
    25     0   1.1132E+19   2.2206E-02   7.4537E+00   2.2389E-02   0.0000E+00   0.0000E+00
    26     0   1.1132E+19   2.2206E-02   7.4537E+00   2.2389E-02   0.0000E+00   0.0000E+00
    27     0   1.1132E+19   2.2206E-02   7.4537E+00   2.2389E-02   0.0000E+00   0.0000E+00
    28     0   1.1132E+19   2.2206E-02   7.4537E+00   2.2389E-02   0.0000E+00   0.0000E+00
    29     0   1.1132E+19   2.2206E-02   7.4537E+00   2.2389E-02   0.0000E+00   0.0000E+00
    30     0   1.1132E+19   2.2206E-02   7.4537E+00   2.2389E-02   0.0000E+00   0.0000E+00
    31     0   1.1132E+19   2.2206E-02   7.4537E+00   2.2389E-02   0.0000E+00   0.0000E+00
    32     0   1.1132E+19   2.2206E-02   7.4537E+00   2.2389E-02   0.0000E+00   0.0000E+00
    33     0   1.1132E+19   2.2206E-02   7.4537E+00   2.2389E-02   0.0000E+00   0.0000E+00
    34     0   1.1132E+19   2.2206E-02   7.4537E+00   2.2389E-02   0.0000E+00   0.0000E+00
    35     0   1.1132E+19   2.2206E-02   7.4537E+00   2.2389E-02   0.0000E+00   0.0000E+00
    36     0   1.1132E+19   2.2206E-02   7.4537E+00   2.2389E-02   0.0000E+00   0.0000E+00
    37     0   1.1132E+19   2.2206E-02   7.4537E+00   2.2389E-02   0.0000E+00   0.0000E+00
    38     0   1.1132E+19   2.2206E-02   7.4537E+00   2.2389E-02   0.0000E+00   0.0000E+00
    39     0   1.1132E+19   2.2206E-02   7.4537E+00   2.2389E-02   0.0000E+00   0.0000E+00
    40     0   1.1132E+19   2.2206E-02   7.4537E+00   2.2389E-02   0.0000E+00   0.0000E+00
    41     0   1.1132E+19   2.2206E-02   7.4537E+00   2.2389E-02   0.0000E+00   0.0000E+00
    42     0   1.1132E+19   2.2206E-02   7.4537E+00   2.2389E-02   0.0000E+00   0.0000E+00
    43     0   1.1132E+19   2.2206E-02   7.4537E+00   2.2389E-02   0.0000E+00   0.0000E+00
    44     0   1.1132E+19   2.2206E-02   7.4537E+00   2.2389E-02   0.0000E+00   0.0000E+00
    45     0   1.1132E+19   2.2206E-02   7.4537E+00   2.2389E-02   0.0000E+00   0.0000E+00
    46     0   1.1132E+19   2.2206E-02   7.4537E+00   2.2389E-02   0.0000E+00   0.0000E+00
    47     0   1.1132E+19   2.2206E-02   7.4537E+00   2.2389E-02   0.0000E+00   0.0000E+00
    48     0   1.1132E+19   2.2206E-02   7.4537E+00   2.2389E-02   0.0000E+00   0.0000E+00
    49     0   1.1132E+19   2.2206E-02   7.4537E+00   2.2389E-02   0.0000E+00   0.0000E+00
    50     0   1.1132E+19   2.2206E-02   7.4537E+00   2.2389E-02   0.0000E+00   0.0000E+00
    51     0   1.1132E+19   2.2206E-02   7.4537E+00   2.2389E-02   0.0000E+00   0.0000E+00
    52     0   1.1132E+19   2.2206E-02   7.4537E+00   2.2389E-02   0.0000E+00   0.0000E+00
    53     0   1.1132E+19   2.2206E-02   7.4537E+00   2.2389E-02   0.0000E+00   0.0000E+00
    54     0   1.1132E+19   2.2206E-02   7.4537E+00   2.2389E-02   0.0000E+00   0.0000E+00
    55     0   1.1132E+19   2.2206E-02   7.4537E+00   2.2389E-02   0.0000E+00   0.0000E+00
    56     0   1.1132E+19   2.2206E-02   7.4537E+00   2.2389E-02   0.0000E+00   0.0000E+00
    57     0   1.1132E+19   2.2206E-02   7.4537E+00   2.2389E-02   0.0000E+00   0.0000E+00
    58     0   1.1132E+19   2.2206E-02   7.4537E+00   2.2389E-02   0.0000E+00   0.0000E+00
    59     0   1.1132E+19   2.2206E-02   7.4537E+00   2.2389E-02   0.0000E+00   0.0000E+00
    60     0   1.1132E+19   2.2206E-02   7.4537E+00   2.2389E-02   0.0000E+00   0.0000E+00
    61     0   1.1132E+19   2.2206E-02   7.4537E+00   2.2389E-02   0.0000E+00   0.0000E+00
    62     0   1.1132E+19   2.2206E-02   7.4537E+00   2.2389E-02   0.0000E+00   0.0000E+00
    63     0   1.1132E+19   2.2206E-02   7.4537E+00   2.2389E-02   0.0000E+00   0.0000E+00
    64     0   1.1132E+19   2.2206E-02   7.4537E+00   2.2389E-02   0.0000E+00   0.0000E+00
    65     0   1.1132E+19   2.2206E-02   7.4537E+00   2.2389E-02   0.0000E+00   0.0000E+00
    66     0   1.1132E+19   2.2206E-02   7.4537E+00   2.2389E-02   0.0000E+00   0.0000E+00
    67     0   1.1132E+19   2.2206E-02   7.4537E+00   2.2389E-02   0.0000E+00   0.0000E+00
    68     0   1.1132E+19   2.2206E-02   7.4537E+00   2.2389E-02   0.0000E+00   0.0000E+00
    69     0   1.1132E+19   2.2206E-02   7.4537E+00   2.2389E-02   0.0000E+00   0.0000E+00
    70     0   1.1132E+19   2.2206E-02   7.4537E+00   2.2389E-02   0.0000E+00   0.0000E+00
    71     0   1.1132E+19   2.2206E-02   7.4537E+00   2.2389E-02   0.0000E+00   0.0000E+00
    72     0   1.1132E+19   2.2206E-02   7.4537E+00   2.2389E-02   0.0000E+00   0.0000E+00
    73     0   1.1132E+19   2.2206E-02   7.4537E+00   2.2389E-02   0.0000E+00   0.0000E+00
    74     0   1.1132E+19   2.2206E-02   7.4537E+00   2.2389E-02   0.0000E+00   0.0000E+00
    75     0   1.1132E+19   2.2206E-02   7.4537E+00   2.2389E-02   0.0000E+00   0.0000E+00
    76     0   1.1132E+19   2.2206E-02   7.4537E+00   2.2389E-02   0.0000E+00   0.0000E+00
    77     0   1.1132E+19   2.2206E-02   7.4537E+00   2.2389E-02   0.0000E+00   0.0000E+00
    78     0   1.1132E+19   2.2206E-02   7.4537E+00   2.2389E-02   0.0000E+00   0.0000E+00
    79     0   1.1132E+19   2.2206E-02   7.4537E+00   2.2389E-02   0.0000E+00   0.0000E+00
    80     0   1.1132E+19   2.2206E-02   7.4537E+00   2.2389E-02   0.0000E+00   0.0000E+00
    81     0   1.1132E+19   2.2206E-02   7.4537E+00   2.2389E-02   0.0000E+00   0.0000E+00
    82     0   1.1132E+19   2.2206E-02   7.4537E+00   2.2389E-02   0.0000E+00   0.0000E+00
    83     0   1.1132E+19   2.2206E-02   7.4537E+00   2.2389E-02   0.0000E+00   0.0000E+00
    84     0   1.1132E+19   2.2206E-02   7.4537E+00   2.2389E-02   0.0000E+00   0.0000E+00
    85     0   1.1132E+19   2.2206E-02   7.4537E+00   2.2389E-02   0.0000E+00   0.0000E+00
    86     0   1.1132E+19   2.2206E-02   7.4537E+00   2.2389E-02   0.0000E+00   0.0000E+00
    87     0   1.1132E+19   2.2206E-02   7.4537E+00   2.2389E-02   0.0000E+00   0.0000E+00
    88     0   1.1132E+19   2.2206E-02   7.4537E+00   2.2389E-02   0.0000E+00   0.0000E+00
    89     0   1.1132E+19   2.2206E-02   7.4537E+00   2.2389E-02   0.0000E+00   0.0000E+00
    90     0   1.1132E+19   2.2206E-02   7.4537E+00   2.2389E-02   0.0000E+00   0.0000E+00
    91     0   1.1132E+19   2.2206E-02   7.4537E+00   2.2389E-02   0.0000E+00   0.0000E+00
    92     0   1.1132E+19   2.2206E-02   7.4537E+00   2.2389E-02   0.0000E+00   0.0000E+00
    93     0   1.1132E+19   2.2206E-02   7.4537E+00   2.2389E-02   0.0000E+00   0.0000E+00
    94     0   1.1132E+19   2.2206E-02   7.4537E+00   2.2389E-02   0.0000E+00   0.0000E+00
    95     0   1.1132E+19   2.2206E-02   7.4537E+00   2.2389E-02   0.0000E+00   0.0000E+00
    96     0   1.1132E+19   2.2206E-02   7.4537E+00   2.2389E-02   0.0000E+00   0.0000E+00
    97     0   1.1132E+19   2.2206E-02   7.4537E+00   2.2389E-02   0.0000E+00   0.0000E+00
    98     0   1.1132E+19   2.2206E-02   7.4537E+00   2.2389E-02   0.0000E+00   0.0000E+00
    99     0   1.1132E+19   2.2206E-02   7.4537E+00   2.2389E-02   0.0000E+00   0.0000E+00
   100     0   1.1132E+19   2.2206E-02   7.4537E+00   2.2389E-02   0.0000E+00   0.0000E+00
   101     0   1.1132E+19   2.2206E-02   7.4537E+00   2.2389E-02   0.0000E+00   0.0000E+00
   102     0   1.1132E+19   2.2206E-02   7.4537E+00   2.2389E-02   0.0000E+00   0.0000E+00
   103     0   1.1132E+19   2.2206E-02   7.4537E+00   2.2389E-02   0.0000E+00   0.0000E+00
   104     0   1.1132E+19   2.2206E-02   7.4537E+00   2.2389E-02   0.0000E+00   0.0000E+00
   105     0   1.1132E+19   2.2206E-02   7.4537E+00   2.2389E-02   0.0000E+00   0.0000E+00
   106     0   1.1132E+19   2.2206E-02   7.4537E+00   2.2389E-02   0.0000E+00   0.0000E+00
   107     0   1.1132E+19   2.2206E-02   7.4537E+00   2.2389E-02   0.0000E+00   0.0000E+00
   108     0   1.1132E+19   2.2206E-02   7.4537E+00   2.2389E-02   0.0000E+00   0.0000E+00
   109     0   1.1132E+19   2.2206E-02   7.4537E+00   2.2389E-02   0.0000E+00   0.0000E+00
   110     0   1.1132E+19   2.2206E-02   7.4537E+00   2.2389E-02   0.0000E+00   0.0000E+00
   111     0   1.1132E+19   2.2206E-02   7.4537E+00   2.2389E-02   0.0000E+00   0.0000E+00
     0     0   7.5445E+17   1.1207E-01   9.1269E-02   1.7357E-01   0.0000E+00   0.0000E+00
     1     0   7.9825E+17   9.4651E-02   8.9936E-02   1.4065E-01   0.0000E+00   0.0000E+00
     2     0   9.7944E+17   8.3563E-02   9.1093E-02   1.1478E-01   0.0000E+00   0.0000E+00
     3     0   1.3522E+18   7.3264E-02   1.0199E-01   1.1215E-01   0.0000E+00   0.0000E+00
     4     0   2.1237E+18   6.0520E-02   1.1799E-01   9.0220E-02   0.0000E+00   0.0000E+00
     5     0   4.6492E+18   5.0332E-02   1.6165E-01   8.0185E-02   0.0000E+00   0.0000E+00
     6     0   8.5875E+18   6.0505E-02   1.7733E-01   6.5376E-02   0.0000E+00   0.0000E+00
     7     0   8.5875E+18   6.0505E-02   1.7733E-01   6.5376E-02   0.0000E+00   0.0000E+00
     8     0   8.5875E+18   6.0505E-02   1.7733E-01   6.5376E-02   0.0000E+00   0.0000E+00
     9     0   8.5875E+18   6.0505E-02   1.7733E-01   6.5376E-02   0.0000E+00   0.0000E+00
    10     0   8.5875E+18   6.0505E-02   1.7733E-01   6.5376E-02   0.0000E+00   0.0000E+00
    11     0   8.5875E+18   6.0505E-02   1.7733E-01   6.5376E-02   0.0000E+00   0.0000E+00
    12     0   8.5875E+18   6.0505E-02   1.7733E-01   6.5376E-02   0.0000E+00   0.0000E+00
    13     0   8.5875E+18   6.0505E-02   1.7733E-01   6.5376E-02   0.0000E+00   0.0000E+00
    14     0   8.5875E+18   6.0505E-02   1.7733E-01   6.5376E-02   0.0000E+00   0.0000E+00
    15     0   8.5875E+18   6.0505E-02   1.7733E-01   6.5376E-02   0.0000E+00   0.0000E+00
    16     0   8.5875E+18   6.0505E-02   1.7733E-01   6.5376E-02   0.0000E+00   0.0000E+00
    17     0   8.5875E+18   6.0505E-02   1.7733E-01   6.5376E-02   0.0000E+00   0.0000E+00
    18     0   8.5875E+18   6.0505E-02   1.7733E-01   6.5376E-02   0.0000E+00   0.0000E+00
    19     0   8.5875E+18   6.0505E-02   1.7733E-01   6.5376E-02   0.0000E+00   0.0000E+00
    20     0   8.5875E+18   6.0505E-02   1.7733E-01   6.5376E-02   0.0000E+00   0.0000E+00
    21     0   8.5875E+18   6.0505E-02   1.7733E-01   6.5376E-02   0.0000E+00   0.0000E+00
    22     0   8.5875E+18   6.0505E-02   1.7733E-01   6.5376E-02   0.0000E+00   0.0000E+00
    23     0   8.5875E+18   6.0505E-02   1.7733E-01   6.5376E-02   0.0000E+00   0.0000E+00
    24     0   8.5875E+18   6.0505E-02   1.7733E-01   6.5376E-02   0.0000E+00   0.0000E+00
    25     0   8.5875E+18   6.0505E-02   1.7733E-01   6.5376E-02   0.0000E+00   0.0000E+00
    26     0   8.5875E+18   6.0505E-02   1.7733E-01   6.5376E-02   0.0000E+00   0.0000E+00
    27     0   8.5875E+18   6.0505E-02   1.7733E-01   6.5376E-02   0.0000E+00   0.0000E+00
    28     0   8.5875E+18   6.0505E-02   1.7733E-01   6.5376E-02   0.0000E+00   0.0000E+00
    29     0   8.5875E+18   6.0505E-02   1.7733E-01   6.5376E-02   0.0000E+00   0.0000E+00
    30     0   8.5875E+18   6.0505E-02   1.7733E-01   6.5376E-02   0.0000E+00   0.0000E+00
    31     0   8.5875E+18   6.0505E-02   1.7733E-01   6.5376E-02   0.0000E+00   0.0000E+00
    32     0   8.5875E+18   6.0505E-02   1.7733E-01   6.5376E-02   0.0000E+00   0.0000E+00
    33     0   8.5875E+18   6.0505E-02   1.7733E-01   6.5376E-02   0.0000E+00   0.0000E+00
    34     0   8.5875E+18   6.0505E-02   1.7733E-01   6.5376E-02   0.0000E+00   0.0000E+00
    35     0   8.5875E+18   6.0505E-02   1.7733E-01   6.5376E-02   0.0000E+00   0.0000E+00
    36     0   8.5875E+18   6.0505E-02   1.7733E-01   6.5376E-02   0.0000E+00   0.0000E+00
    37     0   8.5875E+18   6.0505E-02   1.7733E-01   6.5376E-02   0.0000E+00   0.0000E+00
    38     0   8.5875E+18   6.0505E-02   1.7733E-01   6.5376E-02   0.0000E+00   0.0000E+00
    39     0   8.5875E+18   6.0505E-02   1.7733E-01   6.5376E-02   0.0000E+00   0.0000E+00
    40     0   8.5875E+18   6.0505E-02   1.7733E-01   6.5376E-02   0.0000E+00   0.0000E+00
    41     0   8.5875E+18   6.0505E-02   1.7733E-01   6.5376E-02   0.0000E+00   0.0000E+00
    42     0   8.5875E+18   6.0505E-02   1.7733E-01   6.5376E-02   0.0000E+00   0.0000E+00
    43     0   8.5875E+18   6.0505E-02   1.7733E-01   6.5376E-02   0.0000E+00   0.0000E+00
    44     0   8.5875E+18   6.0505E-02   1.7733E-01   6.5376E-02   0.0000E+00   0.0000E+00
    45     0   8.5875E+18   6.0505E-02   1.7733E-01   6.5376E-02   0.0000E+00   0.0000E+00
    46     0   8.5875E+18   6.0505E-02   1.7733E-01   6.5376E-02   0.0000E+00   0.0000E+00
    47     0   8.5875E+18   6.0505E-02   1.7733E-01   6.5376E-02   0.0000E+00   0.0000E+00
    48     0   8.5875E+18   6.0505E-02   1.7733E-01   6.5376E-02   0.0000E+00   0.0000E+00
    49     0   8.5875E+18   6.0505E-02   1.7733E-01   6.5376E-02   0.0000E+00   0.0000E+00
    50     0   8.5875E+18   6.0505E-02   1.7733E-01   6.5376E-02   0.0000E+00   0.0000E+00
    51     0   8.5875E+18   6.0505E-02   1.7733E-01   6.5376E-02   0.0000E+00   0.0000E+00
    52     0   8.5875E+18   6.0505E-02   1.7733E-01   6.5376E-02   0.0000E+00   0.0000E+00
    53     0   8.5875E+18   6.0505E-02   1.7733E-01   6.5376E-02   0.0000E+00   0.0000E+00
    54     0   8.5875E+18   6.0505E-02   1.7733E-01   6.5376E-02   0.0000E+00   0.0000E+00
    55     0   8.5875E+18   6.0505E-02   1.7733E-01   6.5376E-02   0.0000E+00   0.0000E+00
    56     0   8.5875E+18   6.0505E-02   1.7733E-01   6.5376E-02   0.0000E+00   0.0000E+00
    57     0   8.5875E+18   6.0505E-02   1.7733E-01   6.5376E-02   0.0000E+00   0.0000E+00
    58     0   8.5875E+18   6.0505E-02   1.7733E-01   6.5376E-02   0.0000E+00   0.0000E+00
    59     0   8.5875E+18   6.0505E-02   1.7733E-01   6.5376E-02   0.0000E+00   0.0000E+00
    60     0   8.5875E+18   6.0505E-02   1.7733E-01   6.5376E-02   0.0000E+00   0.0000E+00
    61     0   8.5875E+18   6.0505E-02   1.7733E-01   6.5376E-02   0.0000E+00   0.0000E+00
    62     0   8.5875E+18   6.0505E-02   1.7733E-01   6.5376E-02   0.0000E+00   0.0000E+00
    63     0   8.5875E+18   6.0505E-02   1.7733E-01   6.5376E-02   0.0000E+00   0.0000E+00
    64     0   8.5875E+18   6.0505E-02   1.7733E-01   6.5376E-02   0.0000E+00   0.0000E+00
    65     0   8.5875E+18   6.0505E-02   1.7733E-01   6.5376E-02   0.0000E+00   0.0000E+00
    66     0   8.5875E+18   6.0505E-02   1.7733E-01   6.5376E-02   0.0000E+00   0.0000E+00
    67     0   8.5875E+18   6.0505E-02   1.7733E-01   6.5376E-02   0.0000E+00   0.0000E+00
    68     0   8.5875E+18   6.0505E-02   1.7733E-01   6.5376E-02   0.0000E+00   0.0000E+00
    69     0   8.5875E+18   6.0505E-02   1.7733E-01   6.5376E-02   0.0000E+00   0.0000E+00
    70     0   8.5875E+18   6.0505E-02   1.7733E-01   6.5376E-02   0.0000E+00   0.0000E+00
    71     0   8.5875E+18   6.0505E-02   1.7733E-01   6.5376E-02   0.0000E+00   0.0000E+00
    72     0   8.5875E+18   6.0505E-02   1.7733E-01   6.5376E-02   0.0000E+00   0.0000E+00
    73     0   8.5875E+18   6.0505E-02   1.7733E-01   6.5376E-02   0.0000E+00   0.0000E+00
    74     0   8.5875E+18   6.0505E-02   1.7733E-01   6.5376E-02   0.0000E+00   0.0000E+00
    75     0   8.5875E+18   6.0505E-02   1.7733E-01   6.5376E-02   0.0000E+00   0.0000E+00
    76     0   8.5875E+18   6.0505E-02   1.7733E-01   6.5376E-02   0.0000E+00   0.0000E+00
    77     0   8.5875E+18   6.0505E-02   1.7733E-01   6.5376E-02   0.0000E+00   0.0000E+00
    78     0   8.5875E+18   6.0505E-02   1.7733E-01   6.5376E-02   0.0000E+00   0.0000E+00
    79     0   8.5875E+18   6.0505E-02   1.7733E-01   6.5376E-02   0.0000E+00   0.0000E+00
    80     0   8.5875E+18   6.0505E-02   1.7733E-01   6.5376E-02   0.0000E+00   0.0000E+00
    81     0   8.5875E+18   6.0505E-02   1.7733E-01   6.5376E-02   0.0000E+00   0.0000E+00
    82     0   8.5875E+18   6.0505E-02   1.7733E-01   6.5376E-02   0.0000E+00   0.0000E+00
    83     0   8.5875E+18   6.0505E-02   1.7733E-01   6.5376E-02   0.0000E+00   0.0000E+00
    84     0   8.5875E+18   6.0505E-02   1.7733E-01   6.5376E-02   0.0000E+00   0.0000E+00
    85     0   8.5875E+18   6.0505E-02   1.7733E-01   6.5376E-02   0.0000E+00   0.0000E+00
    86     0   8.5875E+18   6.0505E-02   1.7733E-01   6.5376E-02   0.0000E+00   0.0000E+00
    87     0   8.5875E+18   6.0505E-02   1.7733E-01   6.5376E-02   0.0000E+00   0.0000E+00
    88     0   8.5875E+18   6.0505E-02   1.7733E-01   6.5376E-02   0.0000E+00   0.0000E+00
    89     0   8.5875E+18   6.0505E-02   1.7733E-01   6.5376E-02   0.0000E+00   0.0000E+00
    90     0   8.5875E+18   6.0505E-02   1.7733E-01   6.5376E-02   0.0000E+00   0.0000E+00
    91     0   8.5875E+18   6.0505E-02   1.7733E-01   6.5376E-02   0.0000E+00   0.0000E+00
    92     0   8.5875E+18   6.0505E-02   1.7733E-01   6.5376E-02   0.0000E+00   0.0000E+00
    93     0   8.5875E+18   6.0505E-02   1.7733E-01   6.5376E-02   0.0000E+00   0.0000E+00
    94     0   8.5875E+18   6.0505E-02   1.7733E-01   6.5376E-02   0.0000E+00   0.0000E+00
    95     0   8.5875E+18   6.0505E-02   1.7733E-01   6.5376E-02   0.0000E+00   0.0000E+00
    96     0   8.5875E+18   6.0505E-02   1.7733E-01   6.5376E-02   0.0000E+00   0.0000E+00
    97     0   8.5875E+18   6.0505E-02   1.7733E-01   6.5376E-02   0.0000E+00   0.0000E+00
    98     0   8.5875E+18   6.0505E-02   1.7733E-01   6.5376E-02   0.0000E+00   0.0000E+00
    99     0   8.5875E+18   6.0505E-02   1.7733E-01   6.5376E-02   0.0000E+00   0.0000E+00
   100     0   8.5875E+18   6.0505E-02   1.7733E-01   6.5376E-02   0.0000E+00   0.0000E+00
   101     0   8.5875E+18   6.0505E-02   1.7733E-01   6.5376E-02   0.0000E+00   0.0000E+00
   102     0   8.5875E+18   6.0505E-02   1.7733E-01   6.5376E-02   0.0000E+00   0.0000E+00
   103     0   8.5875E+18   6.0505E-02   1.7733E-01   6.5376E-02   0.0000E+00   0.0000E+00
   104     0   8.5875E+18   6.0505E-02   1.7733E-01   6.5376E-02   0.0000E+00   0.0000E+00
   105     0   8.5875E+18   6.0505E-02   1.7733E-01   6.5376E-02   0.0000E+00   0.0000E+00
   106     0   8.5875E+18   6.0505E-02   1.7733E-01   6.5376E-02   0.0000E+00   0.0000E+00
   107     0   8.5875E+18   6.0505E-02   1.7733E-01   6.5376E-02   0.0000E+00   0.0000E+00
   108     0   8.5875E+18   6.0505E-02   1.7733E-01   6.5376E-02   0.0000E+00   0.0000E+00
   109     0   8.5875E+18   6.0505E-02   1.7733E-01   6.5376E-02   0.0000E+00   0.0000E+00
   110     0   8.5875E+18   6.0505E-02   1.7733E-01   6.5376E-02   0.0000E+00   0.0000E+00
   111     0   8.5875E+18   6.0505E-02   1.7733E-01   6.5376E-02   0.0000E+00   0.0000E+00
     0     0   0.0000E+00   0.0000E+00   0.0000E+00   0.0000E+00   0.0000E+00   0.0000E+00
     1     0   4.6502E+15   4.9491E-01   5.1658E-04   4.9682E-01   0.0000E+00   0.0000E+00
     2     0   5.8628E+15   4.4399E-01   4.9110E-04   4.0285E-01   0.0000E+00   0.0000E+00
     3     0   8.7399E+15   2.6454E-01   5.8708E-04   3.9149E-01   0.0000E+00   0.0000E+00
     4     0   1.3127E+16   2.6250E-01   4.0173E-04   3.1349E-01   0.0000E+00   0.0000E+00
     5     0   3.8307E+16   1.7918E-01   1.3059E-03   2.6953E-01   0.0000E+00   0.0000E+00
     6     0   0.0000E+00   0.0000E+00   0.0000E+00   0.0000E+00   0.0000E+00   0.0000E+00
     7     0   0.0000E+00   0.0000E+00   0.0000E+00   0.0000E+00   0.0000E+00   0.0000E+00
     8     0   0.0000E+00   0.0000E+00   0.0000E+00   0.0000E+00   0.0000E+00   0.0000E+00
     9     0   0.0000E+00   0.0000E+00   0.0000E+00   0.0000E+00   0.0000E+00   0.0000E+00
    10     0   0.0000E+00   0.0000E+00   0.0000E+00   0.0000E+00   0.0000E+00   0.0000E+00
    11     0   0.0000E+00   0.0000E+00   0.0000E+00   0.0000E+00   0.0000E+00   0.0000E+00
    12     0   0.0000E+00   0.0000E+00   0.0000E+00   0.0000E+00   0.0000E+00   0.0000E+00
    13     0   0.0000E+00   0.0000E+00   0.0000E+00   0.0000E+00   0.0000E+00   0.0000E+00
    14     0   0.0000E+00   0.0000E+00   0.0000E+00   0.0000E+00   0.0000E+00   0.0000E+00
    15     0   0.0000E+00   0.0000E+00   0.0000E+00   0.0000E+00   0.0000E+00   0.0000E+00
    16     0   0.0000E+00   0.0000E+00   0.0000E+00   0.0000E+00   0.0000E+00   0.0000E+00
    17     0   0.0000E+00   0.0000E+00   0.0000E+00   0.0000E+00   0.0000E+00   0.0000E+00
    18     0   0.0000E+00   0.0000E+00   0.0000E+00   0.0000E+00   0.0000E+00   0.0000E+00
    19     0   0.0000E+00   0.0000E+00   0.0000E+00   0.0000E+00   0.0000E+00   0.0000E+00
    20     0   0.0000E+00   0.0000E+00   0.0000E+00   0.0000E+00   0.0000E+00   0.0000E+00
    21     0   0.0000E+00   0.0000E+00   0.0000E+00   0.0000E+00   0.0000E+00   0.0000E+00
    22     0   0.0000E+00   0.0000E+00   0.0000E+00   0.0000E+00   0.0000E+00   0.0000E+00
    23     0   0.0000E+00   0.0000E+00   0.0000E+00   0.0000E+00   0.0000E+00   0.0000E+00
    24     0   0.0000E+00   0.0000E+00   0.0000E+00   0.0000E+00   0.0000E+00   0.0000E+00
    25     0   0.0000E+00   0.0000E+00   0.0000E+00   0.0000E+00   0.0000E+00   0.0000E+00
    26     0   0.0000E+00   0.0000E+00   0.0000E+00   0.0000E+00   0.0000E+00   0.0000E+00
    27     0   0.0000E+00   0.0000E+00   0.0000E+00   0.0000E+00   0.0000E+00   0.0000E+00
    28     0   0.0000E+00   0.0000E+00   0.0000E+00   0.0000E+00   0.0000E+00   0.0000E+00
    29     0   0.0000E+00   0.0000E+00   0.0000E+00   0.0000E+00   0.0000E+00   0.0000E+00
    30     0   0.0000E+00   0.0000E+00   0.0000E+00   0.0000E+00   0.0000E+00   0.0000E+00
    31     0   0.0000E+00   0.0000E+00   0.0000E+00   0.0000E+00   0.0000E+00   0.0000E+00
    32     0   0.0000E+00   0.0000E+00   0.0000E+00   0.0000E+00   0.0000E+00   0.0000E+00
    33     0   0.0000E+00   0.0000E+00   0.0000E+00   0.0000E+00   0.0000E+00   0.0000E+00
    34     0   0.0000E+00   0.0000E+00   0.0000E+00   0.0000E+00   0.0000E+00   0.0000E+00
    35     0   0.0000E+00   0.0000E+00   0.0000E+00   0.0000E+00   0.0000E+00   0.0000E+00
    36     0   0.0000E+00   0.0000E+00   0.0000E+00   0.0000E+00   0.0000E+00   0.0000E+00
    37     0   0.0000E+00   0.0000E+00   0.0000E+00   0.0000E+00   0.0000E+00   0.0000E+00
    38     0   0.0000E+00   0.0000E+00   0.0000E+00   0.0000E+00   0.0000E+00   0.0000E+00
    39     0   0.0000E+00   0.0000E+00   0.0000E+00   0.0000E+00   0.0000E+00   0.0000E+00
    40     0   0.0000E+00   0.0000E+00   0.0000E+00   0.0000E+00   0.0000E+00   0.0000E+00
    41     0   0.0000E+00   0.0000E+00   0.0000E+00   0.0000E+00   0.0000E+00   0.0000E+00
    42     0   0.0000E+00   0.0000E+00   0.0000E+00   0.0000E+00   0.0000E+00   0.0000E+00
    43     0   0.0000E+00   0.0000E+00   0.0000E+00   0.0000E+00   0.0000E+00   0.0000E+00
    44     0   0.0000E+00   0.0000E+00   0.0000E+00   0.0000E+00   0.0000E+00   0.0000E+00
    45     0   0.0000E+00   0.0000E+00   0.0000E+00   0.0000E+00   0.0000E+00   0.0000E+00
    46     0   0.0000E+00   0.0000E+00   0.0000E+00   0.0000E+00   0.0000E+00   0.0000E+00
    47     0   0.0000E+00   0.0000E+00   0.0000E+00   0.0000E+00   0.0000E+00   0.0000E+00
    48     0   0.0000E+00   0.0000E+00   0.0000E+00   0.0000E+00   0.0000E+00   0.0000E+00
    49     0   0.0000E+00   0.0000E+00   0.0000E+00   0.0000E+00   0.0000E+00   0.0000E+00
    50     0   0.0000E+00   0.0000E+00   0.0000E+00   0.0000E+00   0.0000E+00   0.0000E+00
    51     0   0.0000E+00   0.0000E+00   0.0000E+00   0.0000E+00   0.0000E+00   0.0000E+00
    52     0   0.0000E+00   0.0000E+00   0.0000E+00   0.0000E+00   0.0000E+00   0.0000E+00
    53     0   0.0000E+00   0.0000E+00   0.0000E+00   0.0000E+00   0.0000E+00   0.0000E+00
    54     0   0.0000E+00   0.0000E+00   0.0000E+00   0.0000E+00   0.0000E+00   0.0000E+00
    55     0   0.0000E+00   0.0000E+00   0.0000E+00   0.0000E+00   0.0000E+00   0.0000E+00
    56     0   0.0000E+00   0.0000E+00   0.0000E+00   0.0000E+00   0.0000E+00   0.0000E+00
    57     0   0.0000E+00   0.0000E+00   0.0000E+00   0.0000E+00   0.0000E+00   0.0000E+00
    58     0   0.0000E+00   0.0000E+00   0.0000E+00   0.0000E+00   0.0000E+00   0.0000E+00
    59     0   0.0000E+00   0.0000E+00   0.0000E+00   0.0000E+00   0.0000E+00   0.0000E+00
    60     0   0.0000E+00   0.0000E+00   0.0000E+00   0.0000E+00   0.0000E+00   0.0000E+00
    61     0   0.0000E+00   0.0000E+00   0.0000E+00   0.0000E+00   0.0000E+00   0.0000E+00
    62     0   0.0000E+00   0.0000E+00   0.0000E+00   0.0000E+00   0.0000E+00   0.0000E+00
    63     0   0.0000E+00   0.0000E+00   0.0000E+00   0.0000E+00   0.0000E+00   0.0000E+00
    64     0   0.0000E+00   0.0000E+00   0.0000E+00   0.0000E+00   0.0000E+00   0.0000E+00
    65     0   0.0000E+00   0.0000E+00   0.0000E+00   0.0000E+00   0.0000E+00   0.0000E+00
    66     0   0.0000E+00   0.0000E+00   0.0000E+00   0.0000E+00   0.0000E+00   0.0000E+00
    67     0   0.0000E+00   0.0000E+00   0.0000E+00   0.0000E+00   0.0000E+00   0.0000E+00
    68     0   0.0000E+00   0.0000E+00   0.0000E+00   0.0000E+00   0.0000E+00   0.0000E+00
    69     0   0.0000E+00   0.0000E+00   0.0000E+00   0.0000E+00   0.0000E+00   0.0000E+00
    70     0   0.0000E+00   0.0000E+00   0.0000E+00   0.0000E+00   0.0000E+00   0.0000E+00
    71     0   0.0000E+00   0.0000E+00   0.0000E+00   0.0000E+00   0.0000E+00   0.0000E+00
    72     0   0.0000E+00   0.0000E+00   0.0000E+00   0.0000E+00   0.0000E+00   0.0000E+00
    73     0   0.0000E+00   0.0000E+00   0.0000E+00   0.0000E+00   0.0000E+00   0.0000E+00
    74     0   0.0000E+00   0.0000E+00   0.0000E+00   0.0000E+00   0.0000E+00   0.0000E+00
    75     0   0.0000E+00   0.0000E+00   0.0000E+00   0.0000E+00   0.0000E+00   0.0000E+00
    76     0   0.0000E+00   0.0000E+00   0.0000E+00   0.0000E+00   0.0000E+00   0.0000E+00
    77     0   0.0000E+00   0.0000E+00   0.0000E+00   0.0000E+00   0.0000E+00   0.0000E+00
    78     0   0.0000E+00   0.0000E+00   0.0000E+00   0.0000E+00   0.0000E+00   0.0000E+00
    79     0   0.0000E+00   0.0000E+00   0.0000E+00   0.0000E+00   0.0000E+00   0.0000E+00
    80     0   0.0000E+00   0.0000E+00   0.0000E+00   0.0000E+00   0.0000E+00   0.0000E+00
    81     0   0.0000E+00   0.0000E+00   0.0000E+00   0.0000E+00   0.0000E+00   0.0000E+00
    82     0   0.0000E+00   0.0000E+00   0.0000E+00   0.0000E+00   0.0000E+00   0.0000E+00
    83     0   0.0000E+00   0.0000E+00   0.0000E+00   0.0000E+00   0.0000E+00   0.0000E+00
    84     0   0.0000E+00   0.0000E+00   0.0000E+00   0.0000E+00   0.0000E+00   0.0000E+00
    85     0   0.0000E+00   0.0000E+00   0.0000E+00   0.0000E+00   0.0000E+00   0.0000E+00
    86     0   0.0000E+00   0.0000E+00   0.0000E+00   0.0000E+00   0.0000E+00   0.0000E+00
    87     0   0.0000E+00   0.0000E+00   0.0000E+00   0.0000E+00   0.0000E+00   0.0000E+00
    88     0   0.0000E+00   0.0000E+00   0.0000E+00   0.0000E+00   0.0000E+00   0.0000E+00
    89     0   0.0000E+00   0.0000E+00   0.0000E+00   0.0000E+00   0.0000E+00   0.0000E+00
    90     0   0.0000E+00   0.0000E+00   0.0000E+00   0.0000E+00   0.0000E+00   0.0000E+00
    91     0   0.0000E+00   0.0000E+00   0.0000E+00   0.0000E+00   0.0000E+00   0.0000E+00
    92     0   0.0000E+00   0.0000E+00   0.0000E+00   0.0000E+00   0.0000E+00   0.0000E+00
    93     0   0.0000E+00   0.0000E+00   0.0000E+00   0.0000E+00   0.0000E+00   0.0000E+00
    94     0   0.0000E+00   0.0000E+00   0.0000E+00   0.0000E+00   0.0000E+00   0.0000E+00
    95     0   0.0000E+00   0.0000E+00   0.0000E+00   0.0000E+00   0.0000E+00   0.0000E+00
    96     0   0.0000E+00   0.0000E+00   0.0000E+00   0.0000E+00   0.0000E+00   0.0000E+00
    97     0   0.0000E+00   0.0000E+00   0.0000E+00   0.0000E+00   0.0000E+00   0.0000E+00
    98     0   0.0000E+00   0.0000E+00   0.0000E+00   0.0000E+00   0.0000E+00   0.0000E+00
    99     0   0.0000E+00   0.0000E+00   0.0000E+00   0.0000E+00   0.0000E+00   0.0000E+00
   100     0   0.0000E+00   0.0000E+00   0.0000E+00   0.0000E+00   0.0000E+00   0.0000E+00
   101     0   0.0000E+00   0.0000E+00   0.0000E+00   0.0000E+00   0.0000E+00   0.0000E+00
   102     0   0.0000E+00   0.0000E+00   0.0000E+00   0.0000E+00   0.0000E+00   0.0000E+00
   103     0   0.0000E+00   0.0000E+00   0.0000E+00   0.0000E+00   0.0000E+00   0.0000E+00
   104     0   0.0000E+00   0.0000E+00   0.0000E+00   0.0000E+00   0.0000E+00   0.0000E+00
   105     0   0.0000E+00   0.0000E+00   0.0000E+00   0.0000E+00   0.0000E+00   0.0000E+00
   106     0   0.0000E+00   0.0000E+00   0.0000E+00   0.0000E+00   0.0000E+00   0.0000E+00
   107     0   0.0000E+00   0.0000E+00   0.0000E+00   0.0000E+00   0.0000E+00   0.0000E+00
   108     0   0.0000E+00   0.0000E+00   0.0000E+00   0.0000E+00   0.0000E+00   0.0000E+00
   109     0   0.0000E+00   0.0000E+00   0.0000E+00   0.0000E+00   0.0000E+00   0.0000E+00
   110     0   0.0000E+00   0.0000E+00   0.0000E+00   0.0000E+00   0.0000E+00   0.0000E+00
   111     0   0.0000E+00   0.0000E+00   0.0000E+00   0.0000E+00   0.0000E+00   0.0000E+00
