     0     0   1.4960E+16   1.3138E-02   2.6178E-03   1.3149E-02   0.0000E+00   0.0000E+00
     1     0   1.4355E+16   1.2579E-02   2.5637E-03   1.2618E-02   0.0000E+00   0.0000E+00
     2     0   1.3340E+16   1.2731E-02   2.5271E-03   1.2724E-02   0.0000E+00   0.0000E+00
     3     0   1.2446E+16   1.2771E-02   2.4996E-03   1.2792E-02   0.0000E+00   0.0000E+00
     4     0   1.1542E+16   1.2805E-02   2.4738E-03   1.2767E-02   0.0000E+00   0.0000E+00
     5     0   1.0745E+16   1.2869E-02   2.4497E-03   1.2874E-02   0.0000E+00   0.0000E+00
     6     0   9.9723E+15   1.2842E-02   2.4207E-03   1.2876E-02   0.0000E+00   0.0000E+00
     7     0   9.3613E+15   1.2910E-02   2.3997E-03   1.2963E-02   0.0000E+00   0.0000E+00
     8     0   8.7952E+15   1.3023E-02   2.3663E-03   1.3037E-02   0.0000E+00   0.0000E+00
     9     0   8.2650E+15   1.3115E-02   2.3322E-03   1.3079E-02   0.0000E+00   0.0000E+00
    10     0   7.7443E+15   1.2947E-02   2.3025E-03   1.2921E-02   0.0000E+00   0.0000E+00
    11     0   7.3351E+15   1.2984E-02   2.2900E-03   1.2963E-02   0.0000E+00   0.0000E+00
    12     0   6.9514E+15   1.2939E-02   2.2728E-03   1.2952E-02   0.0000E+00   0.0000E+00
    13     0   6.5888E+15   1.2960E-02   2.2405E-03   1.2954E-02   0.0000E+00   0.0000E+00
    14     0   6.1920E+15   1.3126E-02   2.1953E-03   1.3218E-02   0.0000E+00   0.0000E+00
    15     0   5.9477E+15   1.3164E-02   2.1854E-03   1.3153E-02   0.0000E+00   0.0000E+00
    16     0   5.6839E+15   1.3031E-02   2.1683E-03   1.3075E-02   0.0000E+00   0.0000E+00
    17     0   5.3839E+15   1.3121E-02   2.1230E-03   1.3090E-02   0.0000E+00   0.0000E+00
    18     0   5.1685E+15   1.3095E-02   2.1125E-03   1.3160E-02   0.0000E+00   0.0000E+00
    19     0   4.9436E+15   1.3070E-02   2.0802E-03   1.3117E-02   0.0000E+00   0.0000E+00
    20     0   4.7248E+15   1.3151E-02   2.0523E-03   1.3120E-02   0.0000E+00   0.0000E+00
    21     0   4.4924E+15   1.3220E-02   2.0146E-03   1.3205E-02   0.0000E+00   0.0000E+00
    22     0   4.3060E+15   1.3376E-02   2.0013E-03   1.3329E-02   0.0000E+00   0.0000E+00
    23     0   4.1124E+15   1.3403E-02   1.9718E-03   1.3319E-02   0.0000E+00   0.0000E+00
    24     0   3.9213E+15   1.3408E-02   1.9333E-03   1.3321E-02   0.0000E+00   0.0000E+00
    25     0   3.7517E+15   1.3434E-02   1.9063E-03   1.3329E-02   0.0000E+00   0.0000E+00
    26     0   3.6134E+15   1.3388E-02   1.8794E-03   1.3280E-02   0.0000E+00   0.0000E+00
    27     0   3.4652E+15   1.3354E-02   1.8551E-03   1.3389E-02   0.0000E+00   0.0000E+00
    28     0   3.3583E+15   1.3496E-02   1.8432E-03   1.3462E-02   0.0000E+00   0.0000E+00
    29     0   3.1883E+15   1.3456E-02   1.7904E-03   1.3442E-02   0.0000E+00   0.0000E+00
    30     0   3.0963E+15   1.3573E-02   1.7720E-03   1.3511E-02   0.0000E+00   0.0000E+00
    31     0   2.9913E+15   1.3657E-02   1.7595E-03   1.3632E-02   0.0000E+00   0.0000E+00
    32     0   2.8956E+15   1.3625E-02   1.7351E-03   1.3564E-02   0.0000E+00   0.0000E+00
    33     0   2.7977E+15   1.3757E-02   1.7080E-03   1.3696E-02   0.0000E+00   0.0000E+00
    34     0   2.7133E+15   1.3629E-02   1.6922E-03   1.3618E-02   0.0000E+00   0.0000E+00
    35     0   2.6089E+15   1.3615E-02   1.6543E-03   1.3502E-02   0.0000E+00   0.0000E+00
    36     0   2.5249E+15   1.3781E-02   1.6383E-03   1.3682E-02   0.0000E+00   0.0000E+00
    37     0   2.4232E+15   1.3720E-02   1.6112E-03   1.3772E-02   0.0000E+00   0.0000E+00
    38     0   2.3663E+15   1.3949E-02   1.5986E-03   1.3999E-02   0.0000E+00   0.0000E+00
    39     0   2.2808E+15   1.3850E-02   1.5714E-03   1.3767E-02   0.0000E+00   0.0000E+00
    40     0   2.1978E+15   1.3991E-02   1.5489E-03   1.3892E-02   0.0000E+00   0.0000E+00
    41     0   2.1358E+15   1.4139E-02   1.5303E-03   1.3866E-02   0.0000E+00   0.0000E+00
    42     0   2.0570E+15   1.4035E-02   1.5215E-03   1.4139E-02   0.0000E+00   0.0000E+00
    43     0   1.9874E+15   1.4169E-02   1.4996E-03   1.4135E-02   0.0000E+00   0.0000E+00
    44     0   1.9329E+15   1.4329E-02   1.4820E-03   1.4343E-02   0.0000E+00   0.0000E+00
    45     0   1.8671E+15   1.4412E-02   1.4498E-03   1.4335E-02   0.0000E+00   0.0000E+00
    46     0   1.7891E+15   1.4239E-02   1.4143E-03   1.4232E-02   0.0000E+00   0.0000E+00
    47     0   1.7203E+15   1.4222E-02   1.3926E-03   1.4267E-02   0.0000E+00   0.0000E+00
    48     0   1.6591E+15   1.4304E-02   1.3605E-03   1.4294E-02   0.0000E+00   0.0000E+00
    49     0   1.6024E+15   1.4342E-02   1.3415E-03   1.4357E-02   0.0000E+00   0.0000E+00
    50     0   1.5499E+15   1.4383E-02   1.3184E-03   1.4593E-02   0.0000E+00   0.0000E+00
    51     0   1.5150E+15   1.4570E-02   1.3090E-03   1.4476E-02   0.0000E+00   0.0000E+00
    52     0   1.4690E+15   1.4531E-02   1.2860E-03   1.4515E-02   0.0000E+00   0.0000E+00
    53     0   1.4231E+15   1.4554E-02   1.2669E-03   1.4763E-02   0.0000E+00   0.0000E+00
    54     0   1.3616E+15   1.4768E-02   1.2267E-03   1.4757E-02   0.0000E+00   0.0000E+00
    55     0   1.3190E+15   1.4877E-02   1.1935E-03   1.4810E-02   0.0000E+00   0.0000E+00
    56     0   1.2886E+15   1.5018E-02   1.1772E-03   1.4923E-02   0.0000E+00   0.0000E+00
    57     0   1.2565E+15   1.5002E-02   1.1662E-03   1.5045E-02   0.0000E+00   0.0000E+00
    58     0   1.2142E+15   1.4846E-02   1.1415E-03   1.4822E-02   0.0000E+00   0.0000E+00
    59     0   1.1747E+15   1.4969E-02   1.1211E-03   1.5064E-02   0.0000E+00   0.0000E+00
    60     0   1.1242E+15   1.5029E-02   1.0862E-03   1.4916E-02   0.0000E+00   0.0000E+00
    61     0   1.0880E+15   1.5203E-02   1.0606E-03   1.4992E-02   0.0000E+00   0.0000E+00
    62     0   1.0569E+15   1.5491E-02   1.0441E-03   1.5407E-02   0.0000E+00   0.0000E+00
    63     0   1.0182E+15   1.5129E-02   1.0218E-03   1.5047E-02   0.0000E+00   0.0000E+00
    64     0   9.8297E+14   1.5465E-02   9.9833E-04   1.5121E-02   0.0000E+00   0.0000E+00
    65     0   9.5228E+14   1.5583E-02   9.8170E-04   1.5360E-02   0.0000E+00   0.0000E+00
    66     0   9.1039E+14   1.5138E-02   9.5562E-04   1.5076E-02   0.0000E+00   0.0000E+00
    67     0   9.0167E+14   1.5377E-02   9.5399E-04   1.5581E-02   0.0000E+00   0.0000E+00
    68     0   8.7996E+14   1.5790E-02   9.3796E-04   1.5694E-02   0.0000E+00   0.0000E+00
    69     0   8.4663E+14   1.5595E-02   9.1509E-04   1.5741E-02   0.0000E+00   0.0000E+00
    70     0   8.1866E+14   1.5488E-02   8.9907E-04   1.5860E-02   0.0000E+00   0.0000E+00
    71     0   7.9132E+14   1.6205E-02   8.7323E-04   1.6337E-02   0.0000E+00   0.0000E+00
    72     0   7.5992E+14   1.6071E-02   8.4589E-04   1.5772E-02   0.0000E+00   0.0000E+00
    73     0   7.3880E+14   1.5641E-02   8.3404E-04   1.5545E-02   0.0000E+00   0.0000E+00
    74     0   7.1865E+14   1.6063E-02   8.2592E-04   1.6639E-02   0.0000E+00   0.0000E+00
    75     0   6.8904E+14   1.5613E-02   8.0012E-04   1.6390E-02   0.0000E+00   0.0000E+00
    76     0   6.7480E+14   1.5652E-02   7.8147E-04   1.6162E-02   0.0000E+00   0.0000E+00
    77     0   6.4980E+14   1.6144E-02   7.5916E-04   1.5845E-02   0.0000E+00   0.0000E+00
    78     0   6.2619E+14   1.6164E-02   7.3892E-04   1.6182E-02   0.0000E+00   0.0000E+00
    79     0   6.0479E+14   1.6309E-02   7.2904E-04   1.6910E-02   0.0000E+00   0.0000E+00
    80     0   5.8189E+14   1.6023E-02   7.0076E-04   1.7298E-02   0.0000E+00   0.0000E+00
    81     0   5.5446E+14   1.6775E-02   6.7577E-04   1.7169E-02   0.0000E+00   0.0000E+00
    82     0   5.3220E+14   1.6707E-02   6.4668E-04   1.7271E-02   0.0000E+00   0.0000E+00
    83     0   5.1239E+14   1.6974E-02   6.2733E-04   1.7228E-02   0.0000E+00   0.0000E+00
    84     0   4.9595E+14   1.6963E-02   6.1788E-04   1.7894E-02   0.0000E+00   0.0000E+00
    85     0   4.8281E+14   1.7865E-02   6.0620E-04   1.8042E-02   0.0000E+00   0.0000E+00
    86     0   4.5293E+14   1.6336E-02   5.7580E-04   1.6764E-02   0.0000E+00   0.0000E+00
    87     0   4.3692E+14   1.7759E-02   5.5527E-04   1.7143E-02   0.0000E+00   0.0000E+00
    88     0   4.1778E+14   1.7434E-02   5.3854E-04   1.7431E-02   0.0000E+00   0.0000E+00
    89     0   4.0046E+14   1.8113E-02   5.2199E-04   1.8152E-02   0.0000E+00   0.0000E+00
    90     0   3.7463E+14   1.7156E-02   4.9128E-04   1.8409E-02   0.0000E+00   0.0000E+00
    91     0   3.6299E+14   1.8099E-02   4.7839E-04   1.9741E-02   0.0000E+00   0.0000E+00
    92     0   3.4505E+14   1.7684E-02   4.5428E-04   1.7580E-02   0.0000E+00   0.0000E+00
    93     0   3.2971E+14   1.8020E-02   4.3888E-04   1.8666E-02   0.0000E+00   0.0000E+00
    94     0   3.0763E+14   1.7391E-02   4.1362E-04   1.8698E-02   0.0000E+00   0.0000E+00
    95     0   2.8673E+14   1.6925E-02   3.8965E-04   1.7149E-02   0.0000E+00   0.0000E+00
    96     0   2.7362E+14   1.7214E-02   3.7134E-04   1.7522E-02   0.0000E+00   0.0000E+00
    97     0   2.5563E+14   1.6166E-02   3.4906E-04   1.7055E-02   0.0000E+00   0.0000E+00
    98     0   2.4118E+14   1.7058E-02   3.2749E-04   1.6171E-02   0.0000E+00   0.0000E+00
    99     0   2.2594E+14   1.7267E-02   3.0872E-04   1.7019E-02   0.0000E+00   0.0000E+00
   100     0   2.0618E+14   1.9609E-02   2.8227E-04   1.6016E-02   0.0000E+00   0.0000E+00
   101     0   1.8842E+14   1.3704E-02   2.6580E-04   1.5038E-02   0.0000E+00   0.0000E+00
