     0     0   1.4641E+16   2.6604E-02   2.5603E-03   2.6971E-02   0.0000E+00   0.0000E+00
     1     0   1.4097E+16   2.5833E-02   2.5230E-03   2.6260E-02   0.0000E+00   0.0000E+00
     2     0   1.3151E+16   2.6083E-02   2.5049E-03   2.6248E-02   0.0000E+00   0.0000E+00
     3     0   1.2216E+16   2.6202E-02   2.4611E-03   2.6362E-02   0.0000E+00   0.0000E+00
     4     0   1.1282E+16   2.6059E-02   2.4466E-03   2.6259E-02   0.0000E+00   0.0000E+00
     5     0   1.0660E+16   2.5948E-02   2.4328E-03   2.6088E-02   0.0000E+00   0.0000E+00
     6     0   9.8910E+15   2.5792E-02   2.3890E-03   2.5875E-02   0.0000E+00   0.0000E+00
     7     0   9.2962E+15   2.6280E-02   2.3843E-03   2.6236E-02   0.0000E+00   0.0000E+00
     8     0   8.7307E+15   2.7147E-02   2.3712E-03   2.7108E-02   0.0000E+00   0.0000E+00
     9     0   8.2087E+15   2.7047E-02   2.3190E-03   2.7350E-02   0.0000E+00   0.0000E+00
    10     0   7.6176E+15   2.6795E-02   2.2624E-03   2.7045E-02   0.0000E+00   0.0000E+00
    11     0   7.1480E+15   2.7175E-02   2.2343E-03   2.7087E-02   0.0000E+00   0.0000E+00
    12     0   6.8305E+15   2.6831E-02   2.2287E-03   2.6834E-02   0.0000E+00   0.0000E+00
    13     0   6.4593E+15   2.6872E-02   2.1805E-03   2.6671E-02   0.0000E+00   0.0000E+00
    14     0   6.2044E+15   2.6744E-02   2.1610E-03   2.6638E-02   0.0000E+00   0.0000E+00
    15     0   5.7862E+15   2.6804E-02   2.0921E-03   2.6568E-02   0.0000E+00   0.0000E+00
    16     0   5.5006E+15   2.6421E-02   2.1091E-03   2.6441E-02   0.0000E+00   0.0000E+00
    17     0   5.2851E+15   2.6681E-02   2.0803E-03   2.6440E-02   0.0000E+00   0.0000E+00
    18     0   5.0514E+15   2.6702E-02   2.0507E-03   2.6666E-02   0.0000E+00   0.0000E+00
    19     0   4.7907E+15   2.6817E-02   2.0227E-03   2.6886E-02   0.0000E+00   0.0000E+00
    20     0   4.6125E+15   2.6410E-02   1.9926E-03   2.6298E-02   0.0000E+00   0.0000E+00
    21     0   4.4322E+15   2.6599E-02   1.9875E-03   2.6499E-02   0.0000E+00   0.0000E+00
    22     0   4.2787E+15   2.6466E-02   1.9641E-03   2.6242E-02   0.0000E+00   0.0000E+00
    23     0   4.0968E+15   2.6591E-02   1.9455E-03   2.6787E-02   0.0000E+00   0.0000E+00
    24     0   4.0158E+15   2.6952E-02   1.9625E-03   2.6998E-02   0.0000E+00   0.0000E+00
    25     0   3.8779E+15   2.7130E-02   1.9457E-03   2.6764E-02   0.0000E+00   0.0000E+00
    26     0   3.7177E+15   2.6322E-02   1.9122E-03   2.6059E-02   0.0000E+00   0.0000E+00
    27     0   3.5563E+15   2.6630E-02   1.8845E-03   2.6285E-02   0.0000E+00   0.0000E+00
    28     0   3.4172E+15   2.7006E-02   1.8564E-03   2.6754E-02   0.0000E+00   0.0000E+00
    29     0   3.2792E+15   2.6687E-02   1.8421E-03   2.6924E-02   0.0000E+00   0.0000E+00
    30     0   3.1907E+15   2.7329E-02   1.8379E-03   2.7288E-02   0.0000E+00   0.0000E+00
    31     0   3.0578E+15   2.7434E-02   1.7984E-03   2.7120E-02   0.0000E+00   0.0000E+00
    32     0   2.8717E+15   2.7314E-02   1.7246E-03   2.7073E-02   0.0000E+00   0.0000E+00
    33     0   2.7848E+15   2.7494E-02   1.7227E-03   2.7208E-02   0.0000E+00   0.0000E+00
    34     0   2.7500E+15   2.8119E-02   1.7326E-03   2.7597E-02   0.0000E+00   0.0000E+00
    35     0   2.6047E+15   2.8147E-02   1.6719E-03   2.8162E-02   0.0000E+00   0.0000E+00
    36     0   2.5431E+15   2.8106E-02   1.6790E-03   2.8600E-02   0.0000E+00   0.0000E+00
    37     0   2.4631E+15   2.8018E-02   1.6311E-03   2.7938E-02   0.0000E+00   0.0000E+00
    38     0   2.3513E+15   2.7726E-02   1.6161E-03   2.7930E-02   0.0000E+00   0.0000E+00
    39     0   2.2655E+15   2.7423E-02   1.5900E-03   2.7676E-02   0.0000E+00   0.0000E+00
    40     0   2.1765E+15   2.7638E-02   1.5259E-03   2.7156E-02   0.0000E+00   0.0000E+00
    41     0   2.0601E+15   2.7907E-02   1.4841E-03   2.7513E-02   0.0000E+00   0.0000E+00
    42     0   2.0149E+15   2.8520E-02   1.4913E-03   2.9144E-02   0.0000E+00   0.0000E+00
    43     0   1.9212E+15   2.8089E-02   1.4294E-03   2.8665E-02   0.0000E+00   0.0000E+00
    44     0   1.9114E+15   2.8332E-02   1.4209E-03   2.8259E-02   0.0000E+00   0.0000E+00
    45     0   1.8464E+15   2.8374E-02   1.3944E-03   2.8120E-02   0.0000E+00   0.0000E+00
    46     0   1.7573E+15   2.8813E-02   1.3763E-03   2.9527E-02   0.0000E+00   0.0000E+00
    47     0   1.6811E+15   2.8621E-02   1.3373E-03   2.8644E-02   0.0000E+00   0.0000E+00
    48     0   1.6580E+15   2.8982E-02   1.3441E-03   2.8380E-02   0.0000E+00   0.0000E+00
    49     0   1.6234E+15   2.8825E-02   1.3487E-03   2.9715E-02   0.0000E+00   0.0000E+00
    50     0   1.5597E+15   2.9017E-02   1.2986E-03   2.8781E-02   0.0000E+00   0.0000E+00
    51     0   1.5033E+15   2.9025E-02   1.2780E-03   2.8543E-02   0.0000E+00   0.0000E+00
    52     0   1.4858E+15   2.9383E-02   1.2652E-03   2.8633E-02   0.0000E+00   0.0000E+00
    53     0   1.4106E+15   2.9014E-02   1.2440E-03   2.9009E-02   0.0000E+00   0.0000E+00
    54     0   1.3904E+15   3.0274E-02   1.2289E-03   3.1789E-02   0.0000E+00   0.0000E+00
    55     0   1.3373E+15   2.9125E-02   1.2013E-03   2.9596E-02   0.0000E+00   0.0000E+00
    56     0   1.2769E+15   2.9108E-02   1.1874E-03   2.9413E-02   0.0000E+00   0.0000E+00
    57     0   1.2148E+15   2.9429E-02   1.1614E-03   2.9498E-02   0.0000E+00   0.0000E+00
    58     0   1.1885E+15   3.0094E-02   1.1250E-03   2.9582E-02   0.0000E+00   0.0000E+00
    59     0   1.1720E+15   3.0279E-02   1.1192E-03   3.0252E-02   0.0000E+00   0.0000E+00
    60     0   1.1239E+15   3.0416E-02   1.1080E-03   3.0704E-02   0.0000E+00   0.0000E+00
    61     0   1.0969E+15   3.0057E-02   1.0966E-03   3.1352E-02   0.0000E+00   0.0000E+00
    62     0   1.0754E+15   3.0527E-02   1.0673E-03   3.0462E-02   0.0000E+00   0.0000E+00
    63     0   1.0740E+15   3.2577E-02   1.0921E-03   3.4416E-02   0.0000E+00   0.0000E+00
    64     0   9.9856E+14   3.1533E-02   1.0160E-03   3.0841E-02   0.0000E+00   0.0000E+00
    65     0   9.4922E+14   3.2237E-02   9.9146E-04   3.2114E-02   0.0000E+00   0.0000E+00
    66     0   9.0772E+14   3.2771E-02   9.6235E-04   3.3537E-02   0.0000E+00   0.0000E+00
    67     0   8.8693E+14   3.1464E-02   9.3508E-04   3.1922E-02   0.0000E+00   0.0000E+00
    68     0   8.7076E+14   3.2234E-02   9.2548E-04   3.2226E-02   0.0000E+00   0.0000E+00
    69     0   8.3417E+14   3.1943E-02   9.2565E-04   3.3850E-02   0.0000E+00   0.0000E+00
    70     0   8.0599E+14   3.1249E-02   9.1243E-04   3.3972E-02   0.0000E+00   0.0000E+00
    71     0   7.8603E+14   3.2306E-02   8.7160E-04   3.2750E-02   0.0000E+00   0.0000E+00
    72     0   7.6419E+14   3.3366E-02   8.4397E-04   3.3839E-02   0.0000E+00   0.0000E+00
    73     0   7.5046E+14   3.2990E-02   8.3115E-04   3.1955E-02   0.0000E+00   0.0000E+00
    74     0   7.3415E+14   3.3544E-02   8.0554E-04   3.0892E-02   0.0000E+00   0.0000E+00
    75     0   6.8781E+14   3.2952E-02   7.8691E-04   3.1788E-02   0.0000E+00   0.0000E+00
    76     0   6.6485E+14   3.4079E-02   7.6282E-04   3.3960E-02   0.0000E+00   0.0000E+00
    77     0   6.5077E+14   3.3716E-02   7.5194E-04   3.3528E-02   0.0000E+00   0.0000E+00
    78     0   6.2035E+14   3.3601E-02   7.3851E-04   3.4277E-02   0.0000E+00   0.0000E+00
    79     0   5.9621E+14   3.4147E-02   7.1776E-04   3.6171E-02   0.0000E+00   0.0000E+00
    80     0   5.8394E+14   3.5120E-02   6.9101E-04   3.0965E-02   0.0000E+00   0.0000E+00
    81     0   5.5520E+14   3.2605E-02   6.7059E-04   3.2096E-02   0.0000E+00   0.0000E+00
    82     0   5.3389E+14   3.2019E-02   6.5086E-04   3.1339E-02   0.0000E+00   0.0000E+00
    83     0   5.2046E+14   3.2983E-02   6.4377E-04   3.2002E-02   0.0000E+00   0.0000E+00
    84     0   5.1447E+14   3.4476E-02   6.3282E-04   3.3525E-02   0.0000E+00   0.0000E+00
    85     0   4.8257E+14   3.3219E-02   6.0676E-04   3.2770E-02   0.0000E+00   0.0000E+00
    86     0   4.6649E+14   3.5992E-02   5.9107E-04   3.3319E-02   0.0000E+00   0.0000E+00
    87     0   4.3876E+14   3.6814E-02   5.6336E-04   3.4204E-02   0.0000E+00   0.0000E+00
    88     0   4.1477E+14   3.7215E-02   5.3093E-04   3.3354E-02   0.0000E+00   0.0000E+00
    89     0   3.9823E+14   3.7057E-02   5.1903E-04   4.0732E-02   0.0000E+00   0.0000E+00
    90     0   3.8120E+14   3.7604E-02   5.0294E-04   3.6395E-02   0.0000E+00   0.0000E+00
    91     0   3.5249E+14   3.6039E-02   4.8230E-04   4.0127E-02   0.0000E+00   0.0000E+00
    92     0   3.3269E+14   3.4942E-02   4.6858E-04   4.2909E-02   0.0000E+00   0.0000E+00
    93     0   3.2747E+14   3.6877E-02   4.4317E-04   3.4971E-02   0.0000E+00   0.0000E+00
    94     0   3.0046E+14   3.3489E-02   4.1524E-04   3.4624E-02   0.0000E+00   0.0000E+00
    95     0   2.7390E+14   3.0772E-02   3.9048E-04   3.5958E-02   0.0000E+00   0.0000E+00
    96     0   2.6251E+14   3.4144E-02   3.7592E-04   3.5323E-02   0.0000E+00   0.0000E+00
    97     0   2.5413E+14   3.7856E-02   3.6558E-04   4.5157E-02   0.0000E+00   0.0000E+00
    98     0   2.2896E+14   3.5201E-02   3.3751E-04   4.4544E-02   0.0000E+00   0.0000E+00
    99     0   2.1199E+14   2.9426E-02   3.0892E-04   3.2034E-02   0.0000E+00   0.0000E+00
   100     0   1.9993E+14   3.5711E-02   2.8990E-04   4.0601E-02   0.0000E+00   0.0000E+00
   101     0   1.8665E+14   3.0438E-02   2.7521E-04   4.0618E-02   0.0000E+00   0.0000E+00
